Executing action: all (aliases: build)
Running cmake in directory C:\Users\nakau\Downloads\IOModule-v0-50\IOModule-v0-50\build
Executing "cmake -G Ninja -DPYTHON_DEPS_CHECKED=1 -DPYTHON=C:\Users\nakau\.espressif\python_env\idf5.3_py3.10_env\Scripts\python.exe -DESP_PLATFORM=1 -DCCACHE_ENABLE=1 C:\Users\nakau\Downloads\IOModule-v0-50\IOModule-v0-50"...
-- IDF_TARGET is not set, guessed 'esp32s3' from sdkconfig 'C:/Users/nakau/Downloads/IOModule-v0-50/IOModule-v0-50/sdkconfig'
-- Found Git: C:/Program Files/Git/bin/git.exe (found version "2.49.0.windows.1") 
-- ccache will be used for faster recompilation
-- The C compiler identification is GNU 13.2.0
-- The CXX compiler identification is GNU 13.2.0
-- The ASM compiler identification is GNU
-- Found assembler: C:/Users/nakau/.espressif/tools/xtensa-esp-elf/esp-13.2.0_20240530/xtensa-esp-elf/bin/xtensa-esp32s3-elf-gcc.exe
-- Detecting C compiler ABI info
-- Detecting C compiler ABI info - done
-- Check for working C compiler: C:/Users/nakau/.espressif/tools/xtensa-esp-elf/esp-13.2.0_20240530/xtensa-esp-elf/bin/xtensa-esp32s3-elf-gcc.exe - skipped
-- Detecting C compile features
-- Detecting C compile features - done
-- Detecting CXX compiler ABI info
-- Detecting CXX compiler ABI info - done
-- Check for working CXX compiler: C:/Users/nakau/.espressif/tools/xtensa-esp-elf/esp-13.2.0_20240530/xtensa-esp-elf/bin/xtensa-esp32s3-elf-g++.exe - skipped
-- Detecting CXX compile features
-- Detecting CXX compile features - done
-- Building ESP-IDF components for target esp32s3
NOTICE: Using component placed at C:\Users\nakau\esp\v5.3\esp-idf\examples\common_components\protocol_examples_common for dependency "protocol_examples_common", specified in C:\Users\nakau\Downloads\IOModule-v0-50\IOModule-v0-50\main\idf_component.yml
NOTICE: Processing 2 dependencies:
NOTICE: [1/2] protocol_examples_common (*) (C:\Users\nakau\esp\v5.3\esp-idf\examples\common_components\protocol_examples_common)
NOTICE: [2/2] idf (5.3.0)
-- Project sdkconfig file C:/Users/nakau/Downloads/IOModule-v0-50/IOModule-v0-50/sdkconfig
Loading defaults file C:/Users/nakau/Downloads/IOModule-v0-50/IOModule-v0-50/sdkconfig.defaults...
-- Compiler supported targets: xtensa-esp-elf
-- Found Python3: C:/Users/nakau/.espressif/python_env/idf5.3_py3.10_env/Scripts/python.exe (found version "3.10.0") found components: Interpreter 
-- Performing Test CMAKE_HAVE_LIBC_PTHREAD
-- Performing Test CMAKE_HAVE_LIBC_PTHREAD - Success
-- Found Threads: TRUE  
-- Performing Test C_COMPILER_SUPPORTS_WFORMAT_SIGNEDNESS
-- Performing Test C_COMPILER_SUPPORTS_WFORMAT_SIGNEDNESS - Success
-- App "mqtt_tcp_custom_outbox" version: 0.50.0
-- Adding linker script C:/Users/nakau/Downloads/IOModule-v0-50/IOModule-v0-50/build/esp-idf/esp_system/ld/memory.ld
-- Adding linker script C:/Users/nakau/Downloads/IOModule-v0-50/IOModule-v0-50/build/esp-idf/esp_system/ld/sections.ld.in
-- Adding linker script C:/Users/nakau/esp/v5.3/esp-idf/components/esp_rom/esp32s3/ld/esp32s3.rom.ld
-- Adding linker script C:/Users/nakau/esp/v5.3/esp-idf/components/esp_rom/esp32s3/ld/esp32s3.rom.api.ld
-- Adding linker script C:/Users/nakau/esp/v5.3/esp-idf/components/esp_rom/esp32s3/ld/esp32s3.rom.libgcc.ld
-- Adding linker script C:/Users/nakau/esp/v5.3/esp-idf/components/esp_rom/esp32s3/ld/esp32s3.rom.wdt.ld
-- Adding linker script C:/Users/nakau/esp/v5.3/esp-idf/components/esp_rom/esp32s3/ld/esp32s3.rom.version.ld
-- Adding linker script C:/Users/nakau/esp/v5.3/esp-idf/components/esp_rom/esp32s3/ld/esp32s3.rom.newlib.ld
-- Adding linker script C:/Users/nakau/esp/v5.3/esp-idf/components/soc/esp32s3/ld/esp32s3.peripherals.ld
-- Components: app_trace app_update bootloader bootloader_support bt cmock console cxx driver efuse esp-tls esp_adc esp_app_format esp_bootloader_format esp_coex esp_common esp_driver_ana_cmpr esp_driver_cam esp_driver_dac esp_driver_gpio esp_driver_gptimer esp_driver_i2c esp_driver_i2s esp_driver_isp esp_driver_jpeg esp_driver_ledc esp_driver_mcpwm esp_driver_parlio esp_driver_pcnt esp_driver_ppa esp_driver_rmt esp_driver_sdio esp_driver_sdm esp_driver_sdmmc esp_driver_sdspi esp_driver_spi esp_driver_tsens esp_driver_uart esp_driver_usb_serial_jtag esp_eth esp_event esp_gdbstub esp_hid esp_http_client esp_http_server esp_https_ota esp_https_server esp_hw_support esp_lcd esp_local_ctrl esp_mm esp_netif esp_netif_stack esp_partition esp_phy esp_pm esp_psram esp_ringbuf esp_rom esp_system esp_timer esp_vfs_console esp_wifi espcoredump esptool_py fatfs freertos hal heap http_parser idf_test ieee802154 json log lwip main mbedtls mqtt newlib nvs_flash nvs_sec_provider openthread partition_table perfmon protobuf-c protocol_examples_common protocomm pthread sdmmc soc spi_flash spiffs tcp_transport touch_element ulp unity usb vfs wear_levelling wifi_provisioning wpa_supplicant xtensa
-- Component paths: C:/Users/nakau/esp/v5.3/esp-idf/components/app_trace C:/Users/nakau/esp/v5.3/esp-idf/components/app_update C:/Users/nakau/esp/v5.3/esp-idf/components/bootloader C:/Users/nakau/esp/v5.3/esp-idf/components/bootloader_support C:/Users/nakau/esp/v5.3/esp-idf/components/bt C:/Users/nakau/esp/v5.3/esp-idf/components/cmock C:/Users/nakau/esp/v5.3/esp-idf/components/console C:/Users/nakau/esp/v5.3/esp-idf/components/cxx C:/Users/nakau/esp/v5.3/esp-idf/components/driver C:/Users/nakau/esp/v5.3/esp-idf/components/efuse C:/Users/nakau/esp/v5.3/esp-idf/components/esp-tls C:/Users/nakau/esp/v5.3/esp-idf/components/esp_adc C:/Users/nakau/esp/v5.3/esp-idf/components/esp_app_format C:/Users/nakau/esp/v5.3/esp-idf/components/esp_bootloader_format C:/Users/nakau/esp/v5.3/esp-idf/components/esp_coex C:/Users/nakau/esp/v5.3/esp-idf/components/esp_common C:/Users/nakau/esp/v5.3/esp-idf/components/esp_driver_ana_cmpr C:/Users/nakau/esp/v5.3/esp-idf/components/esp_driver_cam C:/Users/nakau/esp/v5.3/esp-idf/components/esp_driver_dac C:/Users/nakau/esp/v5.3/esp-idf/components/esp_driver_gpio C:/Users/nakau/esp/v5.3/esp-idf/components/esp_driver_gptimer C:/Users/nakau/esp/v5.3/esp-idf/components/esp_driver_i2c C:/Users/nakau/esp/v5.3/esp-idf/components/esp_driver_i2s C:/Users/nakau/esp/v5.3/esp-idf/components/esp_driver_isp C:/Users/nakau/esp/v5.3/esp-idf/components/esp_driver_jpeg C:/Users/nakau/esp/v5.3/esp-idf/components/esp_driver_ledc C:/Users/nakau/esp/v5.3/esp-idf/components/esp_driver_mcpwm C:/Users/nakau/esp/v5.3/esp-idf/components/esp_driver_parlio C:/Users/nakau/esp/v5.3/esp-idf/components/esp_driver_pcnt C:/Users/nakau/esp/v5.3/esp-idf/components/esp_driver_ppa C:/Users/nakau/esp/v5.3/esp-idf/components/esp_driver_rmt C:/Users/nakau/esp/v5.3/esp-idf/components/esp_driver_sdio C:/Users/nakau/esp/v5.3/esp-idf/components/esp_driver_sdm C:/Users/nakau/esp/v5.3/esp-idf/components/esp_driver_sdmmc C:/Users/nakau/esp/v5.3/esp-idf/components/esp_driver_sdspi C:/Users/nakau/esp/v5.3/esp-idf/components/esp_driver_spi C:/Users/nakau/esp/v5.3/esp-idf/components/esp_driver_tsens C:/Users/nakau/esp/v5.3/esp-idf/components/esp_driver_uart C:/Users/nakau/esp/v5.3/esp-idf/components/esp_driver_usb_serial_jtag C:/Users/nakau/esp/v5.3/esp-idf/components/esp_eth C:/Users/nakau/esp/v5.3/esp-idf/components/esp_event C:/Users/nakau/esp/v5.3/esp-idf/components/esp_gdbstub C:/Users/nakau/esp/v5.3/esp-idf/components/esp_hid C:/Users/nakau/esp/v5.3/esp-idf/components/esp_http_client C:/Users/nakau/esp/v5.3/esp-idf/components/esp_http_server C:/Users/nakau/esp/v5.3/esp-idf/components/esp_https_ota C:/Users/nakau/esp/v5.3/esp-idf/components/esp_https_server C:/Users/nakau/esp/v5.3/esp-idf/components/esp_hw_support C:/Users/nakau/esp/v5.3/esp-idf/components/esp_lcd C:/Users/nakau/esp/v5.3/esp-idf/components/esp_local_ctrl C:/Users/nakau/esp/v5.3/esp-idf/components/esp_mm C:/Users/nakau/esp/v5.3/esp-idf/components/esp_netif C:/Users/nakau/esp/v5.3/esp-idf/components/esp_netif_stack C:/Users/nakau/esp/v5.3/esp-idf/components/esp_partition C:/Users/nakau/esp/v5.3/esp-idf/components/esp_phy C:/Users/nakau/esp/v5.3/esp-idf/components/esp_pm C:/Users/nakau/esp/v5.3/esp-idf/components/esp_psram C:/Users/nakau/esp/v5.3/esp-idf/components/esp_ringbuf C:/Users/nakau/esp/v5.3/esp-idf/components/esp_rom C:/Users/nakau/esp/v5.3/esp-idf/components/esp_system C:/Users/nakau/esp/v5.3/esp-idf/components/esp_timer C:/Users/nakau/esp/v5.3/esp-idf/components/esp_vfs_console C:/Users/nakau/esp/v5.3/esp-idf/components/esp_wifi C:/Users/nakau/esp/v5.3/esp-idf/components/espcoredump C:/Users/nakau/esp/v5.3/esp-idf/components/esptool_py C:/Users/nakau/esp/v5.3/esp-idf/components/fatfs C:/Users/nakau/esp/v5.3/esp-idf/components/freertos C:/Users/nakau/esp/v5.3/esp-idf/components/hal C:/Users/nakau/esp/v5.3/esp-idf/components/heap C:/Users/nakau/esp/v5.3/esp-idf/components/http_parser C:/Users/nakau/esp/v5.3/esp-idf/components/idf_test C:/Users/nakau/esp/v5.3/esp-idf/components/ieee802154 C:/Users/nakau/esp/v5.3/esp-idf/components/json C:/Users/nakau/esp/v5.3/esp-idf/components/log C:/Users/nakau/esp/v5.3/esp-idf/components/lwip C:/Users/nakau/Downloads/IOModule-v0-50/IOModule-v0-50/main C:/Users/nakau/esp/v5.3/esp-idf/components/mbedtls C:/Users/nakau/esp/v5.3/esp-idf/components/mqtt C:/Users/nakau/esp/v5.3/esp-idf/components/newlib C:/Users/nakau/esp/v5.3/esp-idf/components/nvs_flash C:/Users/nakau/esp/v5.3/esp-idf/components/nvs_sec_provider C:/Users/nakau/esp/v5.3/esp-idf/components/openthread C:/Users/nakau/esp/v5.3/esp-idf/components/partition_table C:/Users/nakau/esp/v5.3/esp-idf/components/perfmon C:/Users/nakau/esp/v5.3/esp-idf/components/protobuf-c C:/Users/nakau/esp/v5.3/esp-idf/examples/common_components/protocol_examples_common C:/Users/nakau/esp/v5.3/esp-idf/components/protocomm C:/Users/nakau/esp/v5.3/esp-idf/components/pthread C:/Users/nakau/esp/v5.3/esp-idf/components/sdmmc C:/Users/nakau/esp/v5.3/esp-idf/components/soc C:/Users/nakau/esp/v5.3/esp-idf/components/spi_flash C:/Users/nakau/esp/v5.3/esp-idf/components/spiffs C:/Users/nakau/esp/v5.3/esp-idf/components/tcp_transport C:/Users/nakau/esp/v5.3/esp-idf/components/touch_element C:/Users/nakau/esp/v5.3/esp-idf/components/ulp C:/Users/nakau/esp/v5.3/esp-idf/components/unity C:/Users/nakau/esp/v5.3/esp-idf/components/usb C:/Users/nakau/esp/v5.3/esp-idf/components/vfs C:/Users/nakau/esp/v5.3/esp-idf/components/wear_levelling C:/Users/nakau/esp/v5.3/esp-idf/components/wifi_provisioning C:/Users/nakau/esp/v5.3/esp-idf/components/wpa_supplicant C:/Users/nakau/esp/v5.3/esp-idf/components/xtensa
-- Configuring done
-- Generating done
-- Build files have been written to: C:/Users/nakau/Downloads/IOModule-v0-50/IOModule-v0-50/build
Running ninja in directory C:\Users\nakau\Downloads\IOModule-v0-50\IOModule-v0-50\build
Executing "ninja all"...
[1/1348] Generating project_elf_src_esp32s3.c
[2/1348] Generating ../../ota_data_initial.bin
[3/1348] Generating C:/Users/nakau/Downloads/IOModule-v0-50/IOModule-v0-50/build/esp-idf/esp_system/ld/sections.ld.in linker script...
[4/1348] Generating C:/Users/nakau/Downloads/IOModule-v0-50/IOModule-v0-50/build/esp-idf/esp_system/ld/memory.ld linker script...
[5/1348] Building C object esp-idf/mbedtls/mbedtls/3rdparty/everest/CMakeFiles/everest.dir/library/everest.c.obj
[6/1348] Building C object esp-idf/mbedtls/mbedtls/3rdparty/everest/CMakeFiles/everest.dir/library/x25519.c.obj
[7/1348] Building C object esp-idf/mbedtls/mbedtls/3rdparty/everest/CMakeFiles/everest.dir/library/Hacl_Curve25519_joined.c.obj
[8/1348] Building C object esp-idf/mbedtls/mbedtls/3rdparty/p256-m/CMakeFiles/p256m.dir/p256-m_driver_entrypoints.c.obj
[9/1348] Building C object esp-idf/mbedtls/mbedtls/3rdparty/p256-m/CMakeFiles/p256m.dir/p256-m/p256-m.c.obj
[10/1348] Building C object esp-idf/mbedtls/mbedtls/library/CMakeFiles/mbedcrypto.dir/aes.c.obj
[11/1348] Building C object esp-idf/mbedtls/mbedtls/library/CMakeFiles/mbedcrypto.dir/aesni.c.obj
[12/1348] Building C object esp-idf/mbedtls/mbedtls/library/CMakeFiles/mbedcrypto.dir/aesce.c.obj
[13/1348] Building C object esp-idf/mbedtls/mbedtls/library/CMakeFiles/mbedcrypto.dir/aria.c.obj
[14/1348] Building C object esp-idf/mbedtls/mbedtls/library/CMakeFiles/mbedcrypto.dir/asn1parse.c.obj
[15/1348] Building C object esp-idf/mbedtls/mbedtls/library/CMakeFiles/mbedcrypto.dir/base64.c.obj
[16/1348] Building C object esp-idf/mbedtls/mbedtls/library/CMakeFiles/mbedcrypto.dir/bignum_core.c.obj
[17/1348] Building C object esp-idf/mbedtls/mbedtls/library/CMakeFiles/mbedcrypto.dir/bignum_mod.c.obj
[18/1348] Building C object esp-idf/mbedtls/mbedtls/library/CMakeFiles/mbedcrypto.dir/camellia.c.obj
[19/1348] Building C object esp-idf/mbedtls/mbedtls/library/CMakeFiles/mbedcrypto.dir/asn1write.c.obj
[20/1348] Building C object esp-idf/mbedtls/mbedtls/library/CMakeFiles/mbedcrypto.dir/bignum_mod_raw.c.obj
[21/1348] Building C object esp-idf/mbedtls/mbedtls/library/CMakeFiles/mbedcrypto.dir/chacha20.c.obj
[22/1348] Building C object esp-idf/mbedtls/mbedtls/library/CMakeFiles/mbedcrypto.dir/bignum.c.obj
[23/1348] Building C object esp-idf/mbedtls/mbedtls/library/CMakeFiles/mbedcrypto.dir/chachapoly.c.obj
[24/1348] Building C object esp-idf/mbedtls/mbedtls/library/CMakeFiles/mbedcrypto.dir/constant_time.c.obj
[25/1348] Building C object esp-idf/mbedtls/mbedtls/library/CMakeFiles/mbedcrypto.dir/cipher_wrap.c.obj
[26/1348] Building C object esp-idf/mbedtls/mbedtls/library/CMakeFiles/mbedcrypto.dir/cipher.c.obj
[27/1348] Building C object esp-idf/mbedtls/mbedtls/library/CMakeFiles/mbedcrypto.dir/des.c.obj
[28/1348] Building C object esp-idf/mbedtls/mbedtls/library/CMakeFiles/mbedcrypto.dir/dhm.c.obj
[29/1348] Building C object esp-idf/mbedtls/mbedtls/library/CMakeFiles/mbedcrypto.dir/ctr_drbg.c.obj
[30/1348] Building C object esp-idf/mbedtls/mbedtls/library/CMakeFiles/mbedcrypto.dir/ecdsa.c.obj
[31/1348] Building C object esp-idf/mbedtls/mbedtls/library/CMakeFiles/mbedcrypto.dir/ecp_curves_new.c.obj
[32/1348] Building C object esp-idf/mbedtls/mbedtls/library/CMakeFiles/mbedcrypto.dir/ecjpake.c.obj
[33/1348] Building C object esp-idf/mbedtls/mbedtls/library/CMakeFiles/mbedcrypto.dir/block_cipher.c.obj
[34/1348] Building C object esp-idf/mbedtls/mbedtls/library/CMakeFiles/mbedcrypto.dir/ecdh.c.obj
[35/1348] Building C object esp-idf/mbedtls/mbedtls/library/CMakeFiles/mbedcrypto.dir/ecp_curves.c.obj
[36/1348] Building C object esp-idf/mbedtls/mbedtls/library/CMakeFiles/mbedcrypto.dir/gcm.c.obj
[37/1348] Building C object esp-idf/mbedtls/mbedtls/library/CMakeFiles/mbedcrypto.dir/ecp.c.obj
[38/1348] Building C object esp-idf/mbedtls/mbedtls/library/CMakeFiles/mbedcrypto.dir/error.c.obj
[39/1348] Generating ../../partition_table/partition-table.bin
Partition table binary generated. Contents:
*******************************************************************************
# ESP-IDF Partition Table
# Name, Type, SubType, Offset, Size, Flags
nvs,data,nvs,0x9000,24K,
otadata,data,ota,0xf000,8K,
phy_init,data,phy,0x11000,4K,
factory,app,factory,0x20000,2M,
ota_0,app,ota_0,0x220000,2880K,
ota_1,app,ota_1,0x4f0000,2880K,
*******************************************************************************
[40/1348] Building C object esp-idf/mbedtls/mbedtls/library/CMakeFiles/mbedcrypto.dir/ccm.c.obj
[41/1348] Building C object esp-idf/mbedtls/mbedtls/library/CMakeFiles/mbedcrypto.dir/entropy_poll.c.obj
[42/1348] Building C object esp-idf/mbedtls/mbedtls/library/CMakeFiles/mbedcrypto.dir/padlock.c.obj
[43/1348] Building C object esp-idf/mbedtls/mbedtls/library/CMakeFiles/mbedcrypto.dir/nist_kw.c.obj
[44/1348] Building C object esp-idf/mbedtls/mbedtls/library/CMakeFiles/mbedcrypto.dir/hmac_drbg.c.obj
[45/1348] Building C object esp-idf/mbedtls/mbedtls/library/CMakeFiles/mbedcrypto.dir/hkdf.c.obj
[46/1348] Building C object esp-idf/mbedtls/mbedtls/library/CMakeFiles/mbedcrypto.dir/cmac.c.obj
[47/1348] Building C object esp-idf/mbedtls/mbedtls/library/CMakeFiles/mbedcrypto.dir/memory_buffer_alloc.c.obj
[48/1348] Building C object esp-idf/mbedtls/mbedtls/library/CMakeFiles/mbedcrypto.dir/md.c.obj
[49/1348] Building C object esp-idf/mbedtls/mbedtls/library/CMakeFiles/mbedcrypto.dir/entropy.c.obj
[50/1348] Building C object esp-idf/mbedtls/mbedtls/library/CMakeFiles/mbedcrypto.dir/lms.c.obj
[51/1348] Building C object esp-idf/mbedtls/mbedtls/library/CMakeFiles/mbedcrypto.dir/oid.c.obj
[52/1348] Building C object esp-idf/mbedtls/mbedtls/library/CMakeFiles/mbedcrypto.dir/pem.c.obj
[53/1348] Building C object esp-idf/mbedtls/mbedtls/library/CMakeFiles/mbedcrypto.dir/pk_ecc.c.obj
[54/1348] Building C object esp-idf/mbedtls/mbedtls/library/CMakeFiles/mbedcrypto.dir/md5.c.obj
[55/1348] Building C object esp-idf/mbedtls/mbedtls/library/CMakeFiles/mbedcrypto.dir/platform.c.obj
[56/1348] Building C object esp-idf/mbedtls/mbedtls/library/CMakeFiles/mbedcrypto.dir/pkparse.c.obj
[57/1348] Building C object esp-idf/mbedtls/mbedtls/library/CMakeFiles/mbedcrypto.dir/pkcs12.c.obj
[58/1348] Building C object esp-idf/mbedtls/mbedtls/library/CMakeFiles/mbedcrypto.dir/pk.c.obj
[59/1348] Building C object esp-idf/mbedtls/mbedtls/library/CMakeFiles/mbedcrypto.dir/lmots.c.obj
[60/1348] Building C object esp-idf/mbedtls/mbedtls/library/CMakeFiles/mbedcrypto.dir/pkcs5.c.obj
[61/1348] Building C object esp-idf/mbedtls/mbedtls/library/CMakeFiles/mbedcrypto.dir/platform_util.c.obj
[62/1348] Building C object esp-idf/mbedtls/mbedtls/library/CMakeFiles/mbedcrypto.dir/pkwrite.c.obj
[63/1348] Building C object esp-idf/mbedtls/mbedtls/library/CMakeFiles/mbedcrypto.dir/psa_crypto_cipher.c.obj
[64/1348] Building C object esp-idf/mbedtls/mbedtls/library/CMakeFiles/mbedcrypto.dir/poly1305.c.obj
[65/1348] Building C object esp-idf/mbedtls/mbedtls/library/CMakeFiles/mbedcrypto.dir/psa_crypto_aead.c.obj
[66/1348] Building C object esp-idf/mbedtls/mbedtls/library/CMakeFiles/mbedcrypto.dir/psa_crypto_ecp.c.obj
[67/1348] Building C object esp-idf/mbedtls/mbedtls/library/CMakeFiles/mbedcrypto.dir/pk_wrap.c.obj
[68/1348] Building C object esp-idf/mbedtls/mbedtls/library/CMakeFiles/mbedcrypto.dir/psa_crypto_se.c.obj
[69/1348] Building C object esp-idf/mbedtls/mbedtls/library/CMakeFiles/mbedcrypto.dir/psa_crypto_pake.c.obj
[70/1348] Building C object esp-idf/mbedtls/mbedtls/library/CMakeFiles/mbedcrypto.dir/psa_crypto_driver_wrappers_no_static.c.obj
[71/1348] Building C object esp-idf/mbedtls/mbedtls/library/CMakeFiles/mbedcrypto.dir/psa_crypto_client.c.obj
[72/1348] Building C object esp-idf/mbedtls/mbedtls/library/CMakeFiles/mbedcrypto.dir/psa_crypto_mac.c.obj
[73/1348] Building C object esp-idf/mbedtls/mbedtls/library/CMakeFiles/mbedcrypto.dir/psa_crypto_slot_management.c.obj
[74/1348] Building C object esp-idf/mbedtls/mbedtls/library/CMakeFiles/mbedcrypto.dir/psa_crypto_hash.c.obj
[75/1348] Building C object esp-idf/mbedtls/mbedtls/library/CMakeFiles/mbedcrypto.dir/psa_crypto.c.obj
[76/1348] Building C object esp-idf/mbedtls/mbedtls/library/CMakeFiles/mbedcrypto.dir/psa_crypto_rsa.c.obj
[77/1348] Building C object esp-idf/mbedtls/mbedtls/library/CMakeFiles/mbedcrypto.dir/ripemd160.c.obj
[78/1348] Building C object esp-idf/mbedtls/mbedtls/library/CMakeFiles/mbedcrypto.dir/psa_its_file.c.obj
[79/1348] Building C object esp-idf/mbedtls/mbedtls/library/CMakeFiles/mbedcrypto.dir/sha512.c.obj
[80/1348] Building C object esp-idf/mbedtls/mbedtls/library/CMakeFiles/mbedcrypto.dir/sha3.c.obj
[81/1348] Building C object esp-idf/mbedtls/mbedtls/library/CMakeFiles/mbedcrypto.dir/rsa_alt_helpers.c.obj
[82/1348] Building C object esp-idf/mbedtls/mbedtls/library/CMakeFiles/mbedcrypto.dir/rsa.c.obj
[83/1348] Building C object esp-idf/mbedtls/mbedtls/library/CMakeFiles/mbedcrypto.dir/sha256.c.obj
[84/1348] Building C object esp-idf/mbedtls/mbedtls/library/CMakeFiles/mbedcrypto.dir/version.c.obj
[85/1348] Building C object esp-idf/mbedtls/mbedtls/library/CMakeFiles/mbedcrypto.dir/psa_crypto_ffdh.c.obj
[86/1348] Building C object esp-idf/mbedtls/mbedtls/library/CMakeFiles/mbedcrypto.dir/threading.c.obj
[87/1348] Building C object esp-idf/mbedtls/mbedtls/library/CMakeFiles/mbedcrypto.dir/C_/Users/nakau/esp/v5.3/esp-idf/components/mbedtls/port/aes/dma/esp_aes_gdma_impl.c.obj
[88/1348] Building C object esp-idf/mbedtls/mbedtls/library/CMakeFiles/mbedcrypto.dir/C_/Users/nakau/esp/v5.3/esp-idf/components/mbedtls/port/sha/dma/esp_sha_gdma_impl.c.obj
[89/1348] Building C object esp-idf/mbedtls/mbedtls/library/CMakeFiles/mbedcrypto.dir/psa_util.c.obj
[90/1348] Building C object esp-idf/mbedtls/mbedtls/library/CMakeFiles/mbedcrypto.dir/C_/Users/nakau/esp/v5.3/esp-idf/components/mbedtls/port/esp_hardware.c.obj
[91/1348] Building C object esp-idf/mbedtls/mbedtls/library/CMakeFiles/mbedcrypto.dir/C_/Users/nakau/esp/v5.3/esp-idf/components/mbedtls/port/esp_mem.c.obj
[92/1348] Building C object esp-idf/mbedtls/mbedtls/library/CMakeFiles/mbedcrypto.dir/C_/Users/nakau/esp/v5.3/esp-idf/components/mbedtls/port/crypto_shared_gdma/esp_crypto_shared_gdma.c.obj
[93/1348] Building C object esp-idf/mbedtls/mbedtls/library/CMakeFiles/mbedcrypto.dir/version_features.c.obj
[94/1348] Building C object esp-idf/mbedtls/mbedtls/library/CMakeFiles/mbedcrypto.dir/sha1.c.obj
[95/1348] Building C object esp-idf/mbedtls/mbedtls/library/CMakeFiles/mbedcrypto.dir/C_/Users/nakau/esp/v5.3/esp-idf/components/mbedtls/port/sha/esp_sha.c.obj
[96/1348] Building C object esp-idf/mbedtls/mbedtls/library/CMakeFiles/mbedcrypto.dir/C_/Users/nakau/esp/v5.3/esp-idf/components/mbedtls/port/aes/esp_aes_common.c.obj
[97/1348] Building C object esp-idf/mbedtls/mbedtls/library/CMakeFiles/mbedcrypto.dir/C_/Users/nakau/esp/v5.3/esp-idf/components/mbedtls/port/aes/dma/esp_aes.c.obj
[98/1348] Building C object esp-idf/mbedtls/mbedtls/library/CMakeFiles/mbedcrypto.dir/C_/Users/nakau/esp/v5.3/esp-idf/components/mbedtls/port/aes/dma/esp_aes_dma_core.c.obj
[99/1348] Building C object esp-idf/mbedtls/mbedtls/library/CMakeFiles/mbedcrypto.dir/C_/Users/nakau/esp/v5.3/esp-idf/components/mbedtls/port/sha/dma/esp_sha256.c.obj
[100/1348] Building C object esp-idf/mbedtls/mbedtls/library/CMakeFiles/mbedcrypto.dir/C_/Users/nakau/esp/v5.3/esp-idf/components/mbedtls/port/aes/esp_aes_gcm.c.obj
[101/1348] Building C object esp-idf/mbedtls/mbedtls/library/CMakeFiles/mbedcrypto.dir/C_/Users/nakau/esp/v5.3/esp-idf/components/mbedtls/port/sha/dma/sha.c.obj
[102/1348] Building C object esp-idf/mbedtls/mbedtls/library/CMakeFiles/mbedx509.dir/x509.c.obj
[103/1348] Building C object esp-idf/mbedtls/mbedtls/library/CMakeFiles/mbedcrypto.dir/C_/Users/nakau/esp/v5.3/esp-idf/components/mbedtls/port/esp_ds/esp_rsa_sign_alt.c.obj
[104/1348] Building C object esp-idf/mbedtls/mbedtls/library/CMakeFiles/mbedcrypto.dir/C_/Users/nakau/esp/v5.3/esp-idf/components/mbedtls/port/bignum/esp_bignum.c.obj
[105/1348] Building C object esp-idf/mbedtls/mbedtls/library/CMakeFiles/mbedcrypto.dir/timing.c.obj
[106/1348] Building C object esp-idf/mbedtls/mbedtls/library/CMakeFiles/mbedcrypto.dir/C_/Users/nakau/esp/v5.3/esp-idf/components/mbedtls/port/bignum/bignum_alt.c.obj
[107/1348] Building C object esp-idf/mbedtls/mbedtls/library/CMakeFiles/mbedcrypto.dir/C_/Users/nakau/esp/v5.3/esp-idf/components/mbedtls/port/md/esp_md.c.obj
[108/1348] Building C object esp-idf/mbedtls/mbedtls/library/CMakeFiles/mbedcrypto.dir/C_/Users/nakau/esp/v5.3/esp-idf/components/mbedtls/port/sha/dma/esp_sha512.c.obj
[109/1348] Building C object esp-idf/mbedtls/mbedtls/library/CMakeFiles/mbedcrypto.dir/psa_crypto_storage.c.obj
[110/1348] Building C object esp-idf/mbedtls/mbedtls/library/CMakeFiles/mbedx509.dir/pkcs7.c.obj
[111/1348] Building C object esp-idf/mbedtls/mbedtls/library/CMakeFiles/mbedcrypto.dir/C_/Users/nakau/esp/v5.3/esp-idf/components/mbedtls/port/aes/esp_aes_xts.c.obj
[112/1348] Building C object esp-idf/mbedtls/mbedtls/library/CMakeFiles/mbedtls.dir/mps_trace.c.obj
[113/1348] Building C object esp-idf/mbedtls/mbedtls/library/CMakeFiles/mbedx509.dir/x509_create.c.obj
[114/1348] Building C object esp-idf/mbedtls/mbedtls/library/CMakeFiles/mbedcrypto.dir/C_/Users/nakau/esp/v5.3/esp-idf/components/mbedtls/port/sha/dma/esp_sha1.c.obj
[115/1348] Building C object esp-idf/mbedtls/mbedtls/library/CMakeFiles/mbedx509.dir/x509_crt.c.obj
[116/1348] Building C object esp-idf/mbedtls/mbedtls/library/CMakeFiles/mbedtls.dir/debug.c.obj
[117/1348] Building C object esp-idf/mbedtls/mbedtls/library/CMakeFiles/mbedtls.dir/mps_reader.c.obj
[118/1348] Building C object esp-idf/mbedtls/mbedtls/library/CMakeFiles/mbedx509.dir/x509write_crt.c.obj
[119/1348] Building C object esp-idf/mbedtls/mbedtls/library/CMakeFiles/mbedtls.dir/ssl_cache.c.obj
[120/1348] Building C object esp-idf/mbedtls/mbedtls/library/CMakeFiles/mbedcrypto.dir/C_/Users/nakau/esp/v5.3/esp-idf/components/mbedtls/port/esp_timing.c.obj
[121/1348] Building C object esp-idf/mbedtls/mbedtls/library/CMakeFiles/mbedx509.dir/x509write.c.obj
[122/1348] Building C object esp-idf/mbedtls/mbedtls/library/CMakeFiles/mbedx509.dir/x509_csr.c.obj
[123/1348] Building C object esp-idf/mbedtls/mbedtls/library/CMakeFiles/mbedtls.dir/ssl_debug_helpers_generated.c.obj
[124/1348] Building C object esp-idf/mbedtls/mbedtls/library/CMakeFiles/mbedtls.dir/ssl_cookie.c.obj
[125/1348] Building C object esp-idf/mbedtls/mbedtls/library/CMakeFiles/mbedx509.dir/x509_crl.c.obj
[126/1348] Building C object esp-idf/mbedtls/mbedtls/library/CMakeFiles/mbedtls.dir/ssl_ciphersuites.c.obj
[127/1348] Building C object esp-idf/mbedtls/mbedtls/library/CMakeFiles/mbedtls.dir/ssl_ticket.c.obj
[128/1348] Building C object esp-idf/mbedtls/mbedtls/library/CMakeFiles/mbedtls.dir/ssl_msg.c.obj
[129/1348] Building C object esp-idf/mbedtls/mbedtls/library/CMakeFiles/mbedtls.dir/C_/Users/nakau/esp/v5.3/esp-idf/components/mbedtls/port/esp_platform_time.c.obj
[130/1348] Building C object esp-idf/mbedtls/mbedtls/library/CMakeFiles/mbedtls.dir/ssl_tls13_server.c.obj
[131/1348] Building C object esp-idf/mbedtls/mbedtls/library/CMakeFiles/mbedtls.dir/ssl_tls12_client.c.obj
[132/1348] Building C object esp-idf/mbedtls/mbedtls/library/CMakeFiles/mbedtls.dir/ssl_tls13_keys.c.obj
[133/1348] Building C object esp-idf/mbedtls/mbedtls/library/CMakeFiles/mbedx509.dir/x509write_csr.c.obj
[134/1348] Building C object esp-idf/mbedtls/mbedtls/library/CMakeFiles/mbedtls.dir/ssl_tls12_server.c.obj
[135/1348] Building C object esp-idf/mbedtls/mbedtls/library/CMakeFiles/mbedtls.dir/ssl_client.c.obj
[136/1348] Building C object esp-idf/mbedtls/mbedtls/library/CMakeFiles/mbedtls.dir/ssl_tls13_client.c.obj
[137/1348] Building C object esp-idf/mbedtls/mbedtls/library/CMakeFiles/mbedtls.dir/C_/Users/nakau/esp/v5.3/esp-idf/components/mbedtls/port/net_sockets.c.obj
[138/1348] Building C object esp-idf/mbedtls/mbedtls/library/CMakeFiles/mbedtls.dir/ssl_tls.c.obj
[139/1348] Building C object esp-idf/mbedtls/mbedtls/library/CMakeFiles/mbedtls.dir/C_/Users/nakau/esp/v5.3/esp-idf/components/mbedtls/port/mbedtls_debug.c.obj
[140/1348] Building C object esp-idf/esp_partition/CMakeFiles/__idf_esp_partition.dir/partition_target.c.obj
[141/1348] Building C object esp-idf/mbedtls/mbedtls/library/CMakeFiles/mbedtls.dir/ssl_tls13_generic.c.obj
[142/1348] Building C object esp-idf/app_update/CMakeFiles/__idf_app_update.dir/esp_ota_ops.c.obj
[143/1348] Building C object esp-idf/esp_partition/CMakeFiles/__idf_esp_partition.dir/partition.c.obj
[144/1348] Building C object esp-idf/efuse/CMakeFiles/__idf_efuse.dir/src/esp_efuse_fields.c.obj
[145/1348] Building C object esp-idf/efuse/CMakeFiles/__idf_efuse.dir/esp32s3/esp_efuse_utility.c.obj
[146/1348] Building C object esp-idf/efuse/CMakeFiles/__idf_efuse.dir/esp32s3/esp_efuse_rtc_calib.c.obj
[147/1348] Building C object esp-idf/efuse/CMakeFiles/__idf_efuse.dir/esp32s3/esp_efuse_fields.c.obj
[148/1348] Building C object esp-idf/app_update/CMakeFiles/__idf_app_update.dir/esp_ota_app_desc.c.obj
[149/1348] Building C object esp-idf/efuse/CMakeFiles/__idf_efuse.dir/src/esp_efuse_api.c.obj
[150/1348] Building C object esp-idf/bootloader_support/CMakeFiles/__idf_bootloader_support.dir/src/bootloader_clock_init.c.obj
[151/1348] Building C object esp-idf/efuse/CMakeFiles/__idf_efuse.dir/src/efuse_controller/keys/with_key_purposes/esp_efuse_api_key.c.obj
[152/1348] Building C object esp-idf/bootloader_support/CMakeFiles/__idf_bootloader_support.dir/src/bootloader_random.c.obj
[153/1348] Building C object esp-idf/efuse/CMakeFiles/__idf_efuse.dir/esp32s3/esp_efuse_table.c.obj
[154/1348] Creating directories for 'bootloader'
[155/1348] Building C object esp-idf/efuse/CMakeFiles/__idf_efuse.dir/src/esp_efuse_utility.c.obj
[156/1348] Building C object esp-idf/bootloader_support/CMakeFiles/__idf_bootloader_support.dir/src/bootloader_mem.c.obj
[157/1348] Building C object esp-idf/bootloader_support/CMakeFiles/__idf_bootloader_support.dir/src/flash_encrypt.c.obj
[158/1348] Building C object esp-idf/bootloader_support/CMakeFiles/__idf_bootloader_support.dir/src/bootloader_common.c.obj
[159/1348] Building C object esp-idf/bootloader_support/CMakeFiles/__idf_bootloader_support.dir/src/bootloader_efuse.c.obj
[160/1348] Building C object esp-idf/bootloader_support/CMakeFiles/__idf_bootloader_support.dir/bootloader_flash/src/flash_qio_mode.c.obj
[161/1348] Building C object esp-idf/bootloader_support/CMakeFiles/__idf_bootloader_support.dir/src/bootloader_common_loader.c.obj
[162/1348] Building C object esp-idf/efuse/CMakeFiles/__idf_efuse.dir/src/esp_efuse_startup.c.obj
[163/1348] Building C object esp-idf/bootloader_support/CMakeFiles/__idf_bootloader_support.dir/bootloader_flash/src/bootloader_flash.c.obj
[164/1348] Building C object esp-idf/bootloader_support/CMakeFiles/__idf_bootloader_support.dir/src/flash_partitions.c.obj
[165/1348] Building C object esp-idf/bootloader_support/CMakeFiles/__idf_bootloader_support.dir/src/bootloader_utility.c.obj
[166/1348] Building C object esp-idf/bootloader_support/CMakeFiles/__idf_bootloader_support.dir/src/secure_boot.c.obj
[167/1348] Building C object esp-idf/bootloader_support/CMakeFiles/__idf_bootloader_support.dir/bootloader_flash/src/bootloader_flash_config_esp32s3.c.obj
[168/1348] Building C object esp-idf/bootloader_support/CMakeFiles/__idf_bootloader_support.dir/src/esp_image_format.c.obj
[169/1348] Building C object esp-idf/bootloader_support/CMakeFiles/__idf_bootloader_support.dir/src/esp32s3/secure_boot_secure_features.c.obj
[170/1348] Building C object esp-idf/esp_mm/CMakeFiles/__idf_esp_mm.dir/port/esp32s3/ext_mem_layout.c.obj
[171/1348] Building C object esp-idf/spi_flash/CMakeFiles/__idf_spi_flash.dir/spi_flash_hpm_enable.c.obj
[172/1348] Building C object esp-idf/esp_mm/CMakeFiles/__idf_esp_mm.dir/heap_align_hw.c.obj
[173/1348] Building C object esp-idf/spi_flash/CMakeFiles/__idf_spi_flash.dir/flash_brownout_hook.c.obj
[174/1348] Building C object esp-idf/esp_mm/CMakeFiles/__idf_esp_mm.dir/esp_mmu_map.c.obj
[175/1348] Building C object esp-idf/esp_mm/CMakeFiles/__idf_esp_mm.dir/esp_cache.c.obj
[176/1348] Building C object esp-idf/bootloader_support/CMakeFiles/__idf_bootloader_support.dir/src/idf/bootloader_sha.c.obj
[177/1348] Building C object esp-idf/spi_flash/CMakeFiles/__idf_spi_flash.dir/spi_flash_chip_drivers.c.obj
[178/1348] Building C object esp-idf/spi_flash/CMakeFiles/__idf_spi_flash.dir/spi_flash_chip_gd.c.obj
[179/1348] Building C object esp-idf/spi_flash/CMakeFiles/__idf_spi_flash.dir/esp32s3/spi_flash_oct_flash_init.c.obj
[180/1348] Building C object esp-idf/spi_flash/CMakeFiles/__idf_spi_flash.dir/spi_flash_chip_generic.c.obj
[181/1348] Building C object esp-idf/spi_flash/CMakeFiles/__idf_spi_flash.dir/spi_flash_chip_issi.c.obj
[182/1348] Building C object esp-idf/spi_flash/CMakeFiles/__idf_spi_flash.dir/spi_flash_chip_mxic.c.obj
[183/1348] Building C object esp-idf/spi_flash/CMakeFiles/__idf_spi_flash.dir/memspi_host_driver.c.obj
[184/1348] Building C object esp-idf/spi_flash/CMakeFiles/__idf_spi_flash.dir/spi_flash_chip_boya.c.obj
[185/1348] Building C object esp-idf/spi_flash/CMakeFiles/__idf_spi_flash.dir/spi_flash_chip_winbond.c.obj
[186/1348] Building C object esp-idf/bootloader_support/CMakeFiles/__idf_bootloader_support.dir/src/bootloader_random_esp32s3.c.obj
[187/1348] Building C object esp-idf/spi_flash/CMakeFiles/__idf_spi_flash.dir/spi_flash_chip_th.c.obj
[188/1348] Building C object esp-idf/spi_flash/CMakeFiles/__idf_spi_flash.dir/flash_mmap.c.obj
[189/1348] Building C object esp-idf/spi_flash/CMakeFiles/__idf_spi_flash.dir/spi_flash_os_func_noos.c.obj
[190/1348] Building C object esp-idf/spi_flash/CMakeFiles/__idf_spi_flash.dir/esp_flash_spi_init.c.obj
[191/1348] Building C object esp-idf/esp_system/CMakeFiles/__idf_esp_system.dir/esp_err.c.obj
[192/1348] Building C object esp-idf/spi_flash/CMakeFiles/__idf_spi_flash.dir/spi_flash_chip_mxic_opi.c.obj
[193/1348] Building C object esp-idf/spi_flash/CMakeFiles/__idf_spi_flash.dir/cache_utils.c.obj
[194/1348] Building C object esp-idf/spi_flash/CMakeFiles/__idf_spi_flash.dir/spi_flash_os_func_app.c.obj
[195/1348] Building C object esp-idf/spi_flash/CMakeFiles/__idf_spi_flash.dir/esp_flash_api.c.obj
[196/1348] Building C object esp-idf/esp_system/CMakeFiles/__idf_esp_system.dir/startup.c.obj
[197/1348] Building C object esp-idf/esp_system/CMakeFiles/__idf_esp_system.dir/freertos_hooks.c.obj
[198/1348] Building C object esp-idf/esp_system/CMakeFiles/__idf_esp_system.dir/esp_ipc.c.obj
[199/1348] Building C object esp-idf/esp_system/CMakeFiles/__idf_esp_system.dir/int_wdt.c.obj
[200/1348] Building C object esp-idf/esp_system/CMakeFiles/__idf_esp_system.dir/panic.c.obj
[201/1348] Building C object esp-idf/spi_flash/CMakeFiles/__idf_spi_flash.dir/spi_flash_wrap.c.obj
[202/1348] Building C object esp-idf/spi_flash/CMakeFiles/__idf_spi_flash.dir/flash_ops.c.obj
[203/1348] Building C object esp-idf/esp_system/CMakeFiles/__idf_esp_system.dir/ubsan.c.obj
[204/1348] Building C object esp-idf/esp_system/CMakeFiles/__idf_esp_system.dir/stack_check.c.obj
[205/1348] Building C object esp-idf/esp_system/CMakeFiles/__idf_esp_system.dir/esp_system.c.obj
[206/1348] Building C object esp-idf/esp_system/CMakeFiles/__idf_esp_system.dir/xt_wdt.c.obj
[207/1348] Building C object esp-idf/esp_system/CMakeFiles/__idf_esp_system.dir/system_time.c.obj
[208/1348] Building C object esp-idf/esp_system/CMakeFiles/__idf_esp_system.dir/startup_funcs.c.obj
[209/1348] Building C object esp-idf/esp_system/CMakeFiles/__idf_esp_system.dir/port/image_process.c.obj
[210/1348] Building C object esp-idf/esp_system/CMakeFiles/__idf_esp_system.dir/crosscore_int.c.obj
[211/1348] Building C object esp-idf/esp_system/CMakeFiles/__idf_esp_system.dir/port/esp_system_chip.c.obj
[212/1348] Building C object esp-idf/esp_system/CMakeFiles/__idf_esp_system.dir/port/brownout.c.obj
[213/1348] Building C object esp-idf/esp_system/CMakeFiles/__idf_esp_system.dir/port/esp_ipc_isr.c.obj
[214/1348] Building C object esp-idf/esp_system/CMakeFiles/__idf_esp_system.dir/port/arch/xtensa/esp_ipc_isr_port.c.obj
[215/1348] Building C object esp-idf/esp_system/CMakeFiles/__idf_esp_system.dir/task_wdt/task_wdt_impl_timergroup.c.obj
[216/1348] Building ASM object esp-idf/esp_system/CMakeFiles/__idf_esp_system.dir/port/arch/xtensa/esp_ipc_isr_routines.S.obj
[217/1348] Building C object esp-idf/esp_system/CMakeFiles/__idf_esp_system.dir/task_wdt/task_wdt.c.obj
[218/1348] Building C object esp-idf/esp_system/CMakeFiles/__idf_esp_system.dir/port/panic_handler.c.obj
[219/1348] Building C object esp-idf/esp_system/CMakeFiles/__idf_esp_system.dir/port/arch/xtensa/debug_stubs.c.obj
[220/1348] Building C object esp-idf/esp_system/CMakeFiles/__idf_esp_system.dir/port/arch/xtensa/panic_arch.c.obj
[221/1348] Building ASM object esp-idf/esp_system/CMakeFiles/__idf_esp_system.dir/port/soc/esp32s3/highint_hdl.S.obj
[222/1348] No download step for 'bootloader'
[223/1348] Building C object esp-idf/esp_system/CMakeFiles/__idf_esp_system.dir/port/arch/xtensa/expression_with_stack.c.obj
[224/1348] Building ASM object esp-idf/esp_system/CMakeFiles/__idf_esp_system.dir/port/arch/xtensa/expression_with_stack_asm.S.obj
[225/1348] Building ASM object esp-idf/esp_system/CMakeFiles/__idf_esp_system.dir/port/arch/xtensa/debug_helpers_asm.S.obj
[226/1348] Building C object esp-idf/esp_system/CMakeFiles/__idf_esp_system.dir/port/arch/xtensa/debug_helpers.c.obj
[227/1348] Building C object esp-idf/esp_rom/CMakeFiles/__idf_esp_rom.dir/patches/esp_rom_crc.c.obj
[228/1348] Building C object esp-idf/esp_system/CMakeFiles/__idf_esp_system.dir/port/soc/esp32s3/apb_backup_dma.c.obj
[229/1348] Building C object esp-idf/esp_rom/CMakeFiles/__idf_esp_rom.dir/patches/esp_rom_sys.c.obj
[230/1348] Building C object esp-idf/esp_system/CMakeFiles/__idf_esp_system.dir/port/soc/esp32s3/system_internal.c.obj
[231/1348] Building C object esp-idf/esp_rom/CMakeFiles/__idf_esp_rom.dir/patches/esp_rom_uart.c.obj
[232/1348] Building C object esp-idf/esp_system/CMakeFiles/__idf_esp_system.dir/port/soc/esp32s3/clk.c.obj
[233/1348] Building C object esp-idf/esp_common/CMakeFiles/__idf_esp_common.dir/src/esp_err_to_name.c.obj
[234/1348] Building C object esp-idf/esp_system/CMakeFiles/__idf_esp_system.dir/port/soc/esp32s3/cache_err_int.c.obj
[235/1348] Building ASM object esp-idf/esp_system/CMakeFiles/__idf_esp_system.dir/port/arch/xtensa/esp_ipc_isr_handler.S.obj
[236/1348] Building ASM object esp-idf/esp_rom/CMakeFiles/__idf_esp_rom.dir/patches/esp_rom_longjmp.S.obj
[237/1348] Building C object esp-idf/esp_rom/CMakeFiles/__idf_esp_rom.dir/patches/esp_rom_systimer.c.obj
[238/1348] Building C object esp-idf/esp_system/CMakeFiles/__idf_esp_system.dir/port/soc/esp32s3/reset_reason.c.obj
[239/1348] Building C object esp-idf/esp_bootloader_format/CMakeFiles/__idf_esp_bootloader_format.dir/esp_bootloader_desc.c.obj
[240/1348] Building C object esp-idf/esp_system/CMakeFiles/__idf_esp_system.dir/port/arch/xtensa/trax.c.obj
[241/1348] Building C object esp-idf/esp_rom/CMakeFiles/__idf_esp_rom.dir/patches/esp_rom_spiflash.c.obj
[242/1348] Building C object esp-idf/esp_rom/CMakeFiles/__idf_esp_rom.dir/patches/esp_rom_wdt.c.obj
[243/1348] Building C object esp-idf/esp_rom/CMakeFiles/__idf_esp_rom.dir/patches/esp_rom_cache_esp32s2_esp32s3.c.obj
[244/1348] Building C object esp-idf/hal/CMakeFiles/__idf_hal.dir/esp32s3/efuse_hal.c.obj
[245/1348] Building C object esp-idf/hal/CMakeFiles/__idf_hal.dir/hal_utils.c.obj
[246/1348] Building C object esp-idf/hal/CMakeFiles/__idf_hal.dir/mpu_hal.c.obj
[247/1348] Building C object esp-idf/hal/CMakeFiles/__idf_hal.dir/cache_hal.c.obj
[248/1348] Building C object esp-idf/esp_app_format/CMakeFiles/__idf_esp_app_format.dir/esp_app_desc.c.obj
[249/1348] Building C object esp-idf/hal/CMakeFiles/__idf_hal.dir/efuse_hal.c.obj
[250/1348] Building C object esp-idf/esp_system/CMakeFiles/__idf_esp_system.dir/port/cpu_start.c.obj
[251/1348] Building C object esp-idf/hal/CMakeFiles/__idf_hal.dir/spi_flash_encrypt_hal_iram.c.obj
[252/1348] Building C object esp-idf/hal/CMakeFiles/__idf_hal.dir/spi_flash_hal_iram.c.obj
[253/1348] Building C object esp-idf/hal/CMakeFiles/__idf_hal.dir/color_hal.c.obj
[254/1348] Building ASM object esp-idf/esp_system/CMakeFiles/__idf_esp_system.dir/port/arch/xtensa/panic_handler_asm.S.obj
[255/1348] No update step for 'bootloader'
[256/1348] Building ASM object esp-idf/esp_rom/CMakeFiles/__idf_esp_rom.dir/patches/esp_rom_cache_writeback_esp32s3.S.obj
[257/1348] Building C object esp-idf/hal/CMakeFiles/__idf_hal.dir/uart_hal.c.obj
[258/1348] Building C object esp-idf/hal/CMakeFiles/__idf_hal.dir/mmu_hal.c.obj
[259/1348] Building C object esp-idf/hal/CMakeFiles/__idf_hal.dir/esp32s3/clk_tree_hal.c.obj
[260/1348] Building C object esp-idf/hal/CMakeFiles/__idf_hal.dir/gpio_hal.c.obj
[261/1348] Building C object esp-idf/hal/CMakeFiles/__idf_hal.dir/rmt_hal.c.obj
[262/1348] Building C object esp-idf/hal/CMakeFiles/__idf_hal.dir/timer_hal.c.obj
[263/1348] Building C object esp-idf/hal/CMakeFiles/__idf_hal.dir/ledc_hal.c.obj
[264/1348] Building C object esp-idf/hal/CMakeFiles/__idf_hal.dir/ledc_hal_iram.c.obj
[265/1348] Building C object esp-idf/hal/CMakeFiles/__idf_hal.dir/systimer_hal.c.obj
[266/1348] Building C object esp-idf/hal/CMakeFiles/__idf_hal.dir/pcnt_hal.c.obj
[267/1348] Building C object esp-idf/hal/CMakeFiles/__idf_hal.dir/i2c_hal_iram.c.obj
[268/1348] Building C object esp-idf/hal/CMakeFiles/__idf_hal.dir/i2c_hal.c.obj
[269/1348] Building C object esp-idf/hal/CMakeFiles/__idf_hal.dir/mcpwm_hal.c.obj
[270/1348] Building C object esp-idf/esp_rom/CMakeFiles/__idf_esp_rom.dir/patches/esp_rom_efuse.c.obj
[271/1348] Building C object esp-idf/hal/CMakeFiles/__idf_hal.dir/rtc_io_hal.c.obj
[272/1348] Building C object esp-idf/hal/CMakeFiles/__idf_hal.dir/uart_hal_iram.c.obj
[273/1348] Building C object esp-idf/hal/CMakeFiles/__idf_hal.dir/twai_hal.c.obj
[274/1348] Building C object esp-idf/hal/CMakeFiles/__idf_hal.dir/gdma_hal_top.c.obj
[275/1348] Building C object esp-idf/hal/CMakeFiles/__idf_hal.dir/gdma_hal_ahb_v1.c.obj
[276/1348] Building C object esp-idf/hal/CMakeFiles/__idf_hal.dir/mpi_hal.c.obj
[277/1348] Building C object esp-idf/hal/CMakeFiles/__idf_hal.dir/sdm_hal.c.obj
[278/1348] Building C object esp-idf/hal/CMakeFiles/__idf_hal.dir/sdmmc_hal.c.obj
[279/1348] Building C object esp-idf/hal/CMakeFiles/__idf_hal.dir/adc_oneshot_hal.c.obj
[280/1348] Building C object esp-idf/hal/CMakeFiles/__idf_hal.dir/adc_hal.c.obj
[281/1348] Building C object esp-idf/hal/CMakeFiles/__idf_hal.dir/twai_hal_iram.c.obj
[282/1348] Building C object esp-idf/hal/CMakeFiles/__idf_hal.dir/sha_hal.c.obj
[283/1348] Building C object esp-idf/hal/CMakeFiles/__idf_hal.dir/lcd_hal.c.obj
[284/1348] Building C object esp-idf/hal/CMakeFiles/__idf_hal.dir/aes_hal.c.obj
[285/1348] Building C object esp-idf/hal/CMakeFiles/__idf_hal.dir/spi_flash_hal.c.obj
[286/1348] Building C object esp-idf/hal/CMakeFiles/__idf_hal.dir/brownout_hal.c.obj
[287/1348] Building C object esp-idf/hal/CMakeFiles/__idf_hal.dir/spi_hal.c.obj
[288/1348] Building C object esp-idf/hal/CMakeFiles/__idf_hal.dir/spi_slave_hal_iram.c.obj
[289/1348] Building C object esp-idf/hal/CMakeFiles/__idf_hal.dir/spi_hal_iram.c.obj
[290/1348] Building C object esp-idf/hal/CMakeFiles/__idf_hal.dir/spi_slave_hd_hal.c.obj
[291/1348] Building C object esp-idf/hal/CMakeFiles/__idf_hal.dir/ds_hal.c.obj
[292/1348] Building C object esp-idf/hal/CMakeFiles/__idf_hal.dir/usb_serial_jtag_hal.c.obj
[293/1348] Building C object esp-idf/hal/CMakeFiles/__idf_hal.dir/usb_dwc_hal.c.obj
[294/1348] Building C object esp-idf/hal/CMakeFiles/__idf_hal.dir/xt_wdt_hal.c.obj
[295/1348] Building C object esp-idf/hal/CMakeFiles/__idf_hal.dir/spi_slave_hal.c.obj
[296/1348] Building C object esp-idf/hal/CMakeFiles/__idf_hal.dir/spi_flash_hal_gpspi.c.obj
[297/1348] Building C object esp-idf/hal/CMakeFiles/__idf_hal.dir/esp32s3/touch_sensor_hal.c.obj
[298/1348] Building C object esp-idf/hal/CMakeFiles/__idf_hal.dir/touch_sensor_hal.c.obj
[299/1348] No patch step for 'bootloader'
[300/1348] Building C object esp-idf/hal/CMakeFiles/__idf_hal.dir/esp32s3/rtc_cntl_hal.c.obj
[301/1348] Building C object esp-idf/heap/CMakeFiles/__idf_heap.dir/heap_caps_init.c.obj
[302/1348] Building C object esp-idf/hal/CMakeFiles/__idf_hal.dir/adc_hal_common.c.obj
[303/1348] Building C object esp-idf/log/CMakeFiles/__idf_log.dir/log.c.obj
[304/1348] Building C object esp-idf/heap/CMakeFiles/__idf_heap.dir/multi_heap.c.obj
[305/1348] Building C object esp-idf/log/CMakeFiles/__idf_log.dir/log_freertos.c.obj
[306/1348] Building C object esp-idf/heap/CMakeFiles/__idf_heap.dir/port/memory_layout_utils.c.obj
[307/1348] Building C object esp-idf/heap/CMakeFiles/__idf_heap.dir/tlsf/tlsf.c.obj
[308/1348] Building C object esp-idf/heap/CMakeFiles/__idf_heap.dir/port/esp32s3/memory_layout.c.obj
[309/1348] Building C object esp-idf/heap/CMakeFiles/__idf_heap.dir/heap_caps_base.c.obj
[310/1348] Building C object esp-idf/soc/CMakeFiles/__idf_soc.dir/esp32s3/gpio_periph.c.obj
[311/1348] Building C object esp-idf/soc/CMakeFiles/__idf_soc.dir/esp32s3/adc_periph.c.obj
[312/1348] Building C object esp-idf/hal/CMakeFiles/__idf_hal.dir/i2s_hal.c.obj
[313/1348] Building C object esp-idf/soc/CMakeFiles/__idf_soc.dir/esp32s3/interrupts.c.obj
[314/1348] Building C object esp-idf/log/CMakeFiles/__idf_log.dir/log_buffers.c.obj
[315/1348] Building C object esp-idf/soc/CMakeFiles/__idf_soc.dir/lldesc.c.obj
[316/1348] Building C object esp-idf/hal/CMakeFiles/__idf_hal.dir/hmac_hal.c.obj
[317/1348] Building C object esp-idf/soc/CMakeFiles/__idf_soc.dir/esp32s3/gdma_periph.c.obj
[318/1348] Building C object esp-idf/soc/CMakeFiles/__idf_soc.dir/dport_access_common.c.obj
[319/1348] Building C object esp-idf/soc/CMakeFiles/__idf_soc.dir/esp32s3/uart_periph.c.obj
[320/1348] Building C object esp-idf/soc/CMakeFiles/__idf_soc.dir/esp32s3/pcnt_periph.c.obj
[321/1348] Building C object esp-idf/heap/CMakeFiles/__idf_heap.dir/heap_caps.c.obj
[322/1348] Building C object esp-idf/soc/CMakeFiles/__idf_soc.dir/esp32s3/rmt_periph.c.obj
[323/1348] Building C object esp-idf/hal/CMakeFiles/__idf_hal.dir/usb_wrap_hal.c.obj
[324/1348] Building C object esp-idf/soc/CMakeFiles/__idf_soc.dir/esp32s3/timer_periph.c.obj
[325/1348] Building C object esp-idf/soc/CMakeFiles/__idf_soc.dir/esp32s3/ledc_periph.c.obj
[326/1348] Building C object esp-idf/soc/CMakeFiles/__idf_soc.dir/esp32s3/dedic_gpio_periph.c.obj
[327/1348] Building C object esp-idf/soc/CMakeFiles/__idf_soc.dir/esp32s3/mpi_periph.c.obj
[328/1348] Building C object esp-idf/soc/CMakeFiles/__idf_soc.dir/esp32s3/lcd_periph.c.obj
[329/1348] Building C object esp-idf/soc/CMakeFiles/__idf_soc.dir/esp32s3/sdmmc_periph.c.obj
[330/1348] Building C object esp-idf/soc/CMakeFiles/__idf_soc.dir/esp32s3/temperature_sensor_periph.c.obj
[331/1348] Building C object esp-idf/soc/CMakeFiles/__idf_soc.dir/esp32s3/mcpwm_periph.c.obj
[332/1348] Building C object esp-idf/soc/CMakeFiles/__idf_soc.dir/esp32s3/spi_periph.c.obj
[333/1348] Building C object esp-idf/soc/CMakeFiles/__idf_soc.dir/esp32s3/twai_periph.c.obj
[334/1348] Building C object esp-idf/soc/CMakeFiles/__idf_soc.dir/esp32s3/touch_sensor_periph.c.obj
[335/1348] Building C object esp-idf/soc/CMakeFiles/__idf_soc.dir/esp32s3/usb_dwc_periph.c.obj
[336/1348] Building C object esp-idf/soc/CMakeFiles/__idf_soc.dir/esp32s3/rtc_io_periph.c.obj
[337/1348] Building C object esp-idf/esp_hw_support/CMakeFiles/__idf_esp_hw_support.dir/intr_alloc.c.obj
[338/1348] Building C object esp-idf/esp_hw_support/CMakeFiles/__idf_esp_hw_support.dir/port/esp32s3/cpu_region_protect.c.obj
[339/1348] Building C object esp-idf/esp_hw_support/CMakeFiles/__idf_esp_hw_support.dir/esp_clk.c.obj
[340/1348] Building C object esp-idf/esp_hw_support/CMakeFiles/__idf_esp_hw_support.dir/port/esp32s3/esp_cpu_intr.c.obj
[341/1348] Building C object esp-idf/soc/CMakeFiles/__idf_soc.dir/esp32s3/i2s_periph.c.obj
[342/1348] Building C object esp-idf/esp_hw_support/CMakeFiles/__idf_esp_hw_support.dir/cpu.c.obj
[343/1348] Building C object esp-idf/esp_hw_support/CMakeFiles/__idf_esp_hw_support.dir/clk_ctrl_os.c.obj
[344/1348] Building C object esp-idf/soc/CMakeFiles/__idf_soc.dir/esp32s3/i2c_periph.c.obj
[345/1348] Building C object esp-idf/esp_hw_support/CMakeFiles/__idf_esp_hw_support.dir/esp_memory_utils.c.obj
[346/1348] Building C object esp-idf/soc/CMakeFiles/__idf_soc.dir/esp32s3/usb_periph.c.obj
[347/1348] Building C object esp-idf/esp_hw_support/CMakeFiles/__idf_esp_hw_support.dir/periph_ctrl.c.obj
[348/1348] Building C object esp-idf/soc/CMakeFiles/__idf_soc.dir/esp32s3/sdm_periph.c.obj
[349/1348] Building C object esp-idf/esp_hw_support/CMakeFiles/__idf_esp_hw_support.dir/rtc_module.c.obj
[350/1348] Building C object esp-idf/esp_hw_support/CMakeFiles/__idf_esp_hw_support.dir/mac_addr.c.obj
[351/1348] Building C object esp-idf/esp_hw_support/CMakeFiles/__idf_esp_hw_support.dir/sleep_modem.c.obj
[352/1348] Building C object esp-idf/esp_hw_support/CMakeFiles/__idf_esp_hw_support.dir/sleep_event.c.obj
[353/1348] Building C object esp-idf/esp_hw_support/CMakeFiles/__idf_esp_hw_support.dir/esp_gpio_reserve.c.obj
[354/1348] Building C object esp-idf/esp_hw_support/CMakeFiles/__idf_esp_hw_support.dir/revision.c.obj
[355/1348] Building C object esp-idf/esp_hw_support/CMakeFiles/__idf_esp_hw_support.dir/sleep_gpio.c.obj
[356/1348] Building C object esp-idf/esp_hw_support/CMakeFiles/__idf_esp_hw_support.dir/hw_random.c.obj
[357/1348] Building C object esp-idf/esp_hw_support/CMakeFiles/__idf_esp_hw_support.dir/regi2c_ctrl.c.obj
[358/1348] Building C object esp-idf/esp_hw_support/CMakeFiles/__idf_esp_hw_support.dir/port/esp_clk_tree_common.c.obj
[359/1348] Building C object esp-idf/esp_hw_support/CMakeFiles/__idf_esp_hw_support.dir/sar_periph_ctrl_common.c.obj
[360/1348] Building C object esp-idf/esp_hw_support/CMakeFiles/__idf_esp_hw_support.dir/port/esp32s3/esp_clk_tree.c.obj
[361/1348] Building C object esp-idf/esp_hw_support/CMakeFiles/__idf_esp_hw_support.dir/spi_share_hw_ctrl.c.obj
[362/1348] Building C object esp-idf/esp_hw_support/CMakeFiles/__idf_esp_hw_support.dir/port/esp32s3/io_mux.c.obj
[363/1348] Building C object esp-idf/esp_hw_support/CMakeFiles/__idf_esp_hw_support.dir/sleep_console.c.obj
[364/1348] Building C object esp-idf/esp_hw_support/CMakeFiles/__idf_esp_hw_support.dir/spi_bus_lock.c.obj
[365/1348] Building C object esp-idf/esp_hw_support/CMakeFiles/__idf_esp_hw_support.dir/adc_share_hw_ctrl.c.obj
[366/1348] Building C object esp-idf/esp_hw_support/CMakeFiles/__idf_esp_hw_support.dir/deprecated/gdma_legacy.c.obj
[367/1348] Building C object esp-idf/esp_hw_support/CMakeFiles/__idf_esp_hw_support.dir/dma/esp_async_memcpy.c.obj
[368/1348] Building C object esp-idf/esp_hw_support/CMakeFiles/__idf_esp_hw_support.dir/dma/gdma.c.obj
[369/1348] Building C object esp-idf/esp_hw_support/CMakeFiles/__idf_esp_hw_support.dir/dma/async_memcpy_gdma.c.obj
[370/1348] Building C object esp-idf/esp_hw_support/CMakeFiles/__idf_esp_hw_support.dir/port/esp32s3/systimer.c.obj
[371/1348] Building C object esp-idf/esp_hw_support/CMakeFiles/__idf_esp_hw_support.dir/sleep_wake_stub.c.obj
[372/1348] Building C object esp-idf/esp_hw_support/CMakeFiles/__idf_esp_hw_support.dir/esp_clock_output.c.obj
[373/1348] Building C object esp-idf/esp_hw_support/CMakeFiles/__idf_esp_hw_support.dir/esp_ds.c.obj
[374/1348] Building C object esp-idf/esp_hw_support/CMakeFiles/__idf_esp_hw_support.dir/sleep_modes.c.obj
[375/1348] Building C object esp-idf/esp_hw_support/CMakeFiles/__idf_esp_hw_support.dir/port/esp32s3/rtc_clk_init.c.obj
[376/1348] Building C object esp-idf/esp_hw_support/CMakeFiles/__idf_esp_hw_support.dir/dma/esp_dma_utils.c.obj
[377/1348] Building C object esp-idf/esp_hw_support/CMakeFiles/__idf_esp_hw_support.dir/port/esp32s3/rtc_time.c.obj
[378/1348] Building C object esp-idf/esp_hw_support/CMakeFiles/__idf_esp_hw_support.dir/mspi_timing_tuning.c.obj
[379/1348] Building C object esp-idf/esp_hw_support/CMakeFiles/__idf_esp_hw_support.dir/port/esp32s3/chip_info.c.obj
[380/1348] Building C object esp-idf/esp_hw_support/CMakeFiles/__idf_esp_hw_support.dir/port/esp32s3/rtc_init.c.obj
[381/1348] Building C object esp-idf/esp_hw_support/CMakeFiles/__idf_esp_hw_support.dir/port/esp32s3/rtc_clk.c.obj
[382/1348] Building C object esp-idf/esp_hw_support/CMakeFiles/__idf_esp_hw_support.dir/port/esp32s3/mspi_timing_config.c.obj
[383/1348] Building C object esp-idf/esp_hw_support/CMakeFiles/__idf_esp_hw_support.dir/mspi_timing_by_mspi_delay.c.obj
[384/1348] Building C object esp-idf/esp_hw_support/CMakeFiles/__idf_esp_hw_support.dir/port/esp32s3/esp_memprot.c.obj
[385/1348] Building C object esp-idf/esp_hw_support/CMakeFiles/__idf_esp_hw_support.dir/esp_hmac.c.obj
[386/1348] Building C object esp-idf/esp_hw_support/CMakeFiles/__idf_esp_hw_support.dir/lowpower/cpu_retention/port/esp32s3/sleep_cpu.c.obj
[387/1348] Building C object esp-idf/esp_hw_support/CMakeFiles/__idf_esp_hw_support.dir/port/esp32s3/esp_crypto_lock.c.obj
[388/1348] Building C object esp-idf/esp_hw_support/CMakeFiles/__idf_esp_hw_support.dir/port/esp32s3/rtc_sleep.c.obj
[389/1348] Building C object esp-idf/freertos/CMakeFiles/__idf_freertos.dir/heap_idf.c.obj
[390/1348] Building C object esp-idf/esp_hw_support/CMakeFiles/__idf_esp_hw_support.dir/port/esp32s3/sar_periph_ctrl.c.obj
[391/1348] Building C object esp-idf/freertos/CMakeFiles/__idf_freertos.dir/app_startup.c.obj
[392/1348] Building C object esp-idf/freertos/CMakeFiles/__idf_freertos.dir/FreeRTOS-Kernel/stream_buffer.c.obj
[393/1348] Building C object esp-idf/freertos/CMakeFiles/__idf_freertos.dir/FreeRTOS-Kernel/timers.c.obj
[394/1348] Building C object esp-idf/freertos/CMakeFiles/__idf_freertos.dir/FreeRTOS-Kernel/event_groups.c.obj
[395/1348] Building C object esp-idf/freertos/CMakeFiles/__idf_freertos.dir/FreeRTOS-Kernel/queue.c.obj
[396/1348] Building C object esp-idf/freertos/CMakeFiles/__idf_freertos.dir/port_systick.c.obj
[397/1348] Building ASM object esp-idf/freertos/CMakeFiles/__idf_freertos.dir/FreeRTOS-Kernel/portable/xtensa/portasm.S.obj
[398/1348] Building C object esp-idf/freertos/CMakeFiles/__idf_freertos.dir/FreeRTOS-Kernel/tasks.c.obj
[399/1348] Building C object esp-idf/newlib/CMakeFiles/__idf_newlib.dir/heap.c.obj
[400/1348] Building C object esp-idf/freertos/CMakeFiles/__idf_freertos.dir/FreeRTOS-Kernel/portable/xtensa/xtensa_overlay_os_hook.c.obj
[401/1348] Building C object esp-idf/freertos/CMakeFiles/__idf_freertos.dir/esp_additions/freertos_compatibility.c.obj
[402/1348] Building C object esp-idf/freertos/CMakeFiles/__idf_freertos.dir/esp_additions/idf_additions.c.obj
[403/1348] Building C object esp-idf/newlib/CMakeFiles/__idf_newlib.dir/abort.c.obj
[404/1348] Building C object esp-idf/esp_hw_support/CMakeFiles/__idf_esp_hw_support.dir/port/esp_memprot_conv.c.obj
[405/1348] Building C object esp-idf/freertos/CMakeFiles/__idf_freertos.dir/FreeRTOS-Kernel/list.c.obj
[406/1348] Building C object esp-idf/freertos/CMakeFiles/__idf_freertos.dir/FreeRTOS-Kernel/portable/xtensa/port.c.obj
[407/1348] Building C object esp-idf/newlib/CMakeFiles/__idf_newlib.dir/locks.c.obj
[408/1348] Building C object esp-idf/newlib/CMakeFiles/__idf_newlib.dir/assert.c.obj
[409/1348] Building C object esp-idf/newlib/CMakeFiles/__idf_newlib.dir/pthread.c.obj
[410/1348] Building C object esp-idf/freertos/CMakeFiles/__idf_freertos.dir/port_common.c.obj
[411/1348] Building C object esp-idf/newlib/CMakeFiles/__idf_newlib.dir/random.c.obj
[412/1348] Building C object esp-idf/newlib/CMakeFiles/__idf_newlib.dir/reent_init.c.obj
[413/1348] Building C object esp-idf/newlib/CMakeFiles/__idf_newlib.dir/termios.c.obj
[414/1348] Building C object esp-idf/newlib/CMakeFiles/__idf_newlib.dir/stdatomic.c.obj
[415/1348] Building C object esp-idf/newlib/CMakeFiles/__idf_newlib.dir/time.c.obj
[416/1348] Building C object esp-idf/newlib/CMakeFiles/__idf_newlib.dir/sysconf.c.obj
[417/1348] Building C object esp-idf/freertos/CMakeFiles/__idf_freertos.dir/FreeRTOS-Kernel/portable/xtensa/xtensa_init.c.obj
[418/1348] Building C object esp-idf/pthread/CMakeFiles/__idf_pthread.dir/pthread_semaphore.c.obj
[419/1348] Building C object esp-idf/newlib/CMakeFiles/__idf_newlib.dir/scandir.c.obj
[420/1348] Building C object esp-idf/newlib/CMakeFiles/__idf_newlib.dir/poll.c.obj
[421/1348] Building C object esp-idf/pthread/CMakeFiles/__idf_pthread.dir/pthread_rwlock.c.obj
[422/1348] Building C object esp-idf/pthread/CMakeFiles/__idf_pthread.dir/pthread.c.obj
[423/1348] Building CXX object esp-idf/cxx/CMakeFiles/__idf_cxx.dir/cxx_exception_stubs.cpp.obj
[424/1348] Building C object esp-idf/pthread/CMakeFiles/__idf_pthread.dir/pthread_cond_var.c.obj
[425/1348] Building C object esp-idf/newlib/CMakeFiles/__idf_newlib.dir/newlib_init.c.obj
[426/1348] Building C object esp-idf/pthread/CMakeFiles/__idf_pthread.dir/pthread_local_storage.c.obj
[427/1348] Building CXX object esp-idf/cxx/CMakeFiles/__idf_cxx.dir/cxx_init.cpp.obj
[428/1348] Building C object esp-idf/newlib/CMakeFiles/__idf_newlib.dir/getentropy.c.obj
[429/1348] Building C object esp-idf/newlib/CMakeFiles/__idf_newlib.dir/syscalls.c.obj
[430/1348] Building C object esp-idf/esp_timer/CMakeFiles/__idf_esp_timer.dir/src/esp_timer_init.c.obj
[431/1348] Building CXX object esp-idf/cxx/CMakeFiles/__idf_cxx.dir/cxx_guards.cpp.obj
[432/1348] Building C object esp-idf/esp_timer/CMakeFiles/__idf_esp_timer.dir/src/esp_timer_impl_common.c.obj
[433/1348] Building C object esp-idf/esp_timer/CMakeFiles/__idf_esp_timer.dir/src/esp_timer_impl_systimer.c.obj
[434/1348] Building C object esp-idf/esp_driver_uart/CMakeFiles/__idf_esp_driver_uart.dir/src/uart_vfs.c.obj
[435/1348] Building C object esp-idf/esp_driver_gptimer/CMakeFiles/__idf_esp_driver_gptimer.dir/src/gptimer_priv.c.obj
[436/1348] Building C object esp-idf/esp_timer/CMakeFiles/__idf_esp_timer.dir/src/ets_timer_legacy.c.obj
[437/1348] Building C object esp-idf/esp_driver_uart/CMakeFiles/__idf_esp_driver_uart.dir/src/uart.c.obj
[438/1348] Building C object esp-idf/esp_timer/CMakeFiles/__idf_esp_timer.dir/src/esp_timer.c.obj
[439/1348] Building C object esp-idf/esp_driver_gptimer/CMakeFiles/__idf_esp_driver_gptimer.dir/src/gptimer.c.obj
[440/1348] Building C object esp-idf/esp_timer/CMakeFiles/__idf_esp_timer.dir/src/system_time.c.obj
[441/1348] Building C object esp-idf/newlib/CMakeFiles/__idf_newlib.dir/port/esp_time_impl.c.obj
[442/1348] Building C object esp-idf/esp_event/CMakeFiles/__idf_esp_event.dir/esp_event.c.obj
[443/1348] Building C object esp-idf/esp_event/CMakeFiles/__idf_esp_event.dir/default_event_loop.c.obj
[444/1348] Building C object esp-idf/esp_ringbuf/CMakeFiles/__idf_esp_ringbuf.dir/ringbuf.c.obj
[445/1348] Building C object esp-idf/newlib/CMakeFiles/__idf_newlib.dir/realpath.c.obj
[446/1348] Building CXX object esp-idf/nvs_flash/CMakeFiles/__idf_nvs_flash.dir/src/nvs_pagemanager.cpp.obj
[447/1348] Building CXX object esp-idf/nvs_flash/CMakeFiles/__idf_nvs_flash.dir/src/nvs_storage.cpp.obj
[448/1348] Building CXX object esp-idf/nvs_flash/CMakeFiles/__idf_nvs_flash.dir/src/nvs_partition_lookup.cpp.obj
[449/1348] Building CXX object esp-idf/nvs_flash/CMakeFiles/__idf_nvs_flash.dir/src/nvs_api.cpp.obj
[450/1348] Building CXX object esp-idf/nvs_flash/CMakeFiles/__idf_nvs_flash.dir/src/nvs_handle_simple.cpp.obj
[451/1348] Building CXX object esp-idf/nvs_flash/CMakeFiles/__idf_nvs_flash.dir/src/nvs_cxx_api.cpp.obj
[452/1348] Building C object esp-idf/esp_event/CMakeFiles/__idf_esp_event.dir/esp_event_private.c.obj
[453/1348] Building CXX object esp-idf/nvs_flash/CMakeFiles/__idf_nvs_flash.dir/src/nvs_item_hash_list.cpp.obj
[454/1348] Building CXX object esp-idf/nvs_flash/CMakeFiles/__idf_nvs_flash.dir/src/nvs_encrypted_partition.cpp.obj
[455/1348] Building C object esp-idf/esp_driver_spi/CMakeFiles/__idf_esp_driver_spi.dir/src/gpspi/spi_dma.c.obj
[456/1348] Building CXX object esp-idf/nvs_flash/CMakeFiles/__idf_nvs_flash.dir/src/nvs_handle_locked.cpp.obj
[457/1348] Building CXX object esp-idf/nvs_flash/CMakeFiles/__idf_nvs_flash.dir/src/nvs_page.cpp.obj
[458/1348] Building CXX object esp-idf/nvs_flash/CMakeFiles/__idf_nvs_flash.dir/src/nvs_platform.cpp.obj
[459/1348] Building C object esp-idf/esp_driver_spi/CMakeFiles/__idf_esp_driver_spi.dir/src/gpspi/spi_master.c.obj
[460/1348] Building C object esp-idf/esp_driver_spi/CMakeFiles/__idf_esp_driver_spi.dir/src/gpspi/spi_common.c.obj
[461/1348] Building CXX object esp-idf/nvs_flash/CMakeFiles/__idf_nvs_flash.dir/src/nvs_partition.cpp.obj
[462/1348] Building C object esp-idf/esp_driver_spi/CMakeFiles/__idf_esp_driver_spi.dir/src/gpspi/spi_slave_hd.c.obj
[463/1348] Building CXX object esp-idf/nvs_flash/CMakeFiles/__idf_nvs_flash.dir/src/nvs_partition_manager.cpp.obj
[464/1348] Building C object esp-idf/esp_driver_mcpwm/CMakeFiles/__idf_esp_driver_mcpwm.dir/src/mcpwm_com.c.obj
[465/1348] Building C object esp-idf/esp_driver_pcnt/CMakeFiles/__idf_esp_driver_pcnt.dir/src/pulse_cnt.c.obj
[466/1348] Building C object esp-idf/esp_driver_mcpwm/CMakeFiles/__idf_esp_driver_mcpwm.dir/src/mcpwm_cap.c.obj
[467/1348] Building C object esp-idf/esp_driver_mcpwm/CMakeFiles/__idf_esp_driver_mcpwm.dir/src/mcpwm_cmpr.c.obj
[468/1348] Building CXX object esp-idf/nvs_flash/CMakeFiles/__idf_nvs_flash.dir/src/nvs_types.cpp.obj
[469/1348] Building C object esp-idf/esp_driver_mcpwm/CMakeFiles/__idf_esp_driver_mcpwm.dir/src/mcpwm_fault.c.obj
[470/1348] Building C object esp-idf/esp_driver_mcpwm/CMakeFiles/__idf_esp_driver_mcpwm.dir/src/mcpwm_timer.c.obj
[471/1348] Building C object esp-idf/esp_driver_i2s/CMakeFiles/__idf_esp_driver_i2s.dir/i2s_platform.c.obj
[472/1348] Building C object esp-idf/esp_driver_mcpwm/CMakeFiles/__idf_esp_driver_mcpwm.dir/src/mcpwm_gen.c.obj
[473/1348] Building C object esp-idf/esp_driver_i2s/CMakeFiles/__idf_esp_driver_i2s.dir/i2s_tdm.c.obj
[474/1348] Building C object esp-idf/esp_driver_mcpwm/CMakeFiles/__idf_esp_driver_mcpwm.dir/src/mcpwm_sync.c.obj
[475/1348] Building C object esp-idf/esp_driver_spi/CMakeFiles/__idf_esp_driver_spi.dir/src/gpspi/spi_slave.c.obj
[476/1348] Building C object esp-idf/sdmmc/CMakeFiles/__idf_sdmmc.dir/sdmmc_sd.c.obj
[477/1348] Building C object esp-idf/esp_driver_i2s/CMakeFiles/__idf_esp_driver_i2s.dir/i2s_std.c.obj
[478/1348] Building C object esp-idf/esp_driver_i2s/CMakeFiles/__idf_esp_driver_i2s.dir/i2s_common.c.obj
[479/1348] Building C object esp-idf/esp_driver_i2s/CMakeFiles/__idf_esp_driver_i2s.dir/i2s_pdm.c.obj
[480/1348] Building C object esp-idf/sdmmc/CMakeFiles/__idf_sdmmc.dir/sdmmc_init.c.obj
[481/1348] Building C object esp-idf/sdmmc/CMakeFiles/__idf_sdmmc.dir/sdmmc_mmc.c.obj
[482/1348] Building C object esp-idf/sdmmc/CMakeFiles/__idf_sdmmc.dir/sdmmc_common.c.obj
[483/1348] Building C object esp-idf/esp_driver_sdmmc/CMakeFiles/__idf_esp_driver_sdmmc.dir/src/sdmmc_transaction.c.obj
[484/1348] Building C object esp-idf/sdmmc/CMakeFiles/__idf_sdmmc.dir/sdmmc_cmd.c.obj
[485/1348] Building C object esp-idf/esp_driver_sdspi/CMakeFiles/__idf_esp_driver_sdspi.dir/src/sdspi_crc.c.obj
[486/1348] Building C object esp-idf/sdmmc/CMakeFiles/__idf_sdmmc.dir/sd_pwr_ctrl/sd_pwr_ctrl.c.obj
[487/1348] Building C object esp-idf/esp_driver_rmt/CMakeFiles/__idf_esp_driver_rmt.dir/src/rmt_common.c.obj
[488/1348] Building C object esp-idf/sdmmc/CMakeFiles/__idf_sdmmc.dir/sdmmc_io.c.obj
[489/1348] Building C object esp-idf/esp_driver_sdmmc/CMakeFiles/__idf_esp_driver_sdmmc.dir/src/sdmmc_host.c.obj
[490/1348] Building C object esp-idf/esp_driver_sdspi/CMakeFiles/__idf_esp_driver_sdspi.dir/src/sdspi_host.c.obj
[491/1348] Building C object esp-idf/esp_driver_rmt/CMakeFiles/__idf_esp_driver_rmt.dir/src/rmt_encoder.c.obj
[492/1348] Building C object esp-idf/esp_driver_sdspi/CMakeFiles/__idf_esp_driver_sdspi.dir/src/sdspi_transaction.c.obj
[493/1348] Building C object esp-idf/esp_driver_mcpwm/CMakeFiles/__idf_esp_driver_mcpwm.dir/src/mcpwm_oper.c.obj
[494/1348] Building C object esp-idf/esp_driver_sdm/CMakeFiles/__idf_esp_driver_sdm.dir/src/sdm.c.obj
[495/1348] Building C object esp-idf/esp_driver_rmt/CMakeFiles/__idf_esp_driver_rmt.dir/src/rmt_tx.c.obj
[496/1348] Building C object esp-idf/esp_driver_i2c/CMakeFiles/__idf_esp_driver_i2c.dir/i2c_slave.c.obj
[497/1348] Building C object esp-idf/esp_driver_usb_serial_jtag/CMakeFiles/__idf_esp_driver_usb_serial_jtag.dir/src/usb_serial_jtag_connection_monitor.c.obj
[498/1348] Building C object esp-idf/driver/CMakeFiles/__idf_driver.dir/deprecated/adc_legacy.c.obj
[499/1348] Building C object esp-idf/esp_driver_i2c/CMakeFiles/__idf_esp_driver_i2c.dir/i2c_master.c.obj
[500/1348] Building C object esp-idf/esp_driver_tsens/CMakeFiles/__idf_esp_driver_tsens.dir/src/temperature_sensor.c.obj
[501/1348] Building C object esp-idf/driver/CMakeFiles/__idf_driver.dir/deprecated/adc_dma_legacy.c.obj
[502/1348] Building C object esp-idf/driver/CMakeFiles/__idf_driver.dir/i2c/i2c.c.obj
[503/1348] Building C object esp-idf/driver/CMakeFiles/__idf_driver.dir/deprecated/mcpwm_legacy.c.obj
[504/1348] Building C object esp-idf/driver/CMakeFiles/__idf_driver.dir/deprecated/timer_legacy.c.obj
[505/1348] Building C object esp-idf/esp_driver_i2c/CMakeFiles/__idf_esp_driver_i2c.dir/i2c_common.c.obj
[506/1348] Building C object esp-idf/driver/CMakeFiles/__idf_driver.dir/deprecated/rmt_legacy.c.obj
[507/1348] Building C object esp-idf/driver/CMakeFiles/__idf_driver.dir/deprecated/sigma_delta_legacy.c.obj
[508/1348] Building C object esp-idf/driver/CMakeFiles/__idf_driver.dir/deprecated/pcnt_legacy.c.obj
[509/1348] Building C object esp-idf/driver/CMakeFiles/__idf_driver.dir/touch_sensor/touch_sensor_common.c.obj
[510/1348] Building C object esp-idf/driver/CMakeFiles/__idf_driver.dir/deprecated/i2s_legacy.c.obj
[511/1348] Building C object esp-idf/driver/CMakeFiles/__idf_driver.dir/deprecated/rtc_temperature_legacy.c.obj
[512/1348] Building C object esp-idf/esp_driver_usb_serial_jtag/CMakeFiles/__idf_esp_driver_usb_serial_jtag.dir/src/usb_serial_jtag.c.obj
[513/1348] Building C object esp-idf/esp_driver_ledc/CMakeFiles/__idf_esp_driver_ledc.dir/src/ledc.c.obj
[514/1348] Building C object esp-idf/driver/CMakeFiles/__idf_driver.dir/touch_sensor/esp32s3/touch_sensor.c.obj
[515/1348] Building C object esp-idf/esp_phy/CMakeFiles/__idf_esp_phy.dir/src/phy_common.c.obj
[516/1348] Building C object esp-idf/esp_phy/CMakeFiles/__idf_esp_phy.dir/esp32s3/phy_init_data.c.obj
[517/1348] Building C object esp-idf/esp_driver_usb_serial_jtag/CMakeFiles/__idf_esp_driver_usb_serial_jtag.dir/src/usb_serial_jtag_vfs.c.obj
[518/1348] Building C object esp-idf/vfs/CMakeFiles/__idf_vfs.dir/vfs.c.obj
[519/1348] Building C object esp-idf/esp_phy/CMakeFiles/__idf_esp_phy.dir/src/lib_printf.c.obj
[520/1348] Building C object esp-idf/vfs/CMakeFiles/__idf_vfs.dir/vfs_eventfd.c.obj
[521/1348] Building C object esp-idf/lwip/CMakeFiles/__idf_lwip.dir/lwip/src/api/api_msg.c.obj
[522/1348] Building C object esp-idf/lwip/CMakeFiles/__idf_lwip.dir/apps/sntp/sntp.c.obj
[523/1348] Building C object esp-idf/esp_phy/CMakeFiles/__idf_esp_phy.dir/src/phy_override.c.obj
[524/1348] Building C object esp-idf/lwip/CMakeFiles/__idf_lwip.dir/lwip/src/api/netdb.c.obj
[525/1348] Building C object esp-idf/lwip/CMakeFiles/__idf_lwip.dir/lwip/src/api/api_lib.c.obj
[526/1348] Building C object esp-idf/lwip/CMakeFiles/__idf_lwip.dir/lwip/src/api/netbuf.c.obj
[527/1348] Building C object esp-idf/lwip/CMakeFiles/__idf_lwip.dir/lwip/src/api/if_api.c.obj
[528/1348] Building C object esp-idf/esp_phy/CMakeFiles/__idf_esp_phy.dir/src/btbb_init.c.obj
[529/1348] Building C object esp-idf/esp_vfs_console/CMakeFiles/__idf_esp_vfs_console.dir/vfs_console.c.obj
[530/1348] Building C object esp-idf/lwip/CMakeFiles/__idf_lwip.dir/lwip/src/api/err.c.obj
[531/1348] Building C object esp-idf/lwip/CMakeFiles/__idf_lwip.dir/lwip/src/api/netifapi.c.obj
[532/1348] Building C object esp-idf/vfs/CMakeFiles/__idf_vfs.dir/vfs_semihost.c.obj
[533/1348] Building C object esp-idf/esp_phy/CMakeFiles/__idf_esp_phy.dir/src/phy_init.c.obj
[534/1348] Building C object esp-idf/esp_driver_rmt/CMakeFiles/__idf_esp_driver_rmt.dir/src/rmt_rx.c.obj
[535/1348] Building C object esp-idf/driver/CMakeFiles/__idf_driver.dir/twai/twai.c.obj
[536/1348] Building C object esp-idf/lwip/CMakeFiles/__idf_lwip.dir/lwip/src/api/tcpip.c.obj
[537/1348] Building C object esp-idf/lwip/CMakeFiles/__idf_lwip.dir/lwip/src/apps/sntp/sntp.c.obj
[538/1348] Building C object esp-idf/lwip/CMakeFiles/__idf_lwip.dir/lwip/src/apps/netbiosns/netbiosns.c.obj
[539/1348] Building C object esp-idf/lwip/CMakeFiles/__idf_lwip.dir/lwip/src/core/inet_chksum.c.obj
[540/1348] Building C object esp-idf/lwip/CMakeFiles/__idf_lwip.dir/lwip/src/api/sockets.c.obj
[541/1348] Building C object esp-idf/lwip/CMakeFiles/__idf_lwip.dir/lwip/src/core/dns.c.obj
[542/1348] Building C object esp-idf/lwip/CMakeFiles/__idf_lwip.dir/lwip/src/core/ip.c.obj
[543/1348] Building C object esp-idf/lwip/CMakeFiles/__idf_lwip.dir/lwip/src/core/mem.c.obj
[544/1348] Building C object esp-idf/lwip/CMakeFiles/__idf_lwip.dir/lwip/src/core/memp.c.obj
[545/1348] Building C object esp-idf/lwip/CMakeFiles/__idf_lwip.dir/lwip/src/core/netif.c.obj
[546/1348] Building C object esp-idf/lwip/CMakeFiles/__idf_lwip.dir/lwip/src/core/pbuf.c.obj
[547/1348] Building C object esp-idf/lwip/CMakeFiles/__idf_lwip.dir/lwip/src/core/stats.c.obj
[548/1348] Building C object esp-idf/lwip/CMakeFiles/__idf_lwip.dir/lwip/src/core/udp.c.obj
[549/1348] Building C object esp-idf/lwip/CMakeFiles/__idf_lwip.dir/lwip/src/core/sys.c.obj
[550/1348] Building C object esp-idf/lwip/CMakeFiles/__idf_lwip.dir/lwip/src/core/tcp.c.obj
[551/1348] Building C object esp-idf/lwip/CMakeFiles/__idf_lwip.dir/lwip/src/core/tcp_in.c.obj
[552/1348] Building C object esp-idf/lwip/CMakeFiles/__idf_lwip.dir/lwip/src/core/tcp_out.c.obj
[553/1348] Building C object esp-idf/lwip/CMakeFiles/__idf_lwip.dir/lwip/src/core/ipv4/etharp.c.obj
[554/1348] Building C object esp-idf/lwip/CMakeFiles/__idf_lwip.dir/lwip/src/core/ipv4/icmp.c.obj
[555/1348] Building C object esp-idf/lwip/CMakeFiles/__idf_lwip.dir/lwip/src/core/def.c.obj
[556/1348] Building C object esp-idf/lwip/CMakeFiles/__idf_lwip.dir/lwip/src/core/ipv4/ip4_napt.c.obj
[557/1348] Building C object esp-idf/lwip/CMakeFiles/__idf_lwip.dir/lwip/src/core/ipv4/ip4_frag.c.obj
[558/1348] Building C object esp-idf/lwip/CMakeFiles/__idf_lwip.dir/lwip/src/core/ipv6/dhcp6.c.obj
[559/1348] Building C object esp-idf/lwip/CMakeFiles/__idf_lwip.dir/lwip/src/core/ipv4/ip4.c.obj
[560/1348] Building C object esp-idf/lwip/CMakeFiles/__idf_lwip.dir/lwip/src/core/init.c.obj
[561/1348] Building C object esp-idf/lwip/CMakeFiles/__idf_lwip.dir/lwip/src/core/ipv6/ip6_addr.c.obj
[562/1348] Building C object esp-idf/lwip/CMakeFiles/__idf_lwip.dir/lwip/src/core/timeouts.c.obj
[563/1348] Building C object esp-idf/lwip/CMakeFiles/__idf_lwip.dir/lwip/src/core/ipv4/dhcp.c.obj
[564/1348] Building C object esp-idf/lwip/CMakeFiles/__idf_lwip.dir/lwip/src/core/ipv4/ip4_addr.c.obj
[565/1348] Building C object esp-idf/lwip/CMakeFiles/__idf_lwip.dir/lwip/src/core/ipv6/inet6.c.obj
[566/1348] Building C object esp-idf/lwip/CMakeFiles/__idf_lwip.dir/lwip/src/core/ipv6/ethip6.c.obj
[567/1348] Building C object esp-idf/lwip/CMakeFiles/__idf_lwip.dir/lwip/src/core/ipv6/ip6.c.obj
[568/1348] Building C object esp-idf/lwip/CMakeFiles/__idf_lwip.dir/lwip/src/core/ipv4/autoip.c.obj
[569/1348] Building C object esp-idf/lwip/CMakeFiles/__idf_lwip.dir/lwip/src/core/ipv6/ip6_frag.c.obj
[570/1348] Building C object esp-idf/lwip/CMakeFiles/__idf_lwip.dir/lwip/src/netif/ethernet.c.obj
[571/1348] Building C object esp-idf/lwip/CMakeFiles/__idf_lwip.dir/lwip/src/netif/ppp/auth.c.obj
[572/1348] Building C object esp-idf/lwip/CMakeFiles/__idf_lwip.dir/lwip/src/netif/ppp/ccp.c.obj
[573/1348] Building C object esp-idf/lwip/CMakeFiles/__idf_lwip.dir/lwip/src/netif/ppp/demand.c.obj
[574/1348] Building C object esp-idf/lwip/CMakeFiles/__idf_lwip.dir/lwip/src/netif/bridgeif.c.obj
[575/1348] Building C object esp-idf/lwip/CMakeFiles/__idf_lwip.dir/lwip/src/netif/ppp/chap-new.c.obj
[576/1348] Building C object esp-idf/lwip/CMakeFiles/__idf_lwip.dir/lwip/src/netif/ppp/chap-md5.c.obj
[577/1348] Building C object esp-idf/lwip/CMakeFiles/__idf_lwip.dir/lwip/src/netif/bridgeif_fdb.c.obj
[578/1348] Building C object esp-idf/lwip/CMakeFiles/__idf_lwip.dir/lwip/src/netif/ppp/ipcp.c.obj
[579/1348] Building C object esp-idf/lwip/CMakeFiles/__idf_lwip.dir/lwip/src/core/ipv4/igmp.c.obj
[580/1348] Building C object esp-idf/lwip/CMakeFiles/__idf_lwip.dir/lwip/src/netif/ppp/chap_ms.c.obj
[581/1348] Building C object esp-idf/lwip/CMakeFiles/__idf_lwip.dir/lwip/src/core/ipv6/mld6.c.obj
[582/1348] Building C object esp-idf/lwip/CMakeFiles/__idf_lwip.dir/lwip/src/core/raw.c.obj
[583/1348] Building C object esp-idf/lwip/CMakeFiles/__idf_lwip.dir/lwip/src/netif/ppp/eui64.c.obj
[584/1348] Building C object esp-idf/lwip/CMakeFiles/__idf_lwip.dir/lwip/src/netif/ppp/magic.c.obj
[585/1348] Building C object esp-idf/lwip/CMakeFiles/__idf_lwip.dir/lwip/src/netif/ppp/ipv6cp.c.obj
[586/1348] Building C object esp-idf/lwip/CMakeFiles/__idf_lwip.dir/lwip/src/core/ipv6/icmp6.c.obj
[587/1348] Building C object esp-idf/lwip/CMakeFiles/__idf_lwip.dir/lwip/src/netif/ppp/fsm.c.obj
[588/1348] Building C object esp-idf/lwip/CMakeFiles/__idf_lwip.dir/lwip/src/netif/ppp/multilink.c.obj
[589/1348] Building C object esp-idf/lwip/CMakeFiles/__idf_lwip.dir/lwip/src/netif/ppp/lcp.c.obj
[590/1348] Building C object esp-idf/lwip/CMakeFiles/__idf_lwip.dir/lwip/src/netif/ppp/mppe.c.obj
[591/1348] Building C object esp-idf/lwip/CMakeFiles/__idf_lwip.dir/lwip/src/netif/ppp/pppapi.c.obj
[592/1348] Building C object esp-idf/lwip/CMakeFiles/__idf_lwip.dir/lwip/src/netif/ppp/eap.c.obj
[593/1348] Building C object esp-idf/lwip/CMakeFiles/__idf_lwip.dir/lwip/src/netif/ppp/pppcrypt.c.obj
[594/1348] Building C object esp-idf/lwip/CMakeFiles/__idf_lwip.dir/lwip/src/netif/ppp/pppoe.c.obj
[595/1348] Building C object esp-idf/lwip/CMakeFiles/__idf_lwip.dir/lwip/src/netif/ppp/ecp.c.obj
[596/1348] Building C object esp-idf/lwip/CMakeFiles/__idf_lwip.dir/lwip/src/netif/ppp/pppol2tp.c.obj
[597/1348] Building C object esp-idf/lwip/CMakeFiles/__idf_lwip.dir/lwip/src/netif/ppp/upap.c.obj
[598/1348] Building C object esp-idf/lwip/CMakeFiles/__idf_lwip.dir/lwip/src/netif/slipif.c.obj
[599/1348] Building C object esp-idf/lwip/CMakeFiles/__idf_lwip.dir/lwip/src/netif/ppp/utils.c.obj
[600/1348] Building C object esp-idf/lwip/CMakeFiles/__idf_lwip.dir/port/debug/lwip_debug.c.obj
[601/1348] Building C object esp-idf/lwip/CMakeFiles/__idf_lwip.dir/port/sockets_ext.c.obj
[602/1348] Building C object esp-idf/lwip/CMakeFiles/__idf_lwip.dir/apps/ping/ping.c.obj
[603/1348] Building C object esp-idf/lwip/CMakeFiles/__idf_lwip.dir/port/esp32xx/vfs_lwip.c.obj
[604/1348] Building C object esp-idf/lwip/CMakeFiles/__idf_lwip.dir/port/hooks/tcp_isn_default.c.obj
[605/1348] Building C object esp-idf/lwip/CMakeFiles/__idf_lwip.dir/port/hooks/lwip_default_hooks.c.obj
[606/1348] Building C object esp-idf/lwip/CMakeFiles/__idf_lwip.dir/port/freertos/sys_arch.c.obj
[607/1348] Building C object esp-idf/esp_netif/CMakeFiles/__idf_esp_netif.dir/lwip/esp_netif_lwip.c.obj
[608/1348] Building C object esp-idf/lwip/CMakeFiles/__idf_lwip.dir/apps/dhcpserver/dhcpserver.c.obj
[609/1348] Building C object esp-idf/esp_netif/CMakeFiles/__idf_esp_netif.dir/esp_netif_objects.c.obj
[610/1348] Building C object esp-idf/esp_netif/CMakeFiles/__idf_esp_netif.dir/esp_netif_handlers.c.obj
[611/1348] Building C object esp-idf/lwip/CMakeFiles/__idf_lwip.dir/apps/ping/esp_ping.c.obj
[612/1348] Building C object esp-idf/lwip/CMakeFiles/__idf_lwip.dir/lwip/src/core/ipv6/nd6.c.obj
[613/1348] Building C object esp-idf/esp_netif/CMakeFiles/__idf_esp_netif.dir/lwip/netif/wlanif.c.obj
[614/1348] Building C object esp-idf/esp_netif/CMakeFiles/__idf_esp_netif.dir/lwip/netif/esp_pbuf_ref.c.obj
[615/1348] Building C object esp-idf/lwip/CMakeFiles/__idf_lwip.dir/apps/ping/ping_sock.c.obj
[616/1348] Building C object esp-idf/lwip/CMakeFiles/__idf_lwip.dir/lwip/src/netif/ppp/ppp.c.obj
[617/1348] Building C object esp-idf/esp_netif/CMakeFiles/__idf_esp_netif.dir/lwip/esp_netif_sntp.c.obj
[618/1348] Building C object esp-idf/wpa_supplicant/CMakeFiles/__idf_wpa_supplicant.dir/port/os_xtensa.c.obj
[619/1348] Building C object esp-idf/esp_netif/CMakeFiles/__idf_esp_netif.dir/lwip/esp_netif_lwip_defaults.c.obj
[620/1348] Building C object esp-idf/esp_netif/CMakeFiles/__idf_esp_netif.dir/lwip/netif/ethernetif.c.obj
[621/1348] Building C object esp-idf/wpa_supplicant/CMakeFiles/__idf_wpa_supplicant.dir/port/eloop.c.obj
[622/1348] Building C object esp-idf/wpa_supplicant/CMakeFiles/__idf_wpa_supplicant.dir/src/ap/wpa_auth.c.obj
[623/1348] Building C object esp-idf/lwip/CMakeFiles/__idf_lwip.dir/lwip/src/netif/ppp/pppos.c.obj
[624/1348] Building C object esp-idf/wpa_supplicant/CMakeFiles/__idf_wpa_supplicant.dir/src/ap/comeback_token.c.obj
[625/1348] Building C object esp-idf/lwip/CMakeFiles/__idf_lwip.dir/lwip/src/netif/ppp/vj.c.obj
[626/1348] Building C object esp-idf/wpa_supplicant/CMakeFiles/__idf_wpa_supplicant.dir/src/crypto/sha256-kdf.c.obj
[627/1348] Building C object esp-idf/wpa_supplicant/CMakeFiles/__idf_wpa_supplicant.dir/src/ap/ap_config.c.obj
[628/1348] Building C object esp-idf/wpa_supplicant/CMakeFiles/__idf_wpa_supplicant.dir/src/ap/ieee802_1x.c.obj
[629/1348] Building C object esp-idf/wpa_supplicant/CMakeFiles/__idf_wpa_supplicant.dir/src/ap/ieee802_11.c.obj
[630/1348] Building C object esp-idf/esp_netif/CMakeFiles/__idf_esp_netif.dir/esp_netif_defaults.c.obj
[631/1348] Building C object esp-idf/wpa_supplicant/CMakeFiles/__idf_wpa_supplicant.dir/src/common/sae.c.obj
[632/1348] Building C object esp-idf/wpa_supplicant/CMakeFiles/__idf_wpa_supplicant.dir/src/ap/wpa_auth_ie.c.obj
[633/1348] Building C object esp-idf/wpa_supplicant/CMakeFiles/__idf_wpa_supplicant.dir/src/utils/bitfield.c.obj
[634/1348] Building C object esp-idf/wpa_supplicant/CMakeFiles/__idf_wpa_supplicant.dir/src/crypto/aes-siv.c.obj
[635/1348] Building C object esp-idf/wpa_supplicant/CMakeFiles/__idf_wpa_supplicant.dir/src/ap/sta_info.c.obj
[636/1348] Building C object esp-idf/wpa_supplicant/CMakeFiles/__idf_wpa_supplicant.dir/src/crypto/ccmp.c.obj
[637/1348] Building C object esp-idf/wpa_supplicant/CMakeFiles/__idf_wpa_supplicant.dir/src/ap/pmksa_cache_auth.c.obj
[638/1348] Building C object esp-idf/wpa_supplicant/CMakeFiles/__idf_wpa_supplicant.dir/src/common/wpa_common.c.obj
[639/1348] Building C object esp-idf/wpa_supplicant/CMakeFiles/__idf_wpa_supplicant.dir/src/crypto/aes-gcm.c.obj
[640/1348] Building C object esp-idf/wpa_supplicant/CMakeFiles/__idf_wpa_supplicant.dir/src/common/dragonfly.c.obj
[641/1348] Building C object esp-idf/wpa_supplicant/CMakeFiles/__idf_wpa_supplicant.dir/src/crypto/ms_funcs.c.obj
[642/1348] Building C object esp-idf/wpa_supplicant/CMakeFiles/__idf_wpa_supplicant.dir/src/crypto/dh_group5.c.obj
[643/1348] Building C object esp-idf/wpa_supplicant/CMakeFiles/__idf_wpa_supplicant.dir/src/crypto/crypto_ops.c.obj
[644/1348] Building C object esp-idf/wpa_supplicant/CMakeFiles/__idf_wpa_supplicant.dir/src/crypto/dh_groups.c.obj
[645/1348] Building C object esp-idf/wpa_supplicant/CMakeFiles/__idf_wpa_supplicant.dir/src/crypto/sha1-tlsprf.c.obj
[646/1348] Building C object esp-idf/wpa_supplicant/CMakeFiles/__idf_wpa_supplicant.dir/src/crypto/sha256-prf.c.obj
[647/1348] Building C object esp-idf/wpa_supplicant/CMakeFiles/__idf_wpa_supplicant.dir/src/crypto/sha1-prf.c.obj
[648/1348] Building C object esp-idf/wpa_supplicant/CMakeFiles/__idf_wpa_supplicant.dir/src/crypto/sha384-prf.c.obj
[649/1348] Building C object esp-idf/wpa_supplicant/CMakeFiles/__idf_wpa_supplicant.dir/src/crypto/sha1-tprf.c.obj
[650/1348] Building C object esp-idf/wpa_supplicant/CMakeFiles/__idf_wpa_supplicant.dir/src/crypto/md4-internal.c.obj
[651/1348] Building C object esp-idf/wpa_supplicant/CMakeFiles/__idf_wpa_supplicant.dir/src/common/ieee802_11_common.c.obj
[652/1348] Building C object esp-idf/wpa_supplicant/CMakeFiles/__idf_wpa_supplicant.dir/src/eap_common/eap_wsc_common.c.obj
[653/1348] Building C object esp-idf/wpa_supplicant/CMakeFiles/__idf_wpa_supplicant.dir/src/eap_peer/eap.c.obj
[654/1348] Building C object esp-idf/wpa_supplicant/CMakeFiles/__idf_wpa_supplicant.dir/src/eap_peer/chap.c.obj
[655/1348] Building C object esp-idf/wpa_supplicant/CMakeFiles/__idf_wpa_supplicant.dir/src/crypto/sha384-tlsprf.c.obj
[656/1348] Building C object esp-idf/wpa_supplicant/CMakeFiles/__idf_wpa_supplicant.dir/src/eap_peer/eap_peap.c.obj
[657/1348] Building C object esp-idf/wpa_supplicant/CMakeFiles/__idf_wpa_supplicant.dir/src/eap_peer/eap_mschapv2.c.obj
[658/1348] Building C object esp-idf/wpa_supplicant/CMakeFiles/__idf_wpa_supplicant.dir/src/eap_peer/eap_tls.c.obj
[659/1348] Building C object esp-idf/wpa_supplicant/CMakeFiles/__idf_wpa_supplicant.dir/src/eap_peer/eap_common.c.obj
[660/1348] Building C object esp-idf/wpa_supplicant/CMakeFiles/__idf_wpa_supplicant.dir/src/crypto/sha256-tlsprf.c.obj
[661/1348] Building C object esp-idf/wpa_supplicant/CMakeFiles/__idf_wpa_supplicant.dir/src/eap_peer/eap_fast_common.c.obj
[662/1348] Building C object esp-idf/wpa_supplicant/CMakeFiles/__idf_wpa_supplicant.dir/src/eap_peer/eap_ttls.c.obj
[663/1348] Building C object esp-idf/wpa_supplicant/CMakeFiles/__idf_wpa_supplicant.dir/src/eap_peer/mschapv2.c.obj
[664/1348] Building C object esp-idf/wpa_supplicant/CMakeFiles/__idf_wpa_supplicant.dir/src/eap_peer/eap_peap_common.c.obj
[665/1348] Building C object esp-idf/wpa_supplicant/CMakeFiles/__idf_wpa_supplicant.dir/src/eap_peer/eap_fast.c.obj
[666/1348] Building C object esp-idf/wpa_supplicant/CMakeFiles/__idf_wpa_supplicant.dir/src/utils/ext_password.c.obj
[667/1348] Building C object esp-idf/wpa_supplicant/CMakeFiles/__idf_wpa_supplicant.dir/src/utils/uuid.c.obj
[668/1348] Building C object esp-idf/wpa_supplicant/CMakeFiles/__idf_wpa_supplicant.dir/src/eap_peer/eap_fast_pac.c.obj
[669/1348] Building C object esp-idf/wpa_supplicant/CMakeFiles/__idf_wpa_supplicant.dir/src/rsn_supp/wpa_ie.c.obj
[670/1348] Building C object esp-idf/wpa_supplicant/CMakeFiles/__idf_wpa_supplicant.dir/src/wps/wps.c.obj
[671/1348] Building C object esp-idf/wpa_supplicant/CMakeFiles/__idf_wpa_supplicant.dir/src/utils/wpabuf.c.obj
[672/1348] Building C object esp-idf/wpa_supplicant/CMakeFiles/__idf_wpa_supplicant.dir/src/rsn_supp/wpa.c.obj
[673/1348] Building C object esp-idf/wpa_supplicant/CMakeFiles/__idf_wpa_supplicant.dir/src/utils/base64.c.obj
[674/1348] Building C object esp-idf/wpa_supplicant/CMakeFiles/__idf_wpa_supplicant.dir/src/utils/wpa_debug.c.obj
[675/1348] Building C object esp-idf/wpa_supplicant/CMakeFiles/__idf_wpa_supplicant.dir/src/eap_peer/eap_tls_common.c.obj
[676/1348] Building C object esp-idf/wpa_supplicant/CMakeFiles/__idf_wpa_supplicant.dir/src/utils/json.c.obj
[677/1348] Building C object esp-idf/wpa_supplicant/CMakeFiles/__idf_wpa_supplicant.dir/src/wps/wps_attr_parse.c.obj
[678/1348] Building C object esp-idf/wpa_supplicant/CMakeFiles/__idf_wpa_supplicant.dir/src/wps/wps_attr_process.c.obj
[679/1348] Building C object esp-idf/wpa_supplicant/CMakeFiles/__idf_wpa_supplicant.dir/src/wps/wps_dev_attr.c.obj
[680/1348] Building C object esp-idf/wpa_supplicant/CMakeFiles/__idf_wpa_supplicant.dir/src/rsn_supp/pmksa_cache.c.obj
[681/1348] Building C object esp-idf/wpa_supplicant/CMakeFiles/__idf_wpa_supplicant.dir/src/wps/wps_enrollee.c.obj
[682/1348] Building C object esp-idf/wpa_supplicant/CMakeFiles/__idf_wpa_supplicant.dir/src/common/sae_pk.c.obj
[683/1348] Building C object esp-idf/wpa_supplicant/CMakeFiles/__idf_wpa_supplicant.dir/src/wps/wps_common.c.obj
[684/1348] Building C object esp-idf/wpa_supplicant/CMakeFiles/__idf_wpa_supplicant.dir/esp_supplicant/src/esp_wpa_main.c.obj
[685/1348] Building C object esp-idf/wpa_supplicant/CMakeFiles/__idf_wpa_supplicant.dir/esp_supplicant/src/esp_wpa2_api_port.c.obj
[686/1348] Building C object esp-idf/wpa_supplicant/CMakeFiles/__idf_wpa_supplicant.dir/src/utils/common.c.obj
[687/1348] Building C object esp-idf/wpa_supplicant/CMakeFiles/__idf_wpa_supplicant.dir/esp_supplicant/src/esp_wpas_glue.c.obj
[688/1348] Building C object esp-idf/wpa_supplicant/CMakeFiles/__idf_wpa_supplicant.dir/esp_supplicant/src/esp_hostap.c.obj
[689/1348] Building C object esp-idf/wpa_supplicant/CMakeFiles/__idf_wpa_supplicant.dir/src/wps/wps_attr_build.c.obj
[690/1348] Building C object esp-idf/wpa_supplicant/CMakeFiles/__idf_wpa_supplicant.dir/esp_supplicant/src/esp_eap_client.c.obj
[691/1348] Building C object esp-idf/wpa_supplicant/CMakeFiles/__idf_wpa_supplicant.dir/esp_supplicant/src/crypto/tls_mbedtls.c.obj
[692/1348] Building C object esp-idf/wpa_supplicant/CMakeFiles/__idf_wpa_supplicant.dir/esp_supplicant/src/crypto/crypto_mbedtls.c.obj
[693/1348] Building C object esp-idf/wpa_supplicant/CMakeFiles/__idf_wpa_supplicant.dir/esp_supplicant/src/esp_wpa3.c.obj
[694/1348] Building C object esp-idf/wpa_supplicant/CMakeFiles/__idf_wpa_supplicant.dir/esp_supplicant/src/crypto/crypto_mbedtls-bignum.c.obj
[695/1348] Building C object esp-idf/wpa_supplicant/CMakeFiles/__idf_wpa_supplicant.dir/esp_supplicant/src/esp_owe.c.obj
[696/1348] Building C object esp-idf/wpa_supplicant/CMakeFiles/__idf_wpa_supplicant.dir/esp_supplicant/src/esp_wps.c.obj
[697/1348] Building C object esp-idf/wpa_supplicant/CMakeFiles/__idf_wpa_supplicant.dir/esp_supplicant/src/esp_common.c.obj
[698/1348] Building C object esp-idf/wpa_supplicant/CMakeFiles/__idf_wpa_supplicant.dir/src/crypto/aes-wrap.c.obj
[699/1348] Building C object esp-idf/wpa_supplicant/CMakeFiles/__idf_wpa_supplicant.dir/src/crypto/aes-unwrap.c.obj
[700/1348] Building C object esp-idf/wpa_supplicant/CMakeFiles/__idf_wpa_supplicant.dir/esp_supplicant/src/crypto/crypto_mbedtls-ec.c.obj
[701/1348] Building C object esp-idf/esp_coex/CMakeFiles/__idf_esp_coex.dir/esp32s3/esp_coex_adapter.c.obj
[702/1348] Building C object esp-idf/wpa_supplicant/CMakeFiles/__idf_wpa_supplicant.dir/src/crypto/des-internal.c.obj
[703/1348] Building C object esp-idf/wpa_supplicant/CMakeFiles/__idf_wpa_supplicant.dir/src/crypto/aes-ccm.c.obj
[704/1348] Building C object esp-idf/esp_coex/CMakeFiles/__idf_esp_coex.dir/src/lib_printf.c.obj
[705/1348] Building C object esp-idf/wpa_supplicant/CMakeFiles/__idf_wpa_supplicant.dir/esp_supplicant/src/crypto/crypto_mbedtls-rsa.c.obj
[706/1348] Building C object esp-idf/wpa_supplicant/CMakeFiles/__idf_wpa_supplicant.dir/src/crypto/rc4.c.obj
[707/1348] Building C object esp-idf/esp_wifi/CMakeFiles/__idf_esp_wifi.dir/src/smartconfig.c.obj
[708/1348] Building C object esp-idf/esp_wifi/CMakeFiles/__idf_esp_wifi.dir/src/lib_printf.c.obj
[709/1348] Building C object esp-idf/esp_wifi/CMakeFiles/__idf_esp_wifi.dir/src/wifi_init.c.obj
[710/1348] Building C object esp-idf/esp_wifi/CMakeFiles/__idf_esp_wifi.dir/src/wifi_netif.c.obj
[711/1348] Building C object esp-idf/http_parser/CMakeFiles/__idf_http_parser.dir/http_parser.c.obj
[712/1348] Building C object esp-idf/esp_wifi/CMakeFiles/__idf_esp_wifi.dir/src/wifi_default_ap.c.obj
[713/1348] Building C object esp-idf/esp_coex/CMakeFiles/__idf_esp_coex.dir/src/coexist.c.obj
[714/1348] Building C object esp-idf/wpa_supplicant/CMakeFiles/__idf_wpa_supplicant.dir/esp_supplicant/src/crypto/fastpbkdf2.c.obj
[715/1348] Building C object esp-idf/esp_wifi/CMakeFiles/__idf_esp_wifi.dir/src/wifi_default.c.obj
[716/1348] Building C object esp-idf/esp_wifi/CMakeFiles/__idf_esp_wifi.dir/esp32s3/esp_adapter.c.obj
[717/1348] Building C object esp-idf/esp_wifi/CMakeFiles/__idf_esp_wifi.dir/src/smartconfig_ack.c.obj
[718/1348] Building C object esp-idf/esp_wifi/CMakeFiles/__idf_esp_wifi.dir/src/mesh_event.c.obj
[719/1348] Building C object esp-idf/esp-tls/CMakeFiles/__idf_esp-tls.dir/esp_tls_error_capture.c.obj
[720/1348] Building C object esp-idf/esp_adc/CMakeFiles/__idf_esp_adc.dir/adc_cali.c.obj
[721/1348] Building C object esp-idf/esp-tls/CMakeFiles/__idf_esp-tls.dir/esp_tls_platform_port.c.obj
[722/1348] Building C object esp-idf/esp-tls/CMakeFiles/__idf_esp-tls.dir/esp_tls.c.obj
[723/1348] Building C object esp-idf/esp_adc/CMakeFiles/__idf_esp_adc.dir/adc_oneshot.c.obj
[724/1348] Building C object esp-idf/esp-tls/CMakeFiles/__idf_esp-tls.dir/esp-tls-crypto/esp_tls_crypto.c.obj
[725/1348] Building C object esp-idf/esp_adc/CMakeFiles/__idf_esp_adc.dir/adc_common.c.obj
[726/1348] Building C object esp-idf/esp_adc/CMakeFiles/__idf_esp_adc.dir/adc_cali_curve_fitting.c.obj
[727/1348] Building C object esp-idf/esp_adc/CMakeFiles/__idf_esp_adc.dir/adc_filter.c.obj
[728/1348] Building C object esp-idf/esp-tls/CMakeFiles/__idf_esp-tls.dir/esp_tls_mbedtls.c.obj
[729/1348] Building C object esp-idf/esp_adc/CMakeFiles/__idf_esp_adc.dir/adc_continuous.c.obj
[730/1348] Building C object esp-idf/esp_eth/CMakeFiles/__idf_esp_eth.dir/src/esp_eth.c.obj
[731/1348] Building C object esp-idf/esp_adc/CMakeFiles/__idf_esp_adc.dir/gdma/adc_dma.c.obj
[732/1348] Building C object esp-idf/esp_adc/CMakeFiles/__idf_esp_adc.dir/deprecated/esp32s3/esp_adc_cal_legacy.c.obj
[733/1348] Building C object esp-idf/esp_adc/CMakeFiles/__idf_esp_adc.dir/adc_monitor.c.obj
[734/1348] Building C object esp-idf/esp_adc/CMakeFiles/__idf_esp_adc.dir/esp32s3/curve_fitting_coefficients.c.obj
[735/1348] Building C object esp-idf/esp_eth/CMakeFiles/__idf_esp_eth.dir/src/phy/esp_eth_phy_802_3.c.obj
[736/1348] Building C object esp-idf/esp_gdbstub/CMakeFiles/__idf_esp_gdbstub.dir/src/gdbstub_transport.c.obj
[737/1348] Building C object esp-idf/esp_gdbstub/CMakeFiles/__idf_esp_gdbstub.dir/src/packet.c.obj
[738/1348] Building ASM object esp-idf/esp_gdbstub/CMakeFiles/__idf_esp_gdbstub.dir/src/port/xtensa/gdbstub-entry.S.obj
[739/1348] Building C object esp-idf/esp_adc/CMakeFiles/__idf_esp_adc.dir/deprecated/esp_adc_cal_common_legacy.c.obj
[740/1348] Building C object esp-idf/tcp_transport/CMakeFiles/__idf_tcp_transport.dir/transport_ssl.c.obj
[741/1348] Building C object esp-idf/esp_eth/CMakeFiles/__idf_esp_eth.dir/src/esp_eth_netif_glue.c.obj
[742/1348] Building C object esp-idf/esp_gdbstub/CMakeFiles/__idf_esp_gdbstub.dir/src/port/xtensa/gdbstub_xtensa.c.obj
[743/1348] Building C object esp-idf/tcp_transport/CMakeFiles/__idf_tcp_transport.dir/transport.c.obj
[744/1348] Building C object esp-idf/tcp_transport/CMakeFiles/__idf_tcp_transport.dir/transport_ws.c.obj
[745/1348] Building C object esp-idf/esp_http_client/CMakeFiles/__idf_esp_http_client.dir/lib/http_utils.c.obj
[746/1348] Building C object esp-idf/esp_gdbstub/CMakeFiles/__idf_esp_gdbstub.dir/src/gdbstub.c.obj
[747/1348] Building C object esp-idf/esp_http_client/CMakeFiles/__idf_esp_http_client.dir/esp_http_client.c.obj
[748/1348] Building ASM object esp-idf/esp_gdbstub/CMakeFiles/__idf_esp_gdbstub.dir/src/port/xtensa/xt_debugexception.S.obj
[749/1348] Building C object esp-idf/esp_http_client/CMakeFiles/__idf_esp_http_client.dir/lib/http_header.c.obj
[750/1348] Building C object esp-idf/esp_http_server/CMakeFiles/__idf_esp_http_server.dir/src/httpd_parse.c.obj
[751/1348] Building C object esp-idf/esp_http_server/CMakeFiles/__idf_esp_http_server.dir/src/httpd_uri.c.obj
[752/1348] Building C object esp-idf/esp_http_server/CMakeFiles/__idf_esp_http_server.dir/src/httpd_ws.c.obj
[753/1348] Building C object esp-idf/tcp_transport/CMakeFiles/__idf_tcp_transport.dir/transport_socks_proxy.c.obj
[754/1348] Building C object esp-idf/esp_http_server/CMakeFiles/__idf_esp_http_server.dir/src/util/ctrl_sock.c.obj
[755/1348] Building C object esp-idf/esp_https_ota/CMakeFiles/__idf_esp_https_ota.dir/src/esp_https_ota.c.obj
[756/1348] Building C object esp-idf/esp_http_client/CMakeFiles/__idf_esp_http_client.dir/lib/http_auth.c.obj
[757/1348] Building C object esp-idf/esp_http_server/CMakeFiles/__idf_esp_http_server.dir/src/httpd_txrx.c.obj
[758/1348] Building C object esp-idf/esp_http_server/CMakeFiles/__idf_esp_http_server.dir/src/httpd_sess.c.obj
[759/1348] Building C object esp-idf/esp_http_server/CMakeFiles/__idf_esp_http_server.dir/src/httpd_main.c.obj
[760/1348] Building C object esp-idf/tcp_transport/CMakeFiles/__idf_tcp_transport.dir/transport_internal.c.obj
[761/1348] Linking C static library esp-idf\esp_https_ota\libesp_https_ota.a
[762/1348] Linking C static library esp-idf\esp_http_server\libesp_http_server.a
[763/1348] Linking C static library esp-idf\esp_http_client\libesp_http_client.a
[764/1348] Linking C static library esp-idf\tcp_transport\libtcp_transport.a
[765/1348] Linking C static library esp-idf\esp_gdbstub\libesp_gdbstub.a
[766/1348] Linking C static library esp-idf\esp_eth\libesp_eth.a
[767/1348] Linking C static library esp-idf\esp_adc\libesp_adc.a
[768/1348] Linking C static library esp-idf\esp-tls\libesp-tls.a
[769/1348] Linking C static library esp-idf\http_parser\libhttp_parser.a
[770/1348] Linking C static library esp-idf\esp_wifi\libesp_wifi.a
[771/1348] Linking C static library esp-idf\esp_coex\libesp_coex.a
[772/1348] Linking C static library esp-idf\wpa_supplicant\libwpa_supplicant.a
[773/1348] Linking C static library esp-idf\esp_netif\libesp_netif.a
[774/1348] Linking C static library esp-idf\lwip\liblwip.a
[775/1348] Linking C static library esp-idf\vfs\libvfs.a
[776/1348] Linking C static library esp-idf\esp_vfs_console\libesp_vfs_console.a
[777/1348] Linking C static library esp-idf\esp_phy\libesp_phy.a
[778/1348] Linking C static library esp-idf\driver\libdriver.a
[779/1348] Linking C static library esp-idf\esp_driver_usb_serial_jtag\libesp_driver_usb_serial_jtag.a
[780/1348] Linking C static library esp-idf\esp_driver_ledc\libesp_driver_ledc.a
[781/1348] Linking C static library esp-idf\esp_driver_i2c\libesp_driver_i2c.a
[782/1348] Linking C static library esp-idf\esp_driver_sdm\libesp_driver_sdm.a
[783/1348] Linking C static library esp-idf\esp_driver_tsens\libesp_driver_tsens.a
[784/1348] Linking C static library esp-idf\esp_driver_rmt\libesp_driver_rmt.a
[785/1348] Linking C static library esp-idf\esp_driver_sdspi\libesp_driver_sdspi.a
[786/1348] Linking C static library esp-idf\esp_driver_sdmmc\libesp_driver_sdmmc.a
[787/1348] Linking C static library esp-idf\sdmmc\libsdmmc.a
[788/1348] Linking C static library esp-idf\esp_driver_i2s\libesp_driver_i2s.a
[789/1348] Linking C static library esp-idf\esp_driver_mcpwm\libesp_driver_mcpwm.a
[790/1348] Linking C static library esp-idf\esp_driver_spi\libesp_driver_spi.a
[791/1348] Linking C static library esp-idf\esp_driver_pcnt\libesp_driver_pcnt.a
[792/1348] Linking C static library esp-idf\nvs_flash\libnvs_flash.a
[793/1348] Linking C static library esp-idf\esp_event\libesp_event.a
[794/1348] Linking C static library esp-idf\esp_driver_uart\libesp_driver_uart.a
[795/1348] Linking C static library esp-idf\esp_ringbuf\libesp_ringbuf.a
[796/1348] Linking C static library esp-idf\esp_driver_gptimer\libesp_driver_gptimer.a
[797/1348] Linking C static library esp-idf\esp_timer\libesp_timer.a
[798/1348] Linking C static library esp-idf\cxx\libcxx.a
[799/1348] Linking C static library esp-idf\pthread\libpthread.a
[800/1348] Linking C static library esp-idf\newlib\libnewlib.a
[801/1348] Linking C static library esp-idf\freertos\libfreertos.a
[802/1348] Linking C static library esp-idf\esp_hw_support\libesp_hw_support.a
[803/1348] Linking C static library esp-idf\soc\libsoc.a
[804/1348] Linking C static library esp-idf\heap\libheap.a
[805/1348] Linking C static library esp-idf\log\liblog.a
[806/1348] Linking C static library esp-idf\hal\libhal.a
[807/1348] Linking C static library esp-idf\esp_rom\libesp_rom.a
[808/1348] Linking C static library esp-idf\esp_common\libesp_common.a
[809/1348] Linking C static library esp-idf\esp_system\libesp_system.a
[810/1348] Linking C static library esp-idf\spi_flash\libspi_flash.a
[811/1348] Linking C static library esp-idf\esp_mm\libesp_mm.a
[812/1348] Linking C static library esp-idf\bootloader_support\libbootloader_support.a
[813/1348] Performing configure step for 'bootloader'
-- Found Git: C:/Program Files/Git/bin/git.exe (found version "2.49.0.windows.1") 
-- The C compiler identification is GNU 13.2.0
-- The CXX compiler identification is GNU 13.2.0
-- The ASM compiler identification is GNU
-- Found assembler: C:/Users/nakau/.espressif/tools/xtensa-esp-elf/esp-13.2.0_20240530/xtensa-esp-elf/bin/xtensa-esp32s3-elf-gcc.exe
-- Detecting C compiler ABI info
-- Detecting C compiler ABI info - done
-- Check for working C compiler: C:/Users/nakau/.espressif/tools/xtensa-esp-elf/esp-13.2.0_20240530/xtensa-esp-elf/bin/xtensa-esp32s3-elf-gcc.exe - skipped
-- Detecting C compile features
-- Detecting C compile features - done
-- Detecting CXX compiler ABI info
-- Detecting CXX compiler ABI info - done
-- Check for working CXX compiler: C:/Users/nakau/.espressif/tools/xtensa-esp-elf/esp-13.2.0_20240530/xtensa-esp-elf/bin/xtensa-esp32s3-elf-g++.exe - skipped
-- Detecting CXX compile features
-- Detecting CXX compile features - done
-- Building ESP-IDF components for target esp32s3
-- Project sdkconfig file C:/Users/nakau/Downloads/IOModule-v0-50/IOModule-v0-50/sdkconfig
info: INFO: Symbol IDF_TARGET_LINUX defined in multiple locations (see below). Please check if this is a correct behavior or a random name match:
    C:\Users\nakau\esp\v5.3\esp-idf\Kconfig:78
    C:\Users\nakau\esp\v5.3\esp-idf\Kconfig:162
-- Compiler supported targets: xtensa-esp-elf
-- Adding linker script C:/Users/nakau/esp/v5.3/esp-idf/components/soc/esp32s3/ld/esp32s3.peripherals.ld
-- Bootloader project name: "bootloader" version: 1
-- Adding linker script C:/Users/nakau/esp/v5.3/esp-idf/components/esp_rom/esp32s3/ld/esp32s3.rom.ld
-- Adding linker script C:/Users/nakau/esp/v5.3/esp-idf/components/esp_rom/esp32s3/ld/esp32s3.rom.api.ld
-- Adding linker script C:/Users/nakau/esp/v5.3/esp-idf/components/esp_rom/esp32s3/ld/esp32s3.rom.libgcc.ld
-- Adding linker script C:/Users/nakau/esp/v5.3/esp-idf/components/esp_rom/esp32s3/ld/esp32s3.rom.wdt.ld
-- Adding linker script C:/Users/nakau/esp/v5.3/esp-idf/components/esp_rom/esp32s3/ld/esp32s3.rom.version.ld
-- Adding linker script C:/Users/nakau/esp/v5.3/esp-idf/components/esp_rom/esp32s3/ld/esp32s3.rom.newlib.ld
-- Adding linker script C:/Users/nakau/esp/v5.3/esp-idf/components/bootloader/subproject/main/ld/esp32s3/bootloader.ld
-- Adding linker script C:/Users/nakau/esp/v5.3/esp-idf/components/bootloader/subproject/main/ld/esp32s3/bootloader.rom.ld
-- Components: bootloader bootloader_support efuse esp_app_format esp_bootloader_format esp_common esp_hw_support esp_rom esp_system esptool_py freertos hal log main micro-ecc newlib partition_table soc spi_flash xtensa
-- Component paths: C:/Users/nakau/esp/v5.3/esp-idf/components/bootloader C:/Users/nakau/esp/v5.3/esp-idf/components/bootloader_support C:/Users/nakau/esp/v5.3/esp-idf/components/efuse C:/Users/nakau/esp/v5.3/esp-idf/components/esp_app_format C:/Users/nakau/esp/v5.3/esp-idf/components/esp_bootloader_format C:/Users/nakau/esp/v5.3/esp-idf/components/esp_common C:/Users/nakau/esp/v5.3/esp-idf/components/esp_hw_support C:/Users/nakau/esp/v5.3/esp-idf/components/esp_rom C:/Users/nakau/esp/v5.3/esp-idf/components/esp_system C:/Users/nakau/esp/v5.3/esp-idf/components/esptool_py C:/Users/nakau/esp/v5.3/esp-idf/components/freertos C:/Users/nakau/esp/v5.3/esp-idf/components/hal C:/Users/nakau/esp/v5.3/esp-idf/components/log C:/Users/nakau/esp/v5.3/esp-idf/components/bootloader/subproject/main C:/Users/nakau/esp/v5.3/esp-idf/components/bootloader/subproject/components/micro-ecc C:/Users/nakau/esp/v5.3/esp-idf/components/newlib C:/Users/nakau/esp/v5.3/esp-idf/components/partition_table C:/Users/nakau/esp/v5.3/esp-idf/components/soc C:/Users/nakau/esp/v5.3/esp-idf/components/spi_flash C:/Users/nakau/esp/v5.3/esp-idf/components/xtensa
-- Configuring done
-- Generating done
-- Build files have been written to: C:/Users/nakau/Downloads/IOModule-v0-50/IOModule-v0-50/build/bootloader
[814/1348] Linking C static library esp-idf\efuse\libefuse.a
[815/1348] Linking C static library esp-idf\esp_partition\libesp_partition.a
[816/1348] Linking C static library esp-idf\app_update\libapp_update.a
[817/1348] Linking C static library esp-idf\esp_bootloader_format\libesp_bootloader_format.a
[818/1348] Linking C static library esp-idf\esp_app_format\libesp_app_format.a
[819/1348] Linking CXX static library esp-idf\mbedtls\mbedtls\library\libmbedtls.a
[820/1348] Linking CXX static library esp-idf\mbedtls\mbedtls\library\libmbedx509.a
[821/1348] Linking CXX static library esp-idf\mbedtls\mbedtls\library\libmbedcrypto.a
[822/1348] Linking CXX static library esp-idf\mbedtls\mbedtls\3rdparty\p256-m\libp256m.a
[823/1348] Linking CXX static library esp-idf\mbedtls\mbedtls\3rdparty\everest\libeverest.a
[824/1348] Generating x509_crt_bundle
[825/1348] Generating ../../x509_crt_bundle.S
[826/1348] Building C object esp-idf/xtensa/CMakeFiles/__idf_xtensa.dir/eri.c.obj
[827/1348] Building C object esp-idf/xtensa/CMakeFiles/__idf_xtensa.dir/xt_trax.c.obj
[828/1348] Building ASM object esp-idf/xtensa/CMakeFiles/__idf_xtensa.dir/xtensa_context.S.obj
[829/1348] Building ASM object esp-idf/xtensa/CMakeFiles/__idf_xtensa.dir/xtensa_intr_asm.S.obj
[830/1348] Building ASM object esp-idf/xtensa/CMakeFiles/__idf_xtensa.dir/xtensa_vectors.S.obj
[831/1348] Building C object esp-idf/esp_driver_gpio/CMakeFiles/__idf_esp_driver_gpio.dir/src/gpio.c.obj
[832/1348] Building C object esp-idf/esp_driver_gpio/CMakeFiles/__idf_esp_driver_gpio.dir/src/gpio_glitch_filter_ops.c.obj
[833/1348] Building C object esp-idf/esp_driver_gpio/CMakeFiles/__idf_esp_driver_gpio.dir/src/rtc_io.c.obj
[834/1348] Building C object esp-idf/esp_driver_gpio/CMakeFiles/__idf_esp_driver_gpio.dir/src/dedic_gpio.c.obj
[835/1348] Building C object esp-idf/esp_driver_gpio/CMakeFiles/__idf_esp_driver_gpio.dir/src/gpio_pin_glitch_filter.c.obj
[836/1348] Building C object esp-idf/esp_pm/CMakeFiles/__idf_esp_pm.dir/pm_locks.c.obj
[837/1348] Building C object esp-idf/esp_pm/CMakeFiles/__idf_esp_pm.dir/pm_trace.c.obj
[838/1348] Building ASM object esp-idf/mbedtls/CMakeFiles/__idf_mbedtls.dir/__/__/x509_crt_bundle.S.obj
[839/1348] Building C object esp-idf/app_trace/CMakeFiles/__idf_app_trace.dir/app_trace.c.obj
[840/1348] Building C object esp-idf/app_trace/CMakeFiles/__idf_app_trace.dir/app_trace_util.c.obj
[841/1348] Building C object esp-idf/xtensa/CMakeFiles/__idf_xtensa.dir/xtensa_intr.c.obj
[842/1348] Building C object esp-idf/esp_pm/CMakeFiles/__idf_esp_pm.dir/pm_impl.c.obj
[843/1348] Building C object esp-idf/mbedtls/CMakeFiles/__idf_mbedtls.dir/esp_crt_bundle/esp_crt_bundle.c.obj
[844/1348] Building C object esp-idf/app_trace/CMakeFiles/__idf_app_trace.dir/port/port_uart.c.obj
[845/1348] Building C object esp-idf/bt/CMakeFiles/__idf_bt.dir/common/btc/core/btc_manage.c.obj
[846/1348] Building C object esp-idf/app_trace/CMakeFiles/__idf_app_trace.dir/host_file_io.c.obj
[847/1348] Building C object esp-idf/bt/CMakeFiles/__idf_bt.dir/common/osi/allocator.c.obj
[848/1348] Building C object esp-idf/bt/CMakeFiles/__idf_bt.dir/common/btc/profile/esp/blufi/blufi_prf.c.obj
[849/1348] Building C object esp-idf/bt/CMakeFiles/__idf_bt.dir/common/btc/core/btc_task.c.obj
[850/1348] Building C object esp-idf/bt/CMakeFiles/__idf_bt.dir/common/osi/alarm.c.obj
[851/1348] Building C object esp-idf/bt/CMakeFiles/__idf_bt.dir/common/osi/config.c.obj
[852/1348] Building C object esp-idf/bt/CMakeFiles/__idf_bt.dir/common/btc/core/btc_alarm.c.obj
[853/1348] Building C object esp-idf/bt/CMakeFiles/__idf_bt.dir/common/api/esp_blufi_api.c.obj
[854/1348] Building C object esp-idf/bt/CMakeFiles/__idf_bt.dir/common/osi/future.c.obj
[855/1348] Building C object esp-idf/bt/CMakeFiles/__idf_bt.dir/common/osi/buffer.c.obj
[856/1348] Building C object esp-idf/bt/CMakeFiles/__idf_bt.dir/common/osi/hash_functions.c.obj
[857/1348] Building C object esp-idf/bt/CMakeFiles/__idf_bt.dir/common/btc/profile/esp/blufi/blufi_protocol.c.obj
[858/1348] Building C object esp-idf/bt/CMakeFiles/__idf_bt.dir/common/osi/hash_map.c.obj
[859/1348] Building C object esp-idf/bt/CMakeFiles/__idf_bt.dir/common/osi/fixed_queue.c.obj
[860/1348] Building C object esp-idf/bt/CMakeFiles/__idf_bt.dir/common/hci_log/bt_hci_log.c.obj
[861/1348] Building C object esp-idf/bt/CMakeFiles/__idf_bt.dir/controller/esp32c3/bt.c.obj
[862/1348] Building C object esp-idf/bt/CMakeFiles/__idf_bt.dir/common/osi/fixed_pkt_queue.c.obj
[863/1348] Building C object esp-idf/bt/CMakeFiles/__idf_bt.dir/common/osi/list.c.obj
[864/1348] Building C object esp-idf/bt/CMakeFiles/__idf_bt.dir/common/osi/osi.c.obj
[865/1348] Building C object esp-idf/bt/CMakeFiles/__idf_bt.dir/common/osi/pkt_queue.c.obj
[866/1348] Building C object esp-idf/bt/CMakeFiles/__idf_bt.dir/common/osi/mutex.c.obj
[867/1348] Building C object esp-idf/bt/CMakeFiles/__idf_bt.dir/common/osi/semaphore.c.obj
[868/1348] Building C object esp-idf/bt/CMakeFiles/__idf_bt.dir/host/bluedroid/api/esp_avrc_api.c.obj
[869/1348] Building C object esp-idf/bt/CMakeFiles/__idf_bt.dir/host/bluedroid/api/esp_bt_device.c.obj
[870/1348] Building C object esp-idf/bt/CMakeFiles/__idf_bt.dir/common/osi/thread.c.obj
[871/1348] Building C object esp-idf/bt/CMakeFiles/__idf_bt.dir/host/bluedroid/api/esp_a2dp_api.c.obj
[872/1348] Building C object esp-idf/bt/CMakeFiles/__idf_bt.dir/host/bluedroid/api/esp_gap_ble_api.c.obj
[873/1348] Building C object esp-idf/bt/CMakeFiles/__idf_bt.dir/host/bluedroid/api/esp_gap_bt_api.c.obj
[874/1348] Building C object esp-idf/bt/CMakeFiles/__idf_bt.dir/host/bluedroid/api/esp_gattc_api.c.obj
[875/1348] Building C object esp-idf/bt/CMakeFiles/__idf_bt.dir/host/bluedroid/api/esp_gatts_api.c.obj
[876/1348] Building C object esp-idf/bt/CMakeFiles/__idf_bt.dir/host/bluedroid/api/esp_hidh_api.c.obj
[877/1348] Building C object esp-idf/bt/CMakeFiles/__idf_bt.dir/host/bluedroid/api/esp_hf_ag_api.c.obj
[878/1348] Building C object esp-idf/bt/CMakeFiles/__idf_bt.dir/host/bluedroid/api/esp_l2cap_bt_api.c.obj
[879/1348] Building C object esp-idf/bt/CMakeFiles/__idf_bt.dir/porting/mem/bt_osi_mem.c.obj
[880/1348] Building C object esp-idf/bt/CMakeFiles/__idf_bt.dir/host/bluedroid/api/esp_sdp_api.c.obj
[881/1348] Building C object esp-idf/bt/CMakeFiles/__idf_bt.dir/host/bluedroid/api/esp_bluedroid_hci.c.obj
[882/1348] Building C object esp-idf/bt/CMakeFiles/__idf_bt.dir/host/bluedroid/bta/ar/bta_ar.c.obj
[883/1348] Building C object esp-idf/bt/CMakeFiles/__idf_bt.dir/host/bluedroid/api/esp_hidd_api.c.obj
[884/1348] Building C object esp-idf/bt/CMakeFiles/__idf_bt.dir/host/bluedroid/api/esp_bt_main.c.obj
[885/1348] Building C object esp-idf/bt/CMakeFiles/__idf_bt.dir/host/bluedroid/bta/av/bta_av_aact.c.obj
[886/1348] Building C object esp-idf/bt/CMakeFiles/__idf_bt.dir/host/bluedroid/api/esp_gatt_common_api.c.obj
[887/1348] Building C object esp-idf/bt/CMakeFiles/__idf_bt.dir/host/bluedroid/bta/av/bta_av_main.c.obj
[888/1348] Building C object esp-idf/bt/CMakeFiles/__idf_bt.dir/host/bluedroid/api/esp_spp_api.c.obj
[889/1348] Building C object esp-idf/bt/CMakeFiles/__idf_bt.dir/host/bluedroid/bta/av/bta_av_sbc.c.obj
[890/1348] Building C object esp-idf/bt/CMakeFiles/__idf_bt.dir/host/bluedroid/bta/av/bta_av_ssm.c.obj
[891/1348] Building C object esp-idf/bt/CMakeFiles/__idf_bt.dir/host/bluedroid/bta/av/bta_av_ci.c.obj
[892/1348] Building C object esp-idf/bt/CMakeFiles/__idf_bt.dir/host/bluedroid/bta/av/bta_av_cfg.c.obj
[893/1348] Building C object esp-idf/bt/CMakeFiles/__idf_bt.dir/host/bluedroid/bta/dm/bta_dm_act.c.obj
[894/1348] Building C object esp-idf/bt/CMakeFiles/__idf_bt.dir/host/bluedroid/bta/av/bta_av_act.c.obj
[895/1348] Building C object esp-idf/bt/CMakeFiles/__idf_bt.dir/host/bluedroid/api/esp_hf_client_api.c.obj
[896/1348] Building C object esp-idf/bt/CMakeFiles/__idf_bt.dir/host/bluedroid/bta/dm/bta_dm_api.c.obj
[897/1348] Building C object esp-idf/bt/CMakeFiles/__idf_bt.dir/host/bluedroid/bta/dm/bta_dm_ci.c.obj
[898/1348] Building C object esp-idf/bt/CMakeFiles/__idf_bt.dir/host/bluedroid/bta/dm/bta_dm_sco.c.obj
[899/1348] Building C object esp-idf/bt/CMakeFiles/__idf_bt.dir/host/bluedroid/bta/dm/bta_dm_qos.c.obj
[900/1348] Building C object esp-idf/bt/CMakeFiles/__idf_bt.dir/host/bluedroid/bta/gatt/bta_gatt_common.c.obj
[901/1348] Building C object esp-idf/bt/CMakeFiles/__idf_bt.dir/host/bluedroid/bta/dm/bta_dm_main.c.obj
[902/1348] Building C object esp-idf/bt/CMakeFiles/__idf_bt.dir/host/bluedroid/bta/av/bta_av_api.c.obj
[903/1348] Building C object esp-idf/bt/CMakeFiles/__idf_bt.dir/host/bluedroid/bta/dm/bta_dm_pm.c.obj
[904/1348] Building C object esp-idf/bt/CMakeFiles/__idf_bt.dir/host/bluedroid/bta/gatt/bta_gattc_act.c.obj
[905/1348] Building C object esp-idf/bt/CMakeFiles/__idf_bt.dir/host/bluedroid/bta/dm/bta_dm_co.c.obj
[906/1348] Linking C static library esp-idf\mbedtls\libmbedtls.a
[907/1348] Building C object esp-idf/bt/CMakeFiles/__idf_bt.dir/host/bluedroid/bta/gatt/bta_gattc_ci.c.obj
[908/1348] Building C object esp-idf/bt/CMakeFiles/__idf_bt.dir/host/bluedroid/bta/gatt/bta_gattc_main.c.obj
[909/1348] Building C object esp-idf/bt/CMakeFiles/__idf_bt.dir/host/bluedroid/bta/gatt/bta_gatts_api.c.obj
[910/1348] Building C object esp-idf/bt/CMakeFiles/__idf_bt.dir/host/bluedroid/bta/gatt/bta_gatts_co.c.obj
[911/1348] Building C object esp-idf/bt/CMakeFiles/__idf_bt.dir/host/bluedroid/bta/gatt/bta_gattc_utils.c.obj
[912/1348] Building C object esp-idf/bt/CMakeFiles/__idf_bt.dir/host/bluedroid/bta/gatt/bta_gattc_co.c.obj
[913/1348] Building C object esp-idf/bt/CMakeFiles/__idf_bt.dir/host/bluedroid/bta/gatt/bta_gatts_main.c.obj
[914/1348] Building C object esp-idf/bt/CMakeFiles/__idf_bt.dir/host/bluedroid/bta/gatt/bta_gatts_utils.c.obj
[915/1348] Building C object esp-idf/bt/CMakeFiles/__idf_bt.dir/host/bluedroid/bta/hd/bta_hd_api.c.obj
[916/1348] Building C object esp-idf/bt/CMakeFiles/__idf_bt.dir/host/bluedroid/bta/dm/bta_dm_cfg.c.obj
[917/1348] Building C object esp-idf/bt/CMakeFiles/__idf_bt.dir/host/bluedroid/bta/gatt/bta_gattc_api.c.obj
[918/1348] Building C object esp-idf/bt/CMakeFiles/__idf_bt.dir/host/bluedroid/bta/hd/bta_hd_main.c.obj
[919/1348] Building C object esp-idf/bt/CMakeFiles/__idf_bt.dir/host/bluedroid/bta/hh/bta_hh_act.c.obj
[920/1348] Building C object esp-idf/bt/CMakeFiles/__idf_bt.dir/host/bluedroid/bta/hh/bta_hh_api.c.obj
[921/1348] Building C object esp-idf/bt/CMakeFiles/__idf_bt.dir/host/bluedroid/bta/gatt/bta_gattc_cache.c.obj
[922/1348] Building C object esp-idf/bt/CMakeFiles/__idf_bt.dir/host/bluedroid/bta/hh/bta_hh_utils.c.obj
[923/1348] Building C object esp-idf/bt/CMakeFiles/__idf_bt.dir/host/bluedroid/bta/hh/bta_hh_cfg.c.obj
[924/1348] Building C object esp-idf/bt/CMakeFiles/__idf_bt.dir/host/bluedroid/bta/hh/bta_hh_main.c.obj
[925/1348] Building C object esp-idf/bt/CMakeFiles/__idf_bt.dir/host/bluedroid/bta/jv/bta_jv_api.c.obj
[926/1348] Building C object esp-idf/bt/CMakeFiles/__idf_bt.dir/host/bluedroid/bta/jv/bta_jv_main.c.obj
[927/1348] Building C object esp-idf/bt/CMakeFiles/__idf_bt.dir/host/bluedroid/bta/hh/bta_hh_le.c.obj
[928/1348] Building C object esp-idf/bt/CMakeFiles/__idf_bt.dir/host/bluedroid/bta/jv/bta_jv_act.c.obj
[929/1348] Building C object esp-idf/bt/CMakeFiles/__idf_bt.dir/host/bluedroid/bta/hf_ag/bta_ag_act.c.obj
[930/1348] Building C object esp-idf/bt/CMakeFiles/__idf_bt.dir/host/bluedroid/bta/hf_ag/bta_ag_api.c.obj
[931/1348] Building C object esp-idf/bt/CMakeFiles/__idf_bt.dir/host/bluedroid/bta/hf_ag/bta_ag_cmd.c.obj
[932/1348] Building C object esp-idf/bt/CMakeFiles/__idf_bt.dir/host/bluedroid/bta/gatt/bta_gatts_act.c.obj
[933/1348] Building C object esp-idf/bt/CMakeFiles/__idf_bt.dir/host/bluedroid/bta/hf_client/bta_hf_client_act.c.obj
[934/1348] Building C object esp-idf/bt/CMakeFiles/__idf_bt.dir/host/bluedroid/bta/hf_ag/bta_ag_at.c.obj
[935/1348] Building C object esp-idf/bt/CMakeFiles/__idf_bt.dir/host/bluedroid/bta/hf_ag/bta_ag_cfg.c.obj
[936/1348] Building C object esp-idf/bt/CMakeFiles/__idf_bt.dir/host/bluedroid/bta/hd/bta_hd_act.c.obj
[937/1348] Building C object esp-idf/bt/CMakeFiles/__idf_bt.dir/host/bluedroid/bta/hf_ag/bta_ag_rfc.c.obj
[938/1348] Building C object esp-idf/bt/CMakeFiles/__idf_bt.dir/host/bluedroid/bta/hf_ag/bta_ag_main.c.obj
[939/1348] Building C object esp-idf/bt/CMakeFiles/__idf_bt.dir/host/bluedroid/bta/hf_ag/bta_ag_sco.c.obj
[940/1348] Building C object esp-idf/bt/CMakeFiles/__idf_bt.dir/host/bluedroid/bta/hf_ag/bta_ag_sdp.c.obj
[941/1348] Building C object esp-idf/bt/CMakeFiles/__idf_bt.dir/host/bluedroid/bta/hf_client/bta_hf_client_at.c.obj
[942/1348] Building C object esp-idf/bt/CMakeFiles/__idf_bt.dir/host/bluedroid/bta/hf_client/bta_hf_client_rfc.c.obj
[943/1348] Building C object esp-idf/bt/CMakeFiles/__idf_bt.dir/host/bluedroid/bta/sdp/bta_sdp.c.obj
[944/1348] Building C object esp-idf/bt/CMakeFiles/__idf_bt.dir/host/bluedroid/bta/hf_client/bta_hf_client_main.c.obj
[945/1348] Building C object esp-idf/bt/CMakeFiles/__idf_bt.dir/host/bluedroid/bta/hf_client/bta_hf_client_cmd.c.obj
[946/1348] Building C object esp-idf/bt/CMakeFiles/__idf_bt.dir/host/bluedroid/bta/jv/bta_jv_cfg.c.obj
[947/1348] Building C object esp-idf/bt/CMakeFiles/__idf_bt.dir/host/bluedroid/bta/hf_client/bta_hf_client_sco.c.obj
[948/1348] Building C object esp-idf/bt/CMakeFiles/__idf_bt.dir/host/bluedroid/bta/hf_client/bta_hf_client_sdp.c.obj
[949/1348] Building C object esp-idf/bt/CMakeFiles/__idf_bt.dir/host/bluedroid/bta/sdp/bta_sdp_api.c.obj
[950/1348] Building C object esp-idf/bt/CMakeFiles/__idf_bt.dir/host/bluedroid/btc/core/btc_ble_storage.c.obj
[951/1348] Building C object esp-idf/bt/CMakeFiles/__idf_bt.dir/host/bluedroid/bta/sys/utl.c.obj
[952/1348] Building C object esp-idf/bt/CMakeFiles/__idf_bt.dir/host/bluedroid/bta/sys/bta_sys_main.c.obj
[953/1348] Building C object esp-idf/bt/CMakeFiles/__idf_bt.dir/host/bluedroid/btc/core/btc_config.c.obj
[954/1348] Building C object esp-idf/bt/CMakeFiles/__idf_bt.dir/host/bluedroid/bta/sys/bta_sys_conn.c.obj
[955/1348] Building C object esp-idf/bt/CMakeFiles/__idf_bt.dir/host/bluedroid/btc/core/btc_dev.c.obj
[956/1348] Building C object esp-idf/bt/CMakeFiles/__idf_bt.dir/host/bluedroid/btc/core/btc_main.c.obj
[957/1348] Building C object esp-idf/bt/CMakeFiles/__idf_bt.dir/host/bluedroid/btc/core/btc_sec.c.obj
[958/1348] Building C object esp-idf/bt/CMakeFiles/__idf_bt.dir/host/bluedroid/bta/sdp/bta_sdp_cfg.c.obj
[959/1348] Building C object esp-idf/bt/CMakeFiles/__idf_bt.dir/host/bluedroid/btc/core/btc_profile_queue.c.obj
[960/1348] Building C object esp-idf/bt/CMakeFiles/__idf_bt.dir/host/bluedroid/btc/core/btc_storage.c.obj
[961/1348] Building C object esp-idf/bt/CMakeFiles/__idf_bt.dir/host/bluedroid/btc/profile/std/a2dp/bta_av_co.c.obj
[962/1348] Building C object esp-idf/bt/CMakeFiles/__idf_bt.dir/host/bluedroid/btc/profile/std/a2dp/btc_a2dp_source.c.obj
[963/1348] Building C object esp-idf/bt/CMakeFiles/__idf_bt.dir/host/bluedroid/btc/core/btc_util.c.obj
[964/1348] Building C object esp-idf/bt/CMakeFiles/__idf_bt.dir/host/bluedroid/bta/sdp/bta_sdp_act.c.obj
[965/1348] Building C object esp-idf/bt/CMakeFiles/__idf_bt.dir/host/bluedroid/btc/profile/std/a2dp/btc_a2dp_control.c.obj
[966/1348] Building C object esp-idf/bt/CMakeFiles/__idf_bt.dir/host/bluedroid/btc/profile/std/avrc/btc_avrc.c.obj
[967/1348] Building C object esp-idf/bt/CMakeFiles/__idf_bt.dir/host/bluedroid/bta/hf_client/bta_hf_client_api.c.obj
[968/1348] Building C object esp-idf/bt/CMakeFiles/__idf_bt.dir/host/bluedroid/btc/core/btc_sm.c.obj
[969/1348] Building C object esp-idf/bt/CMakeFiles/__idf_bt.dir/host/bluedroid/btc/profile/std/hf_ag/bta_ag_co.c.obj
[970/1348] Building C object esp-idf/bt/CMakeFiles/__idf_bt.dir/host/bluedroid/btc/profile/std/avrc/bta_avrc_co.c.obj
[971/1348] Building C object esp-idf/bt/CMakeFiles/__idf_bt.dir/host/bluedroid/btc/profile/std/a2dp/btc_av.c.obj
[972/1348] Building C object esp-idf/bt/CMakeFiles/__idf_bt.dir/host/bluedroid/btc/profile/std/a2dp/btc_a2dp.c.obj
[973/1348] Building C object esp-idf/bt/CMakeFiles/__idf_bt.dir/host/bluedroid/btc/profile/std/hf_ag/btc_hf_ag.c.obj
[974/1348] Linking C static library esp-idf\esp_pm\libesp_pm.a
[975/1348] Building C object esp-idf/bt/CMakeFiles/__idf_bt.dir/host/bluedroid/btc/profile/std/gap/btc_gap_bt.c.obj
[976/1348] Building C object esp-idf/bt/CMakeFiles/__idf_bt.dir/host/bluedroid/btc/profile/std/hf_client/bta_hf_client_co.c.obj
[977/1348] Building C object esp-idf/bt/CMakeFiles/__idf_bt.dir/host/bluedroid/btc/profile/std/hid/btc_hd.c.obj
[978/1348] Building C object esp-idf/bt/CMakeFiles/__idf_bt.dir/host/bluedroid/btc/profile/std/hf_client/btc_hf_client.c.obj
[979/1348] Building C object esp-idf/bt/CMakeFiles/__idf_bt.dir/host/bluedroid/btc/profile/std/gap/btc_gap_ble.c.obj
[980/1348] Building C object esp-idf/bt/CMakeFiles/__idf_bt.dir/host/bluedroid/btc/profile/std/hid/btc_hh.c.obj
[981/1348] Building C object esp-idf/bt/CMakeFiles/__idf_bt.dir/host/bluedroid/btc/profile/std/a2dp/btc_a2dp_sink.c.obj
[982/1348] Building C object esp-idf/bt/CMakeFiles/__idf_bt.dir/host/bluedroid/btc/profile/std/gatt/btc_gatt_common.c.obj
[983/1348] Building C object esp-idf/bt/CMakeFiles/__idf_bt.dir/host/bluedroid/btc/profile/std/gap/bta_gap_bt_co.c.obj
[984/1348] Building C object esp-idf/bt/CMakeFiles/__idf_bt.dir/host/bluedroid/btc/core/btc_dm.c.obj
[985/1348] Building C object esp-idf/bt/CMakeFiles/__idf_bt.dir/host/bluedroid/btc/profile/std/hid/bta_hh_co.c.obj
[986/1348] Building C object esp-idf/bt/CMakeFiles/__idf_bt.dir/host/bluedroid/device/interop.c.obj
[987/1348] Building C object esp-idf/bt/CMakeFiles/__idf_bt.dir/host/bluedroid/btc/profile/std/gatt/btc_gattc.c.obj
[988/1348] Building C object esp-idf/bt/CMakeFiles/__idf_bt.dir/host/bluedroid/device/bdaddr.c.obj
[989/1348] Building C object esp-idf/bt/CMakeFiles/__idf_bt.dir/host/bluedroid/btc/profile/std/gatt/btc_gatts.c.obj
[990/1348] Building C object esp-idf/bt/CMakeFiles/__idf_bt.dir/host/bluedroid/btc/profile/std/sdp/btc_sdp.c.obj
[991/1348] Building C object esp-idf/bt/CMakeFiles/__idf_bt.dir/host/bluedroid/external/sbc/decoder/srce/alloc.c.obj
[992/1348] Building C object esp-idf/bt/CMakeFiles/__idf_bt.dir/host/bluedroid/external/sbc/decoder/srce/bitalloc.c.obj
[993/1348] Building C object esp-idf/bt/CMakeFiles/__idf_bt.dir/host/bluedroid/device/controller.c.obj
[994/1348] Building C object esp-idf/bt/CMakeFiles/__idf_bt.dir/host/bluedroid/external/sbc/decoder/srce/decoder-sbc.c.obj
[995/1348] Building C object esp-idf/bt/CMakeFiles/__idf_bt.dir/host/bluedroid/btc/profile/std/l2cap/btc_l2cap.c.obj
[996/1348] Building C object esp-idf/bt/CMakeFiles/__idf_bt.dir/host/bluedroid/external/sbc/decoder/srce/decoder-oina.c.obj
[997/1348] Building C object esp-idf/bt/CMakeFiles/__idf_bt.dir/host/bluedroid/external/sbc/decoder/srce/bitstream-decode.c.obj
[998/1348] Building C object esp-idf/bt/CMakeFiles/__idf_bt.dir/host/bluedroid/btc/profile/std/gatt/btc_gatt_util.c.obj
[999/1348] Building C object esp-idf/bt/CMakeFiles/__idf_bt.dir/host/bluedroid/external/sbc/decoder/srce/decoder-private.c.obj
[1000/1348] Building C object esp-idf/bt/CMakeFiles/__idf_bt.dir/host/bluedroid/external/sbc/decoder/srce/bitalloc-sbc.c.obj
[1001/1348] Building C object esp-idf/bt/CMakeFiles/__idf_bt.dir/host/bluedroid/external/sbc/decoder/srce/synthesis-dct8.c.obj
[1002/1348] Building C object esp-idf/bt/CMakeFiles/__idf_bt.dir/host/bluedroid/external/sbc/decoder/srce/framing-sbc.c.obj
[1003/1348] Building C object esp-idf/bt/CMakeFiles/__idf_bt.dir/host/bluedroid/external/sbc/decoder/srce/dequant.c.obj
[1004/1348] Building C object esp-idf/bt/CMakeFiles/__idf_bt.dir/host/bluedroid/external/sbc/decoder/srce/framing.c.obj
[1005/1348] Building C object esp-idf/bt/CMakeFiles/__idf_bt.dir/host/bluedroid/external/sbc/encoder/srce/sbc_analysis.c.obj
[1006/1348] Building C object esp-idf/bt/CMakeFiles/__idf_bt.dir/host/bluedroid/external/sbc/decoder/srce/oi_codec_version.c.obj
[1007/1348] Building C object esp-idf/bt/CMakeFiles/__idf_bt.dir/host/bluedroid/external/sbc/encoder/srce/sbc_dct.c.obj
[1008/1348] Building C object esp-idf/bt/CMakeFiles/__idf_bt.dir/host/bluedroid/external/sbc/encoder/srce/sbc_enc_bit_alloc_mono.c.obj
[1009/1348] Building C object esp-idf/bt/CMakeFiles/__idf_bt.dir/host/bluedroid/external/sbc/encoder/srce/sbc_packing.c.obj
[1010/1348] Building C object esp-idf/bt/CMakeFiles/__idf_bt.dir/host/bluedroid/btc/profile/std/spp/btc_spp.c.obj
[1011/1348] Building C object esp-idf/bt/CMakeFiles/__idf_bt.dir/host/bluedroid/external/sbc/encoder/srce/sbc_dct_coeffs.c.obj
[1012/1348] Building C object esp-idf/bt/CMakeFiles/__idf_bt.dir/host/bluedroid/external/sbc/plc/sbc_plc.c.obj
[1013/1348] Building C object esp-idf/bt/CMakeFiles/__idf_bt.dir/host/bluedroid/hci/hci_audio.c.obj
[1014/1348] Building C object esp-idf/bt/CMakeFiles/__idf_bt.dir/host/bluedroid/external/sbc/encoder/srce/sbc_enc_coeffs.c.obj
[1015/1348] Building C object esp-idf/bt/CMakeFiles/__idf_bt.dir/host/bluedroid/external/sbc/encoder/srce/sbc_encoder.c.obj
[1016/1348] Building C object esp-idf/bt/CMakeFiles/__idf_bt.dir/host/bluedroid/hci/hci_layer.c.obj
[1017/1348] Building C object esp-idf/bt/CMakeFiles/__idf_bt.dir/host/bluedroid/external/sbc/encoder/srce/sbc_enc_bit_alloc_ste.c.obj
[1018/1348] Building C object esp-idf/bt/CMakeFiles/__idf_bt.dir/host/bluedroid/hci/packet_fragmenter.c.obj
[1019/1348] Building C object esp-idf/bt/CMakeFiles/__idf_bt.dir/host/bluedroid/hci/hci_hal_h4.c.obj
[1020/1348] Building C object esp-idf/bt/CMakeFiles/__idf_bt.dir/host/bluedroid/main/bte_main.c.obj
[1021/1348] Building C object esp-idf/bt/CMakeFiles/__idf_bt.dir/host/bluedroid/stack/a2dp/a2d_api.c.obj
[1022/1348] Building C object esp-idf/bt/CMakeFiles/__idf_bt.dir/host/bluedroid/stack/a2dp/a2d_sbc.c.obj
[1023/1348] Building C object esp-idf/bt/CMakeFiles/__idf_bt.dir/host/bluedroid/stack/avct/avct_ccb.c.obj
[1024/1348] Building C object esp-idf/bt/CMakeFiles/__idf_bt.dir/host/bluedroid/stack/avct/avct_lcb.c.obj
[1025/1348] Building C object esp-idf/bt/CMakeFiles/__idf_bt.dir/host/bluedroid/main/bte_init.c.obj
[1026/1348] Building C object esp-idf/bt/CMakeFiles/__idf_bt.dir/host/bluedroid/stack/avct/avct_lcb_act.c.obj
[1027/1348] Building C object esp-idf/bt/CMakeFiles/__idf_bt.dir/host/bluedroid/hci/hci_packet_parser.c.obj
[1028/1348] Building C object esp-idf/bt/CMakeFiles/__idf_bt.dir/host/bluedroid/stack/avct/avct_l2c.c.obj
[1029/1348] Building C object esp-idf/bt/CMakeFiles/__idf_bt.dir/host/bluedroid/stack/avdt/avdt_ad.c.obj
[1030/1348] Building C object esp-idf/bt/CMakeFiles/__idf_bt.dir/host/bluedroid/hci/hci_packet_factory.c.obj
[1031/1348] Linking C static library esp-idf\esp_driver_gpio\libesp_driver_gpio.a
[1032/1348] Building C object esp-idf/bt/CMakeFiles/__idf_bt.dir/host/bluedroid/stack/avdt/avdt_ccb_act.c.obj
[1033/1348] Building C object esp-idf/bt/CMakeFiles/__idf_bt.dir/host/bluedroid/stack/avdt/avdt_ccb.c.obj
[1034/1348] Building C object esp-idf/bt/CMakeFiles/__idf_bt.dir/host/bluedroid/external/sbc/decoder/srce/synthesis-sbc.c.obj
[1035/1348] Building C object esp-idf/bt/CMakeFiles/__idf_bt.dir/host/bluedroid/stack/avdt/avdt_l2c.c.obj
[1036/1348] Building C object esp-idf/bt/CMakeFiles/__idf_bt.dir/host/bluedroid/stack/avdt/avdt_msg.c.obj
[1037/1348] Building C object esp-idf/bt/CMakeFiles/__idf_bt.dir/host/bluedroid/stack/avdt/avdt_scb_act.c.obj
[1038/1348] Building C object esp-idf/bt/CMakeFiles/__idf_bt.dir/host/bluedroid/stack/avdt/avdt_api.c.obj
[1039/1348] Building C object esp-idf/bt/CMakeFiles/__idf_bt.dir/host/bluedroid/stack/avrc/avrc_api.c.obj
[1040/1348] Building C object esp-idf/bt/CMakeFiles/__idf_bt.dir/host/bluedroid/stack/avrc/avrc_bld_tg.c.obj
[1041/1348] Building C object esp-idf/bt/CMakeFiles/__idf_bt.dir/host/bluedroid/stack/avrc/avrc_bld_ct.c.obj
[1042/1348] Building C object esp-idf/bt/CMakeFiles/__idf_bt.dir/host/bluedroid/stack/avdt/avdt_scb.c.obj
[1043/1348] Building C object esp-idf/bt/CMakeFiles/__idf_bt.dir/host/bluedroid/stack/hid/hidd_conn.c.obj
[1044/1348] Building C object esp-idf/bt/CMakeFiles/__idf_bt.dir/host/bluedroid/stack/avrc/avrc_pars_tg.c.obj
[1045/1348] Building C object esp-idf/bt/CMakeFiles/__idf_bt.dir/host/bluedroid/stack/avrc/avrc_opt.c.obj
[1046/1348] Building C object esp-idf/bt/CMakeFiles/__idf_bt.dir/host/bluedroid/stack/avrc/avrc_sdp.c.obj
[1047/1348] Building C object esp-idf/bt/CMakeFiles/__idf_bt.dir/host/bluedroid/stack/avct/avct_api.c.obj
[1048/1348] Building C object esp-idf/bt/CMakeFiles/__idf_bt.dir/host/bluedroid/stack/hid/hidd_api.c.obj
[1049/1348] Building C object esp-idf/bt/CMakeFiles/__idf_bt.dir/host/bluedroid/stack/hid/hidh_api.c.obj
[1050/1348] Building C object esp-idf/bt/CMakeFiles/__idf_bt.dir/host/bluedroid/stack/btm/btm_ble_adv_filter.c.obj
[1051/1348] Building C object esp-idf/bt/CMakeFiles/__idf_bt.dir/host/bluedroid/stack/avrc/avrc_pars_ct.c.obj
[1052/1348] Building C object esp-idf/bt/CMakeFiles/__idf_bt.dir/host/bluedroid/stack/btm/btm_ble.c.obj
[1053/1348] Building C object esp-idf/bt/CMakeFiles/__idf_bt.dir/host/bluedroid/stack/hid/hidh_conn.c.obj
[1054/1348] Building C object esp-idf/bt/CMakeFiles/__idf_bt.dir/host/bluedroid/stack/avrc/avrc_utils.c.obj
[1055/1348] Building C object esp-idf/bt/CMakeFiles/__idf_bt.dir/host/bluedroid/stack/btm/btm_acl.c.obj
[1056/1348] Building C object esp-idf/bt/CMakeFiles/__idf_bt.dir/host/bluedroid/stack/btm/btm_ble_cont_energy.c.obj
[1057/1348] Building C object esp-idf/bt/CMakeFiles/__idf_bt.dir/host/bluedroid/stack/btm/btm_ble_addr.c.obj
[1058/1348] Building C object esp-idf/bt/CMakeFiles/__idf_bt.dir/host/bluedroid/stack/btm/btm_ble_batchscan.c.obj
[1059/1348] Building C object esp-idf/bt/CMakeFiles/__idf_bt.dir/host/bluedroid/stack/btm/btm_ble_gap.c.obj
[1060/1348] Building C object esp-idf/bt/CMakeFiles/__idf_bt.dir/host/bluedroid/stack/btm/btm_ble_bgconn.c.obj
[1061/1348] Building C object esp-idf/bt/CMakeFiles/__idf_bt.dir/host/bluedroid/stack/btm/btm_ble_multi_adv.c.obj
[1062/1348] Building C object esp-idf/bt/CMakeFiles/__idf_bt.dir/host/bluedroid/stack/btm/btm_dev.c.obj
[1063/1348] Building C object esp-idf/bt/CMakeFiles/__idf_bt.dir/host/bluedroid/stack/btm/btm_ble_5_gap.c.obj
[1064/1348] Building C object esp-idf/bt/CMakeFiles/__idf_bt.dir/host/bluedroid/stack/btm/btm_main.c.obj
[1065/1348] Building C object esp-idf/bt/CMakeFiles/__idf_bt.dir/host/bluedroid/external/sbc/decoder/srce/synthesis-8-generated.c.obj
[1066/1348] Building C object esp-idf/bt/CMakeFiles/__idf_bt.dir/host/bluedroid/stack/btm/btm_devctl.c.obj
[1067/1348] Building C object esp-idf/bt/CMakeFiles/__idf_bt.dir/host/bluedroid/stack/btm/btm_ble_privacy.c.obj
[1068/1348] Building C object esp-idf/bt/CMakeFiles/__idf_bt.dir/host/bluedroid/stack/btu/btu_init.c.obj
[1069/1348] Building C object esp-idf/bt/CMakeFiles/__idf_bt.dir/host/bluedroid/stack/btu/btu_task.c.obj
[1070/1348] Building C object esp-idf/bt/CMakeFiles/__idf_bt.dir/host/bluedroid/stack/btm/btm_sco.c.obj
[1071/1348] Building C object esp-idf/bt/CMakeFiles/__idf_bt.dir/host/bluedroid/stack/btm/btm_pm.c.obj
[1072/1348] Building C object esp-idf/bt/CMakeFiles/__idf_bt.dir/host/bluedroid/stack/btm/btm_inq.c.obj
[1073/1348] Building C object esp-idf/bt/CMakeFiles/__idf_bt.dir/host/bluedroid/stack/gap/gap_conn.c.obj
[1074/1348] Building C object esp-idf/bt/CMakeFiles/__idf_bt.dir/host/bluedroid/stack/gap/gap_api.c.obj
[1075/1348] Building C object esp-idf/bt/CMakeFiles/__idf_bt.dir/host/bluedroid/stack/btm/btm_sec.c.obj
[1076/1348] Building C object esp-idf/bt/CMakeFiles/__idf_bt.dir/host/bluedroid/stack/gatt/gatt_api.c.obj
[1077/1348] Building C object esp-idf/bt/CMakeFiles/__idf_bt.dir/host/bluedroid/stack/gatt/gatt_attr.c.obj
[1078/1348] Building C object esp-idf/bt/CMakeFiles/__idf_bt.dir/host/bluedroid/stack/btu/btu_hcif.c.obj
[1079/1348] Building C object esp-idf/bt/CMakeFiles/__idf_bt.dir/host/bluedroid/stack/gatt/gatt_cl.c.obj
[1080/1348] Building C object esp-idf/bt/CMakeFiles/__idf_bt.dir/host/bluedroid/stack/hcic/hciblecmds.c.obj
[1081/1348] Building C object esp-idf/bt/CMakeFiles/__idf_bt.dir/host/bluedroid/stack/gap/gap_ble.c.obj
[1082/1348] Building C object esp-idf/bt/CMakeFiles/__idf_bt.dir/host/bluedroid/stack/gap/gap_utils.c.obj
[1083/1348] Building C object esp-idf/bt/CMakeFiles/__idf_bt.dir/host/bluedroid/stack/gatt/gatt_sr_hash.c.obj
[1084/1348] Building C object esp-idf/bt/CMakeFiles/__idf_bt.dir/host/bluedroid/stack/gatt/gatt_main.c.obj
[1085/1348] Building C object esp-idf/bt/CMakeFiles/__idf_bt.dir/host/bluedroid/stack/gatt/gatt_db.c.obj
[1086/1348] Building C object esp-idf/bt/CMakeFiles/__idf_bt.dir/host/bluedroid/stack/gatt/gatt_auth.c.obj
[1087/1348] Building C object esp-idf/bt/CMakeFiles/__idf_bt.dir/host/bluedroid/stack/hcic/hcicmds.c.obj
[1088/1348] Building C object esp-idf/bt/CMakeFiles/__idf_bt.dir/host/bluedroid/stack/l2cap/l2c_ble.c.obj
[1089/1348] Building C object esp-idf/bt/CMakeFiles/__idf_bt.dir/host/bluedroid/stack/gatt/gatt_utils.c.obj
[1090/1348] Building C object esp-idf/bt/CMakeFiles/__idf_bt.dir/host/bluedroid/stack/l2cap/l2c_fcr.c.obj
[1091/1348] Building C object esp-idf/bt/CMakeFiles/__idf_bt.dir/host/bluedroid/stack/l2cap/l2cap_client.c.obj
[1092/1348] Building C object esp-idf/bt/CMakeFiles/__idf_bt.dir/host/bluedroid/stack/l2cap/l2c_ucd.c.obj
[1093/1348] Building C object esp-idf/bt/CMakeFiles/__idf_bt.dir/host/bluedroid/stack/gatt/gatt_sr.c.obj
[1094/1348] Linking C static library esp-idf\xtensa\libxtensa.a
[1095/1348] Building C object esp-idf/bt/CMakeFiles/__idf_bt.dir/host/bluedroid/stack/l2cap/l2c_utils.c.obj
[1096/1348] Building C object esp-idf/bt/CMakeFiles/__idf_bt.dir/host/bluedroid/stack/l2cap/l2c_link.c.obj
[1097/1348] Building C object esp-idf/bt/CMakeFiles/__idf_bt.dir/host/bluedroid/stack/rfcomm/rfc_l2cap_if.c.obj
[1098/1348] Building C object esp-idf/bt/CMakeFiles/__idf_bt.dir/host/bluedroid/stack/l2cap/l2c_csm.c.obj
[1099/1348] Building C object esp-idf/bt/CMakeFiles/__idf_bt.dir/host/bluedroid/stack/rfcomm/port_api.c.obj
[1100/1348] Building C object esp-idf/bt/CMakeFiles/__idf_bt.dir/host/bluedroid/stack/gatt/att_protocol.c.obj
[1101/1348] Building C object esp-idf/bt/CMakeFiles/__idf_bt.dir/host/bluedroid/stack/rfcomm/port_utils.c.obj
[1102/1348] Building C object esp-idf/bt/CMakeFiles/__idf_bt.dir/host/bluedroid/stack/rfcomm/rfc_ts_frames.c.obj
[1103/1348] Building C object esp-idf/bt/CMakeFiles/__idf_bt.dir/host/bluedroid/stack/l2cap/l2c_api.c.obj
[1104/1348] Building C object esp-idf/bt/CMakeFiles/__idf_bt.dir/host/bluedroid/stack/rfcomm/rfc_port_fsm.c.obj
[1105/1348] Building C object esp-idf/bt/CMakeFiles/__idf_bt.dir/host/bluedroid/stack/rfcomm/rfc_utils.c.obj
[1106/1348] Building C object esp-idf/bt/CMakeFiles/__idf_bt.dir/host/bluedroid/stack/rfcomm/rfc_port_if.c.obj
[1107/1348] Building C object esp-idf/bt/CMakeFiles/__idf_bt.dir/host/bluedroid/stack/sdp/sdp_db.c.obj
[1108/1348] Building C object esp-idf/bt/CMakeFiles/__idf_bt.dir/host/bluedroid/stack/sdp/sdp_discovery.c.obj
[1109/1348] Building C object esp-idf/bt/CMakeFiles/__idf_bt.dir/host/bluedroid/stack/rfcomm/rfc_mx_fsm.c.obj
[1110/1348] Building C object esp-idf/bt/CMakeFiles/__idf_bt.dir/host/bluedroid/stack/sdp/sdp_server.c.obj
[1111/1348] Building C object esp-idf/bt/CMakeFiles/__idf_bt.dir/host/bluedroid/stack/sdp/sdp_utils.c.obj
[1112/1348] Building C object esp-idf/bt/CMakeFiles/__idf_bt.dir/host/bluedroid/stack/sdp/sdp_api.c.obj
[1113/1348] Building C object esp-idf/bt/CMakeFiles/__idf_bt.dir/host/bluedroid/stack/rfcomm/port_rfc.c.obj
[1114/1348] Building C object esp-idf/bt/CMakeFiles/__idf_bt.dir/host/bluedroid/stack/smp/aes.c.obj
[1115/1348] Building C object esp-idf/bt/CMakeFiles/__idf_bt.dir/host/bluedroid/stack/smp/p_256_ecc_pp.c.obj
[1116/1348] Building C object esp-idf/bt/CMakeFiles/__idf_bt.dir/host/bluedroid/stack/smp/smp_br_main.c.obj
[1117/1348] Building C object esp-idf/bt/CMakeFiles/__idf_bt.dir/host/bluedroid/stack/smp/smp_cmac.c.obj
[1118/1348] Building C object esp-idf/bt/CMakeFiles/__idf_bt.dir/host/bluedroid/stack/smp/smp_keys.c.obj
[1119/1348] Building C object esp-idf/bt/CMakeFiles/__idf_bt.dir/host/bluedroid/config/stack_config.c.obj
[1120/1348] Building C object esp-idf/bt/CMakeFiles/__idf_bt.dir/host/bluedroid/stack/smp/smp_utils.c.obj
[1121/1348] Building C object esp-idf/bt/CMakeFiles/__idf_bt.dir/host/bluedroid/stack/smp/smp_act.c.obj
[1122/1348] Building C object esp-idf/bt/CMakeFiles/__idf_bt.dir/host/bluedroid/stack/smp/p_256_multprecision.c.obj
[1123/1348] Building C object esp-idf/bt/CMakeFiles/__idf_bt.dir/porting/ext/tinycrypt/src/utils.c.obj
[1124/1348] Building C object esp-idf/bt/CMakeFiles/__idf_bt.dir/common/btc/profile/esp/blufi/bluedroid_host/esp_blufi.c.obj
[1125/1348] Building C object esp-idf/bt/CMakeFiles/__idf_bt.dir/porting/ext/tinycrypt/src/ctr_mode.c.obj
[1126/1348] Building C object esp-idf/bt/CMakeFiles/__idf_bt.dir/host/bluedroid/stack/sdp/sdp_main.c.obj
[1127/1348] Building C object esp-idf/bt/CMakeFiles/__idf_bt.dir/host/bluedroid/stack/smp/smp_main.c.obj
[1128/1348] Building C object esp-idf/bt/CMakeFiles/__idf_bt.dir/porting/ext/tinycrypt/src/ctr_prng.c.obj
[1129/1348] Building C object esp-idf/bt/CMakeFiles/__idf_bt.dir/porting/ext/tinycrypt/src/sha256.c.obj
[1130/1348] Building C object esp-idf/bt/CMakeFiles/__idf_bt.dir/host/bluedroid/stack/smp/smp_l2c.c.obj
[1131/1348] Building C object esp-idf/bt/CMakeFiles/__idf_bt.dir/porting/ext/tinycrypt/src/ccm_mode.c.obj
[1132/1348] Building C object esp-idf/bt/CMakeFiles/__idf_bt.dir/host/bluedroid/stack/l2cap/l2c_main.c.obj
[1133/1348] Building C object esp-idf/bt/CMakeFiles/__idf_bt.dir/porting/ext/tinycrypt/src/ecc_dsa.c.obj
[1134/1348] Building C object esp-idf/bt/CMakeFiles/__idf_bt.dir/porting/ext/tinycrypt/src/ecc_dh.c.obj
[1135/1348] Building C object esp-idf/bt/CMakeFiles/__idf_bt.dir/porting/ext/tinycrypt/src/aes_encrypt.c.obj
[1136/1348] Building C object esp-idf/bt/CMakeFiles/__idf_bt.dir/porting/ext/tinycrypt/src/ecc_platform_specific.c.obj
[1137/1348] Building C object esp-idf/bt/CMakeFiles/__idf_bt.dir/porting/ext/tinycrypt/src/hmac.c.obj
[1138/1348] Building C object esp-idf/bt/CMakeFiles/__idf_bt.dir/host/bluedroid/stack/smp/smp_api.c.obj
[1139/1348] Building C object esp-idf/bt/CMakeFiles/__idf_bt.dir/porting/ext/tinycrypt/src/cbc_mode.c.obj
[1140/1348] Building C object esp-idf/bt/CMakeFiles/__idf_bt.dir/porting/ext/tinycrypt/src/hmac_prng.c.obj
[1141/1348] Building C object esp-idf/bt/CMakeFiles/__idf_bt.dir/porting/ext/tinycrypt/src/cmac_mode.c.obj
[1142/1348] Building C object esp-idf/unity/CMakeFiles/__idf_unity.dir/unity/src/unity.c.obj
[1143/1348] Building C object esp-idf/unity/CMakeFiles/__idf_unity.dir/unity_utils_cache.c.obj
[1144/1348] Building C object esp-idf/unity/CMakeFiles/__idf_unity.dir/unity_compat.c.obj
[1145/1348] Building C object esp-idf/unity/CMakeFiles/__idf_unity.dir/unity_port_esp32.c.obj
[1146/1348] Building C object esp-idf/bt/CMakeFiles/__idf_bt.dir/porting/ext/tinycrypt/src/aes_decrypt.c.obj
[1147/1348] Building C object esp-idf/unity/CMakeFiles/__idf_unity.dir/port/esp/unity_utils_memory_esp.c.obj
[1148/1348] Building C object esp-idf/bt/CMakeFiles/__idf_bt.dir/porting/ext/tinycrypt/src/ecc.c.obj
[1149/1348] Building C object esp-idf/unity/CMakeFiles/__idf_unity.dir/unity_utils_memory.c.obj
[1150/1348] Building C object esp-idf/console/CMakeFiles/__idf_console.dir/esp_console_common.c.obj
[1151/1348] Building C object esp-idf/console/CMakeFiles/__idf_console.dir/split_argv.c.obj
[1152/1348] Building C object esp-idf/bt/CMakeFiles/__idf_bt.dir/host/bluedroid/stack/smp/p_256_curvepara.c.obj
[1153/1348] Building C object esp-idf/unity/CMakeFiles/__idf_unity.dir/unity_utils_freertos.c.obj
[1154/1348] Linking C static library esp-idf\app_trace\libapp_trace.a
[1155/1348] Building C object esp-idf/console/CMakeFiles/__idf_console.dir/argtable3/arg_dbl.c.obj
[1156/1348] Building C object esp-idf/console/CMakeFiles/__idf_console.dir/linenoise/linenoise.c.obj
[1157/1348] Building C object esp-idf/console/CMakeFiles/__idf_console.dir/argtable3/arg_dstr.c.obj
[1158/1348] Building C object esp-idf/console/CMakeFiles/__idf_console.dir/argtable3/arg_file.c.obj
[1159/1348] Building C object esp-idf/console/CMakeFiles/__idf_console.dir/argtable3/arg_date.c.obj
[1160/1348] Building C object esp-idf/console/CMakeFiles/__idf_console.dir/esp_console_repl_chip.c.obj
[1161/1348] Building C object esp-idf/console/CMakeFiles/__idf_console.dir/argtable3/arg_int.c.obj
[1162/1348] Building C object esp-idf/unity/CMakeFiles/__idf_unity.dir/unity_runner.c.obj
[1163/1348] Building C object esp-idf/console/CMakeFiles/__idf_console.dir/commands.c.obj
[1164/1348] Building C object esp-idf/console/CMakeFiles/__idf_console.dir/argtable3/arg_lit.c.obj
[1165/1348] Building C object esp-idf/console/CMakeFiles/__idf_console.dir/argtable3/arg_cmd.c.obj
[1166/1348] Building C object esp-idf/console/CMakeFiles/__idf_console.dir/argtable3/arg_rem.c.obj
[1167/1348] Building C object esp-idf/console/CMakeFiles/__idf_console.dir/argtable3/arg_str.c.obj
[1168/1348] Building C object esp-idf/esp_driver_cam/CMakeFiles/__idf_esp_driver_cam.dir/esp_cam_ctlr.c.obj
[1169/1348] Building C object esp-idf/console/CMakeFiles/__idf_console.dir/argtable3/arg_rex.c.obj
[1170/1348] Building C object esp-idf/console/CMakeFiles/__idf_console.dir/argtable3/arg_hashtable.c.obj
[1171/1348] Building C object esp-idf/esp_hid/CMakeFiles/__idf_esp_hid.dir/src/esp_hidd.c.obj
[1172/1348] Building C object esp-idf/esp_driver_cam/CMakeFiles/__idf_esp_driver_cam.dir/dvp_share_ctrl.c.obj
[1173/1348] Building C object esp-idf/esp_hid/CMakeFiles/__idf_esp_hid.dir/src/esp_hid_common.c.obj
[1174/1348] Building C object esp-idf/cmock/CMakeFiles/__idf_cmock.dir/CMock/src/cmock.c.obj
[1175/1348] Building C object esp-idf/console/CMakeFiles/__idf_console.dir/argtable3/arg_end.c.obj
[1176/1348] Building C object esp-idf/esp_hid/CMakeFiles/__idf_esp_hid.dir/src/bt_hidh.c.obj
[1177/1348] Building C object esp-idf/esp_https_server/CMakeFiles/__idf_esp_https_server.dir/src/https_server.c.obj
[1178/1348] Building C object esp-idf/esp_lcd/CMakeFiles/__idf_esp_lcd.dir/src/esp_lcd_panel_io.c.obj
[1179/1348] Building C object esp-idf/console/CMakeFiles/__idf_console.dir/argtable3/arg_utils.c.obj
[1180/1348] Building C object esp-idf/esp_lcd/CMakeFiles/__idf_esp_lcd.dir/src/esp_lcd_panel_nt35510.c.obj
[1181/1348] Building C object esp-idf/esp_hid/CMakeFiles/__idf_esp_hid.dir/src/ble_hidd.c.obj
[1182/1348] Building C object esp-idf/esp_lcd/CMakeFiles/__idf_esp_lcd.dir/src/esp_lcd_panel_st7789.c.obj
[1183/1348] Building C object esp-idf/esp_hid/CMakeFiles/__idf_esp_hid.dir/src/ble_hidh.c.obj
[1184/1348] Building C object esp-idf/esp_lcd/CMakeFiles/__idf_esp_lcd.dir/src/esp_lcd_common.c.obj
[1185/1348] Building C object esp-idf/console/CMakeFiles/__idf_console.dir/argtable3/argtable3.c.obj
[1186/1348] Building C object esp-idf/esp_hid/CMakeFiles/__idf_esp_hid.dir/src/bt_hidd.c.obj
[1187/1348] Building C object esp-idf/esp_lcd/CMakeFiles/__idf_esp_lcd.dir/i2c/esp_lcd_panel_io_i2c_v1.c.obj
[1188/1348] Building C object esp-idf/esp_lcd/CMakeFiles/__idf_esp_lcd.dir/src/esp_lcd_panel_ssd1306.c.obj
[1189/1348] Building C object esp-idf/esp_lcd/CMakeFiles/__idf_esp_lcd.dir/i2c/esp_lcd_panel_io_i2c_v2.c.obj
[1190/1348] Building C object esp-idf/protobuf-c/CMakeFiles/__idf_protobuf-c.dir/protobuf-c/protobuf-c/protobuf-c.c.obj
[1191/1348] Building C object esp-idf/esp_lcd/CMakeFiles/__idf_esp_lcd.dir/rgb/esp_lcd_panel_rgb.c.obj
[1192/1348] Building C object esp-idf/esp_lcd/CMakeFiles/__idf_esp_lcd.dir/spi/esp_lcd_panel_io_spi.c.obj
[1193/1348] Building C object esp-idf/protocomm/CMakeFiles/__idf_protocomm.dir/src/common/protocomm.c.obj
[1194/1348] Building C object esp-idf/esp_hid/CMakeFiles/__idf_esp_hid.dir/src/esp_hidh.c.obj
[1195/1348] Building C object esp-idf/protocomm/CMakeFiles/__idf_protocomm.dir/proto-c/sec0.pb-c.c.obj
[1196/1348] Building C object esp-idf/protocomm/CMakeFiles/__idf_protocomm.dir/proto-c/constants.pb-c.c.obj
[1197/1348] Building C object esp-idf/protocomm/CMakeFiles/__idf_protocomm.dir/src/transports/protocomm_console.c.obj
[1198/1348] Building C object esp-idf/protocomm/CMakeFiles/__idf_protocomm.dir/proto-c/sec1.pb-c.c.obj
[1199/1348] Building C object esp-idf/protocomm/CMakeFiles/__idf_protocomm.dir/proto-c/sec2.pb-c.c.obj
[1200/1348] Building C object esp-idf/protocomm/CMakeFiles/__idf_protocomm.dir/src/security/security1.c.obj
[1201/1348] Building C object esp-idf/protocomm/CMakeFiles/__idf_protocomm.dir/src/security/security0.c.obj
[1202/1348] Building C object esp-idf/protocomm/CMakeFiles/__idf_protocomm.dir/proto-c/session.pb-c.c.obj
[1203/1348] Building C object esp-idf/protocomm/CMakeFiles/__idf_protocomm.dir/src/security/security2.c.obj
[1204/1348] Building C object esp-idf/esp_lcd/CMakeFiles/__idf_esp_lcd.dir/src/esp_lcd_panel_ops.c.obj
[1205/1348] Building C object esp-idf/protocomm/CMakeFiles/__idf_protocomm.dir/src/simple_ble/simple_ble.c.obj
[1206/1348] Building C object esp-idf/protocomm/CMakeFiles/__idf_protocomm.dir/src/crypto/srp6a/esp_srp.c.obj
[1207/1348] Building C object esp-idf/protocomm/CMakeFiles/__idf_protocomm.dir/src/transports/protocomm_httpd.c.obj
[1208/1348] Building C object esp-idf/protocomm/CMakeFiles/__idf_protocomm.dir/src/transports/protocomm_ble.c.obj
[1209/1348] Building C object esp-idf/esp_local_ctrl/CMakeFiles/__idf_esp_local_ctrl.dir/src/esp_local_ctrl.c.obj
[1210/1348] Building C object esp-idf/esp_local_ctrl/CMakeFiles/__idf_esp_local_ctrl.dir/src/esp_local_ctrl_transport_ble.c.obj
[1211/1348] Building C object esp-idf/esp_local_ctrl/CMakeFiles/__idf_esp_local_ctrl.dir/src/esp_local_ctrl_transport_httpd.c.obj
[1212/1348] Building C object esp-idf/esp_local_ctrl/CMakeFiles/__idf_esp_local_ctrl.dir/proto-c/esp_local_ctrl.pb-c.c.obj
[1213/1348] Building C object esp-idf/espcoredump/CMakeFiles/__idf_espcoredump.dir/src/core_dump_common.c.obj
[1214/1348] Building C object esp-idf/espcoredump/CMakeFiles/__idf_espcoredump.dir/src/core_dump_init.c.obj
[1215/1348] Building C object esp-idf/esp_lcd/CMakeFiles/__idf_esp_lcd.dir/i80/esp_lcd_panel_io_i80.c.obj
[1216/1348] Building C object esp-idf/protocomm/CMakeFiles/__idf_protocomm.dir/src/crypto/srp6a/esp_srp_mpi.c.obj
[1217/1348] Building C object esp-idf/espcoredump/CMakeFiles/__idf_espcoredump.dir/src/core_dump_flash.c.obj
[1218/1348] Building C object esp-idf/espcoredump/CMakeFiles/__idf_espcoredump.dir/src/core_dump_uart.c.obj
[1219/1348] Building C object esp-idf/espcoredump/CMakeFiles/__idf_espcoredump.dir/src/core_dump_sha.c.obj
[1220/1348] Building C object esp-idf/espcoredump/CMakeFiles/__idf_espcoredump.dir/src/core_dump_elf.c.obj
[1221/1348] Building C object esp-idf/espcoredump/CMakeFiles/__idf_espcoredump.dir/src/port/xtensa/core_dump_port.c.obj
[1222/1348] Building CXX object esp-idf/wear_levelling/CMakeFiles/__idf_wear_levelling.dir/Partition.cpp.obj
[1223/1348] Building CXX object esp-idf/wear_levelling/CMakeFiles/__idf_wear_levelling.dir/WL_Ext_Safe.cpp.obj
[1224/1348] Building CXX object esp-idf/wear_levelling/CMakeFiles/__idf_wear_levelling.dir/WL_Ext_Perf.cpp.obj
[1225/1348] Building C object esp-idf/espcoredump/CMakeFiles/__idf_espcoredump.dir/src/core_dump_binary.c.obj
[1226/1348] Building C object esp-idf/fatfs/CMakeFiles/__idf_fatfs.dir/diskio/diskio.c.obj
[1227/1348] Building C object esp-idf/esp_local_ctrl/CMakeFiles/__idf_esp_local_ctrl.dir/src/esp_local_ctrl_handler.c.obj
[1228/1348] Building CXX object esp-idf/wear_levelling/CMakeFiles/__idf_wear_levelling.dir/WL_Flash.cpp.obj
[1229/1348] Building CXX object esp-idf/wear_levelling/CMakeFiles/__idf_wear_levelling.dir/wear_levelling.cpp.obj
[1230/1348] Building CXX object esp-idf/wear_levelling/CMakeFiles/__idf_wear_levelling.dir/crc32.cpp.obj
[1231/1348] Building C object esp-idf/espcoredump/CMakeFiles/__idf_espcoredump.dir/src/core_dump_crc.c.obj
[1232/1348] Linking C static library esp-idf\esp_https_server\libesp_https_server.a
[1233/1348] Building CXX object esp-idf/wear_levelling/CMakeFiles/__idf_wear_levelling.dir/SPI_Flash.cpp.obj
[1234/1348] Linking C static library esp-idf\unity\libunity.a
[1235/1348] Building C object esp-idf/fatfs/CMakeFiles/__idf_fatfs.dir/src/ffunicode.c.obj
[1236/1348] Building C object esp-idf/fatfs/CMakeFiles/__idf_fatfs.dir/diskio/diskio_wl.c.obj
[1237/1348] Building C object esp-idf/fatfs/CMakeFiles/__idf_fatfs.dir/diskio/diskio_rawflash.c.obj
[1238/1348] Building C object esp-idf/fatfs/CMakeFiles/__idf_fatfs.dir/diskio/diskio_sdmmc.c.obj
[1239/1348] Building C object esp-idf/fatfs/CMakeFiles/__idf_fatfs.dir/port/freertos/ffsystem.c.obj
[1240/1348] Building C object esp-idf/fatfs/CMakeFiles/__idf_fatfs.dir/vfs/vfs_fat.c.obj
[1241/1348] Building C object esp-idf/fatfs/CMakeFiles/__idf_fatfs.dir/vfs/vfs_fat_spiflash.c.obj
[1242/1348] Linking C static library esp-idf\console\libconsole.a
[1243/1348] Building C object esp-idf/fatfs/CMakeFiles/__idf_fatfs.dir/src/ff.c.obj
[1244/1348] Building C object esp-idf/fatfs/CMakeFiles/__idf_fatfs.dir/vfs/vfs_fat_sdmmc.c.obj
[1245/1348] Building C object esp-idf/json/CMakeFiles/__idf_json.dir/cJSON/cJSON_Utils.c.obj
[1246/1348] Building C object esp-idf/mqtt/CMakeFiles/__idf_mqtt.dir/esp-mqtt/lib/mqtt_outbox.c.obj
[1247/1348] Building C object esp-idf/mqtt/CMakeFiles/__idf_mqtt.dir/esp-mqtt/lib/platform_esp32_idf.c.obj
[1248/1348] Building C object esp-idf/mqtt/CMakeFiles/__idf_mqtt.dir/esp-mqtt/mqtt_client.c.obj
[1249/1348] Linking C static library esp-idf\protobuf-c\libprotobuf-c.a
[1250/1348] Building C object esp-idf/nvs_sec_provider/CMakeFiles/__idf_nvs_sec_provider.dir/nvs_sec_provider.c.obj
[1251/1348] Building C object esp-idf/perfmon/CMakeFiles/__idf_perfmon.dir/xtensa_perfmon_access.c.obj
[1252/1348] Building CXX object esp-idf/mqtt/CMakeFiles/__idf_mqtt.dir/C_/Users/nakau/Downloads/IOModule-v0-50/IOModule-v0-50/main/custom_outbox.cpp.obj
[1253/1348] Building C object esp-idf/perfmon/CMakeFiles/__idf_perfmon.dir/xtensa_perfmon_masks.c.obj
[1254/1348] Building C object esp-idf/spiffs/CMakeFiles/__idf_spiffs.dir/spiffs/src/spiffs_cache.c.obj
[1255/1348] Building C object esp-idf/spiffs/CMakeFiles/__idf_spiffs.dir/spiffs/src/spiffs_check.c.obj
[1256/1348] Building C object esp-idf/spiffs/CMakeFiles/__idf_spiffs.dir/spiffs_api.c.obj
[1257/1348] Building C object esp-idf/perfmon/CMakeFiles/__idf_perfmon.dir/xtensa_perfmon_apis.c.obj
[1258/1348] Building C object esp-idf/mqtt/CMakeFiles/__idf_mqtt.dir/esp-mqtt/lib/mqtt_msg.c.obj
[1259/1348] Linking C static library esp-idf\esp_driver_cam\libesp_driver_cam.a
[1260/1348] Building C object esp-idf/json/CMakeFiles/__idf_json.dir/cJSON/cJSON.c.obj
[1261/1348] Linking C static library esp-idf\esp_lcd\libesp_lcd.a
[1262/1348] Building C object esp-idf/touch_element/CMakeFiles/__idf_touch_element.dir/touch_slider.c.obj
[1263/1348] Building C object esp-idf/spiffs/CMakeFiles/__idf_spiffs.dir/spiffs/src/spiffs_nucleus.c.obj
[1264/1348] Building C object esp-idf/spiffs/CMakeFiles/__idf_spiffs.dir/esp_spiffs.c.obj
[1265/1348] Building C object esp-idf/spiffs/CMakeFiles/__idf_spiffs.dir/spiffs/src/spiffs_gc.c.obj
[1266/1348] Building C object esp-idf/touch_element/CMakeFiles/__idf_touch_element.dir/touch_element.c.obj
[1267/1348] Building C object esp-idf/touch_element/CMakeFiles/__idf_touch_element.dir/touch_button.c.obj
[1268/1348] Building C object esp-idf/spiffs/CMakeFiles/__idf_spiffs.dir/spiffs/src/spiffs_hydrogen.c.obj
[1269/1348] Building C object esp-idf/touch_element/CMakeFiles/__idf_touch_element.dir/touch_matrix.c.obj
[1270/1348] Building C object esp-idf/usb/CMakeFiles/__idf_usb.dir/hcd_dwc.c.obj
[1271/1348] Building C object esp-idf/usb/CMakeFiles/__idf_usb.dir/hub.c.obj
[1272/1348] Building C object esp-idf/usb/CMakeFiles/__idf_usb.dir/usb_host.c.obj
[1273/1348] Building C object esp-idf/usb/CMakeFiles/__idf_usb.dir/usb_helpers.c.obj
[1274/1348] Building C object esp-idf/usb/CMakeFiles/__idf_usb.dir/usb_private.c.obj
[1275/1348] Building C object esp-idf/usb/CMakeFiles/__idf_usb.dir/usbh.c.obj
[1276/1348] Building C object esp-idf/wifi_provisioning/CMakeFiles/__idf_wifi_provisioning.dir/src/wifi_config.c.obj
[1277/1348] Building C object esp-idf/usb/CMakeFiles/__idf_usb.dir/usb_phy.c.obj
[1278/1348] Linking C static library esp-idf\cmock\libcmock.a
[1279/1348] Building C object esp-idf/wifi_provisioning/CMakeFiles/__idf_wifi_provisioning.dir/src/handlers.c.obj
[1280/1348] Building C object esp-idf/wifi_provisioning/CMakeFiles/__idf_wifi_provisioning.dir/src/wifi_ctrl.c.obj
[1281/1348] Building C object esp-idf/wifi_provisioning/CMakeFiles/__idf_wifi_provisioning.dir/src/manager.c.obj
[1282/1348] Building C object esp-idf/wifi_provisioning/CMakeFiles/__idf_wifi_provisioning.dir/src/wifi_scan.c.obj
[1283/1348] Building C object esp-idf/wifi_provisioning/CMakeFiles/__idf_wifi_provisioning.dir/src/scheme_console.c.obj
[1284/1348] Building C object esp-idf/wifi_provisioning/CMakeFiles/__idf_wifi_provisioning.dir/proto-c/wifi_config.pb-c.c.obj
[1285/1348] Building C object esp-idf/wifi_provisioning/CMakeFiles/__idf_wifi_provisioning.dir/src/scheme_ble.c.obj
[1286/1348] Building C object esp-idf/wifi_provisioning/CMakeFiles/__idf_wifi_provisioning.dir/src/scheme_softap.c.obj
[1287/1348] Building C object esp-idf/wifi_provisioning/CMakeFiles/__idf_wifi_provisioning.dir/proto-c/wifi_ctrl.pb-c.c.obj
[1288/1348] Linking C static library esp-idf\espcoredump\libespcoredump.a
[1289/1348] Building C object esp-idf/protocol_examples_common/CMakeFiles/__idf_protocol_examples_common.dir/stdin_out.c.obj
[1290/1348] Building C object esp-idf/protocol_examples_common/CMakeFiles/__idf_protocol_examples_common.dir/addr_from_stdin.c.obj
[1291/1348] Linking C static library esp-idf\bt\libbt.a
[1292/1348] Linking C static library esp-idf\wear_levelling\libwear_levelling.a
[1293/1348] Building C object esp-idf/protocol_examples_common/CMakeFiles/__idf_protocol_examples_common.dir/console_cmd.c.obj
[1294/1348] Building C object esp-idf/protocol_examples_common/CMakeFiles/__idf_protocol_examples_common.dir/protocol_examples_utils.c.obj
[1295/1348] Building C object esp-idf/protocol_examples_common/CMakeFiles/__idf_protocol_examples_common.dir/wifi_connect.c.obj
[1296/1348] Linking C static library esp-idf\nvs_sec_provider\libnvs_sec_provider.a
[1297/1348] Building C object esp-idf/wifi_provisioning/CMakeFiles/__idf_wifi_provisioning.dir/proto-c/wifi_scan.pb-c.c.obj
[1298/1348] Building C object esp-idf/protocol_examples_common/CMakeFiles/__idf_protocol_examples_common.dir/connect.c.obj
[1299/1348] Building C object esp-idf/wifi_provisioning/CMakeFiles/__idf_wifi_provisioning.dir/proto-c/wifi_constants.pb-c.c.obj
[1300/1348] Linking C static library esp-idf\mqtt\libmqtt.a
[1301/1348] Linking C static library esp-idf\spiffs\libspiffs.a
[1302/1348] Linking C static library esp-idf\json\libjson.a
[1303/1348] Linking C static library esp-idf\perfmon\libperfmon.a
[1304/1348] Performing build step for 'bootloader'
[1/113] Generating project_elf_src_esp32s3.c
[2/113] Building C object esp-idf/soc/CMakeFiles/__idf_soc.dir/esp32s3/gpio_periph.c.obj
[3/113] Building C object esp-idf/soc/CMakeFiles/__idf_soc.dir/dport_access_common.c.obj
[4/113] Building C object esp-idf/soc/CMakeFiles/__idf_soc.dir/lldesc.c.obj
[5/113] Building C object esp-idf/soc/CMakeFiles/__idf_soc.dir/esp32s3/dedic_gpio_periph.c.obj
[6/113] Building C object esp-idf/soc/CMakeFiles/__idf_soc.dir/esp32s3/uart_periph.c.obj
[7/113] Building C object esp-idf/soc/CMakeFiles/__idf_soc.dir/esp32s3/sdm_periph.c.obj
[8/113] Building C object CMakeFiles/bootloader.elf.dir/project_elf_src_esp32s3.c.obj
[9/113] Building C object esp-idf/xtensa/CMakeFiles/__idf_xtensa.dir/eri.c.obj
[10/113] Building C object esp-idf/xtensa/CMakeFiles/__idf_xtensa.dir/xt_trax.c.obj
[11/113] Building C object esp-idf/soc/CMakeFiles/__idf_soc.dir/esp32s3/ledc_periph.c.obj
[12/113] Building C object esp-idf/soc/CMakeFiles/__idf_soc.dir/esp32s3/i2s_periph.c.obj
[13/113] Building C object esp-idf/soc/CMakeFiles/__idf_soc.dir/esp32s3/spi_periph.c.obj
[14/113] Building C object esp-idf/soc/CMakeFiles/__idf_soc.dir/esp32s3/i2c_periph.c.obj
[15/113] Building C object esp-idf/soc/CMakeFiles/__idf_soc.dir/esp32s3/interrupts.c.obj
[16/113] Building C object esp-idf/soc/CMakeFiles/__idf_soc.dir/esp32s3/adc_periph.c.obj
[17/113] Building C object esp-idf/soc/CMakeFiles/__idf_soc.dir/esp32s3/pcnt_periph.c.obj
[18/113] Building C object esp-idf/soc/CMakeFiles/__idf_soc.dir/esp32s3/gdma_periph.c.obj
[19/113] Building C object esp-idf/soc/CMakeFiles/__idf_soc.dir/esp32s3/rmt_periph.c.obj
[20/113] Building C object esp-idf/soc/CMakeFiles/__idf_soc.dir/esp32s3/lcd_periph.c.obj
[21/113] Building C object esp-idf/soc/CMakeFiles/__idf_soc.dir/esp32s3/mpi_periph.c.obj
[22/113] Building C object esp-idf/soc/CMakeFiles/__idf_soc.dir/esp32s3/usb_periph.c.obj
[23/113] Building C object esp-idf/soc/CMakeFiles/__idf_soc.dir/esp32s3/sdmmc_periph.c.obj
[24/113] Building C object esp-idf/soc/CMakeFiles/__idf_soc.dir/esp32s3/touch_sensor_periph.c.obj
[25/113] Building C object esp-idf/hal/CMakeFiles/__idf_hal.dir/hal_utils.c.obj
[26/113] Building C object esp-idf/soc/CMakeFiles/__idf_soc.dir/esp32s3/twai_periph.c.obj
[27/113] Building C object esp-idf/soc/CMakeFiles/__idf_soc.dir/esp32s3/mcpwm_periph.c.obj
[28/113] Building C object esp-idf/hal/CMakeFiles/__idf_hal.dir/esp32s3/efuse_hal.c.obj
[29/113] Building C object esp-idf/soc/CMakeFiles/__idf_soc.dir/esp32s3/temperature_sensor_periph.c.obj
[30/113] Building C object esp-idf/hal/CMakeFiles/__idf_hal.dir/efuse_hal.c.obj
[31/113] Building C object esp-idf/soc/CMakeFiles/__idf_soc.dir/esp32s3/rtc_io_periph.c.obj
[32/113] Building C object esp-idf/soc/CMakeFiles/__idf_soc.dir/esp32s3/timer_periph.c.obj
[33/113] Building C object esp-idf/soc/CMakeFiles/__idf_soc.dir/esp32s3/usb_dwc_periph.c.obj
[34/113] Building C object esp-idf/esp_bootloader_format/CMakeFiles/__idf_esp_bootloader_format.dir/esp_bootloader_desc.c.obj
[35/113] Building C object esp-idf/hal/CMakeFiles/__idf_hal.dir/mmu_hal.c.obj
[36/113] Building C object esp-idf/hal/CMakeFiles/__idf_hal.dir/cache_hal.c.obj
[37/113] Building C object esp-idf/spi_flash/CMakeFiles/__idf_spi_flash.dir/spi_flash_wrap.c.obj
[38/113] Building C object esp-idf/hal/CMakeFiles/__idf_hal.dir/mpu_hal.c.obj
[39/113] Building C object esp-idf/bootloader_support/CMakeFiles/__idf_bootloader_support.dir/src/bootloader_random.c.obj
[40/113] Building C object esp-idf/bootloader_support/CMakeFiles/__idf_bootloader_support.dir/src/bootloader_clock_init.c.obj
[41/113] Building C object esp-idf/bootloader_support/CMakeFiles/__idf_bootloader_support.dir/src/bootloader_mem.c.obj
[42/113] Building C object esp-idf/bootloader_support/CMakeFiles/__idf_bootloader_support.dir/src/bootloader_efuse.c.obj
[43/113] Building C object esp-idf/bootloader_support/CMakeFiles/__idf_bootloader_support.dir/src/secure_boot.c.obj
[44/113] Building C object esp-idf/bootloader_support/CMakeFiles/__idf_bootloader_support.dir/bootloader_flash/src/flash_qio_mode.c.obj
[45/113] Building C object esp-idf/bootloader_support/CMakeFiles/__idf_bootloader_support.dir/src/flash_encrypt.c.obj
[46/113] Building C object esp-idf/bootloader_support/CMakeFiles/__idf_bootloader_support.dir/src/bootloader_random_esp32s3.c.obj
[47/113] Building C object esp-idf/bootloader_support/CMakeFiles/__idf_bootloader_support.dir/src/bootloader_common.c.obj
[48/113] Building C object esp-idf/bootloader_support/CMakeFiles/__idf_bootloader_support.dir/src/bootloader_common_loader.c.obj
[49/113] Building C object esp-idf/micro-ecc/CMakeFiles/__idf_micro-ecc.dir/uECC_verify_antifault.c.obj
[50/113] Building C object esp-idf/bootloader_support/CMakeFiles/__idf_bootloader_support.dir/bootloader_flash/src/bootloader_flash.c.obj
[51/113] Building C object esp-idf/bootloader_support/CMakeFiles/__idf_bootloader_support.dir/src/flash_partitions.c.obj
[52/113] Building C object esp-idf/bootloader_support/CMakeFiles/__idf_bootloader_support.dir/src/bootloader_console.c.obj
[53/113] Building C object esp-idf/bootloader_support/CMakeFiles/__idf_bootloader_support.dir/src/bootloader_console_loader.c.obj
[54/113] Building C object esp-idf/bootloader_support/CMakeFiles/__idf_bootloader_support.dir/src/esp32s3/bootloader_soc.c.obj
[55/113] Building C object esp-idf/bootloader_support/CMakeFiles/__idf_bootloader_support.dir/src/esp32s3/bootloader_sha.c.obj
[56/113] Building C object esp-idf/bootloader_support/CMakeFiles/__idf_bootloader_support.dir/src/bootloader_utility.c.obj
[57/113] Building C object esp-idf/bootloader_support/CMakeFiles/__idf_bootloader_support.dir/src/bootloader_clock_loader.c.obj
[58/113] Building C object esp-idf/bootloader_support/CMakeFiles/__idf_bootloader_support.dir/src/bootloader_init.c.obj
[59/113] Building C object esp-idf/bootloader_support/CMakeFiles/__idf_bootloader_support.dir/bootloader_flash/src/bootloader_flash_config_esp32s3.c.obj
[60/113] Building C object esp-idf/bootloader_support/CMakeFiles/__idf_bootloader_support.dir/src/esp32s3/bootloader_esp32s3.c.obj
[61/113] Building C object esp-idf/efuse/CMakeFiles/__idf_efuse.dir/esp32s3/esp_efuse_table.c.obj
[62/113] Building C object esp-idf/bootloader_support/CMakeFiles/__idf_bootloader_support.dir/src/bootloader_panic.c.obj
[63/113] Building C object esp-idf/efuse/CMakeFiles/__idf_efuse.dir/esp32s3/esp_efuse_rtc_calib.c.obj
[64/113] Building C object esp-idf/efuse/CMakeFiles/__idf_efuse.dir/esp32s3/esp_efuse_fields.c.obj
[65/113] Building C object esp-idf/efuse/CMakeFiles/__idf_efuse.dir/esp32s3/esp_efuse_utility.c.obj
[66/113] Building C object esp-idf/esp_hw_support/CMakeFiles/__idf_esp_hw_support.dir/esp_memory_utils.c.obj
[67/113] Building C object esp-idf/efuse/CMakeFiles/__idf_efuse.dir/src/esp_efuse_api.c.obj
[68/113] Building C object esp-idf/bootloader_support/CMakeFiles/__idf_bootloader_support.dir/src/esp_image_format.c.obj
[69/113] Building C object esp-idf/esp_hw_support/CMakeFiles/__idf_esp_hw_support.dir/cpu.c.obj
[70/113] Building C object esp-idf/efuse/CMakeFiles/__idf_efuse.dir/src/esp_efuse_fields.c.obj
[71/113] Building C object esp-idf/esp_hw_support/CMakeFiles/__idf_esp_hw_support.dir/port/esp32s3/cpu_region_protect.c.obj
[72/113] Building C object esp-idf/efuse/CMakeFiles/__idf_efuse.dir/src/esp_efuse_utility.c.obj
[73/113] Building C object esp-idf/efuse/CMakeFiles/__idf_efuse.dir/src/efuse_controller/keys/with_key_purposes/esp_efuse_api_key.c.obj
[74/113] Building C object esp-idf/esp_system/CMakeFiles/__idf_esp_system.dir/esp_err.c.obj
[75/113] Building C object esp-idf/esp_hw_support/CMakeFiles/__idf_esp_hw_support.dir/port/esp32s3/chip_info.c.obj
[76/113] Building C object esp-idf/esp_rom/CMakeFiles/__idf_esp_rom.dir/patches/esp_rom_crc.c.obj
[77/113] Building C object esp-idf/esp_hw_support/CMakeFiles/__idf_esp_hw_support.dir/port/esp32s3/rtc_clk.c.obj
[78/113] Building C object esp-idf/esp_hw_support/CMakeFiles/__idf_esp_hw_support.dir/port/esp32s3/rtc_clk_init.c.obj
[79/113] Building C object esp-idf/esp_common/CMakeFiles/__idf_esp_common.dir/src/esp_err_to_name.c.obj
[80/113] Building C object esp-idf/esp_hw_support/CMakeFiles/__idf_esp_hw_support.dir/port/esp32s3/rtc_time.c.obj
[81/113] Building C object esp-idf/esp_rom/CMakeFiles/__idf_esp_rom.dir/patches/esp_rom_efuse.c.obj
[82/113] Building C object esp-idf/esp_rom/CMakeFiles/__idf_esp_rom.dir/patches/esp_rom_sys.c.obj
[83/113] Building C object esp-idf/esp_rom/CMakeFiles/__idf_esp_rom.dir/patches/esp_rom_systimer.c.obj
[84/113] Building C object esp-idf/esp_rom/CMakeFiles/__idf_esp_rom.dir/patches/esp_rom_wdt.c.obj
[85/113] Building C object esp-idf/esp_hw_support/CMakeFiles/__idf_esp_hw_support.dir/port/esp32s3/rtc_init.c.obj
[86/113] Building ASM object esp-idf/esp_rom/CMakeFiles/__idf_esp_rom.dir/patches/esp_rom_longjmp.S.obj
[87/113] Building C object esp-idf/esp_rom/CMakeFiles/__idf_esp_rom.dir/patches/esp_rom_uart.c.obj
[88/113] Building C object esp-idf/esp_hw_support/CMakeFiles/__idf_esp_hw_support.dir/port/esp32s3/esp_cpu_intr.c.obj
[89/113] Building C object esp-idf/esp_rom/CMakeFiles/__idf_esp_rom.dir/patches/esp_rom_spiflash.c.obj
[90/113] Building C object esp-idf/main/CMakeFiles/__idf_main.dir/bootloader_start.c.obj
[91/113] Building ASM object esp-idf/esp_rom/CMakeFiles/__idf_esp_rom.dir/patches/esp_rom_cache_writeback_esp32s3.S.obj
[92/113] Building C object esp-idf/esp_hw_support/CMakeFiles/__idf_esp_hw_support.dir/port/esp32s3/rtc_sleep.c.obj
[93/113] Building C object esp-idf/esp_rom/CMakeFiles/__idf_esp_rom.dir/patches/esp_rom_cache_esp32s2_esp32s3.c.obj
[94/113] Building C object esp-idf/log/CMakeFiles/__idf_log.dir/log_buffers.c.obj
[95/113] Building C object esp-idf/log/CMakeFiles/__idf_log.dir/log.c.obj
[96/113] Building C object esp-idf/log/CMakeFiles/__idf_log.dir/log_noos.c.obj
[97/113] Linking C static library esp-idf\log\liblog.a
[98/113] Linking C static library esp-idf\esp_rom\libesp_rom.a
[99/113] Linking C static library esp-idf\esp_common\libesp_common.a
[100/113] Linking C static library esp-idf\esp_hw_support\libesp_hw_support.a
[101/113] Linking C static library esp-idf\esp_system\libesp_system.a
[102/113] Linking C static library esp-idf\efuse\libefuse.a
[103/113] Linking C static library esp-idf\bootloader_support\libbootloader_support.a
[104/113] Linking C static library esp-idf\esp_bootloader_format\libesp_bootloader_format.a
[105/113] Linking C static library esp-idf\spi_flash\libspi_flash.a
[106/113] Linking C static library esp-idf\hal\libhal.a
[107/113] Linking C static library esp-idf\micro-ecc\libmicro-ecc.a
[108/113] Linking C static library esp-idf\soc\libsoc.a
[109/113] Linking C static library esp-idf\xtensa\libxtensa.a
[110/113] Linking C static library esp-idf\main\libmain.a
[111/113] Linking C executable bootloader.elf
[112/113] Generating binary image from built executable
esptool.py v4.11.0
Creating esp32s3 image...
Merged 2 ELF sections
Successfully created esp32s3 image.
Generated C:/Users/nakau/Downloads/IOModule-v0-50/IOModule-v0-50/build/bootloader/bootloader.bin
[113/113] cmd.exe /C "cd /D C:\Users\nakau\Downloads\IOModule-v0-50\IOModule-v0-50\build\bootloader\esp-idf\esptool_py && C:\Users\nakau\.espressif\python_env\idf5.3_py3.10_env\Scripts\python.exe C:/Users/nakau/esp/v5.3/esp-idf/components/partition_table/check_sizes.py --offset 0x8000 bootloader 0x0 C:/Users/nakau/Downloads/IOModule-v0-50/IOModule-v0-50/build/bootloader/bootloader.bin"
Bootloader binary size 0x52a0 bytes. 0x2d60 bytes (35%) free.
[1305/1348] Linking C static library esp-idf\touch_element\libtouch_element.a
[1306/1348] Linking C static library esp-idf\fatfs\libfatfs.a
[1307/1348] Linking C static library esp-idf\protocomm\libprotocomm.a
[1308/1348] Linking C static library esp-idf\usb\libusb.a
[1309/1348] Linking C static library esp-idf\esp_hid\libesp_hid.a
[1310/1348] Linking C static library esp-idf\protocol_examples_common\libprotocol_examples_common.a
[1311/1348] No install step for 'bootloader'
[1312/1348] Linking C static library esp-idf\esp_local_ctrl\libesp_local_ctrl.a
[1313/1348] Generating ../../hexnet_logo.png.S
[1314/1348] Building CXX object esp-idf/main/CMakeFiles/__idf_main.dir/TroykaDHT.cpp.obj
[1315/1348] Building CXX object esp-idf/main/CMakeFiles/__idf_main.dir/dht_sensor.cpp.obj
[1316/1348] Completed 'bootloader'
[1317/1348] Building C object esp-idf/main/CMakeFiles/__idf_main.dir/esp_ws28xx.c.obj
[1318/1348] Building C object esp-idf/main/CMakeFiles/__idf_main.dir/hexnet_canbus.c.obj
[1319/1348] Linking C static library esp-idf\wifi_provisioning\libwifi_provisioning.a
[1320/1348] Building C object esp-idf/main/CMakeFiles/__idf_main.dir/hexnet_resolve_mqtt.c.obj
[1321/1348] Building C object esp-idf/main/CMakeFiles/__idf_main.dir/hexnet_wifi_portal.c.obj
[1322/1348] Building C object esp-idf/main/CMakeFiles/__idf_main.dir/hexnet_debug.c.obj
[1323/1348] Building C object esp-idf/main/CMakeFiles/__idf_main.dir/hexnet_ota_debug.c.obj
[1324/1348] Building C object esp-idf/main/CMakeFiles/__idf_main.dir/hexnet_log_init.c.obj
[1325/1348] Building C object esp-idf/main/CMakeFiles/__idf_main.dir/hexnet_http.c.obj
[1326/1348] Building C object esp-idf/main/CMakeFiles/__idf_main.dir/hexnet_wifi.c.obj
[1327/1348] Building C object esp-idf/main/CMakeFiles/__idf_main.dir/hexnet_motor.c.obj
[1328/1348] Building C object esp-idf/main/CMakeFiles/__idf_main.dir/hexnet_bluetooth.c.obj
C:/Users/nakau/Downloads/IOModule-v0-50/IOModule-v0-50/main/hexnet_bluetooth.c: In function 'parse_configuration_data':
C:/Users/nakau/Downloads/IOModule-v0-50/IOModule-v0-50/main/hexnet_bluetooth.c:906:9: warning: variable 'sensorsBuf' set but not used [-Wunused-but-set-variable]
  906 |     int sensorsBuf[5] = {0};
      |         ^~~~~~~~~~
C:/Users/nakau/Downloads/IOModule-v0-50/IOModule-v0-50/main/hexnet_bluetooth.c:905:9: warning: variable 'dimsBuf' set but not used [-Wunused-but-set-variable]
  905 |     int dimsBuf[4] = {0};
      |         ^~~~~~~
C:/Users/nakau/Downloads/IOModule-v0-50/IOModule-v0-50/main/hexnet_bluetooth.c:904:9: warning: variable 'outputsBuf' set but not used [-Wunused-but-set-variable]
  904 |     int outputsBuf[16] = {0};
      |         ^~~~~~~~~~
[1329/1348] Building C object esp-idf/main/CMakeFiles/__idf_main.dir/dns_server.c.obj
C:/Users/nakau/Downloads/IOModule-v0-50/IOModule-v0-50/main/dns_server.c:9: warning: "LOG_LOCAL_LEVEL" redefined
    9 | #define LOG_LOCAL_LEVEL HEXNET_LOG_LEVEL_OTHER
      | 
In file included from C:/Users/nakau/esp/v5.3/esp-idf/components/esp_common/include/esp_check.h:9,
                 from C:/Users/nakau/Downloads/IOModule-v0-50/IOModule-v0-50/main/dns_server.c:7:
C:/Users/nakau/esp/v5.3/esp-idf/components/log/include/esp_log.h:179: note: this is the location of the previous definition
  179 | #define LOG_LOCAL_LEVEL  CONFIG_LOG_MAXIMUM_LEVEL
      | 
[1330/1348] Building C object esp-idf/main/CMakeFiles/__idf_main.dir/hexnet_version.c.obj
C:/Users/nakau/Downloads/IOModule-v0-50/IOModule-v0-50/main/hexnet_version.c: In function 'hexnet_firmware_version_string':
C:/Users/nakau/Downloads/IOModule-v0-50/IOModule-v0-50/main/hexnet_version.c:8:5: warning: 'esp_ota_get_app_description' is deprecated: Please use esp_app_get_description instead [-Wdeprecated-declarations]
    8 |     const esp_app_desc_t *app = esp_ota_get_app_description();
      |     ^~~~~
In file included from C:/Users/nakau/Downloads/IOModule-v0-50/IOModule-v0-50/main/hexnet_version.c:4:
C:/Users/nakau/esp/v5.3/esp-idf/components/app_update/include/esp_ota_ops.h:54:23: note: declared here
   54 | const esp_app_desc_t *esp_ota_get_app_description(void) __attribute__((deprecated("Please use esp_app_get_description instead")));
      |                       ^~~~~~~~~~~~~~~~~~~~~~~~~~~
[1331/1348] Building C object esp-idf/main/CMakeFiles/__idf_main.dir/adc_monitor.c.obj
In file included from C:/Users/nakau/Downloads/IOModule-v0-50/IOModule-v0-50/main/adc_monitor.h:4,
                 from C:/Users/nakau/Downloads/IOModule-v0-50/IOModule-v0-50/main/adc_monitor.c:1:
C:/Users/nakau/esp/v5.3/esp-idf/components/esp_adc/deprecated/include/esp_adc_cal.h:17:2: warning: #warning "legacy adc calibration driver is deprecated, please migrate to use esp_adc/adc_cali.h and esp_adc/adc_cali_scheme.h" [-Wcpp]
   17 | #warning "legacy adc calibration driver is deprecated, please migrate to use esp_adc/adc_cali.h and esp_adc/adc_cali_scheme.h"
      |  ^~~~~~~
In file included from C:/Users/nakau/Downloads/IOModule-v0-50/IOModule-v0-50/main/adc_monitor.c:2:
C:/Users/nakau/esp/v5.3/esp-idf/components/driver/deprecated/driver/adc.h:19:2: warning: #warning "legacy adc driver is deprecated, please migrate to use esp_adc/adc_oneshot.h and esp_adc/adc_continuous.h for oneshot mode and continuous mode drivers respectively" [-Wcpp]
   19 | #warning "legacy adc driver is deprecated, please migrate to use esp_adc/adc_oneshot.h and esp_adc/adc_continuous.h for oneshot mode and continuous mode drivers respectively"
      |  ^~~~~~~
C:/Users/nakau/Downloads/IOModule-v0-50/IOModule-v0-50/main/adc_monitor.c: In function 'init_adc1_channels':
C:/Users/nakau/Downloads/IOModule-v0-50/IOModule-v0-50/main/adc_monitor.c:58:5: warning: 'ADC_ATTEN_DB_11' is deprecated [-Wdeprecated-declarations]
   58 |     adc1_config_channel_atten(ADC1_SENSOR_CH0, ADC_ATTEN); // IO4
      |     ^~~~~~~~~~~~~~~~~~~~~~~~~
In file included from C:/Users/nakau/esp/v5.3/esp-idf/components/esp_adc/deprecated/include/esp_adc_cal.h:12:
C:/Users/nakau/esp/v5.3/esp-idf/components/hal/include/hal/adc_types.h:51:5: note: declared here
   51 |     ADC_ATTEN_DB_11 __attribute__((deprecated)) = ADC_ATTEN_DB_12,  ///<This is deprecated, it behaves the same as `ADC_ATTEN_DB_12`
      |     ^~~~~~~~~~~~~~~
C:/Users/nakau/Downloads/IOModule-v0-50/IOModule-v0-50/main/adc_monitor.c:59:5: warning: 'ADC_ATTEN_DB_11' is deprecated [-Wdeprecated-declarations]
   59 |     adc1_config_channel_atten(ADC1_SENSOR_CH1, ADC_ATTEN);  // IO5
      |     ^~~~~~~~~~~~~~~~~~~~~~~~~
C:/Users/nakau/esp/v5.3/esp-idf/components/hal/include/hal/adc_types.h:51:5: note: declared here
   51 |     ADC_ATTEN_DB_11 __attribute__((deprecated)) = ADC_ATTEN_DB_12,  ///<This is deprecated, it behaves the same as `ADC_ATTEN_DB_12`
      |     ^~~~~~~~~~~~~~~
C:/Users/nakau/Downloads/IOModule-v0-50/IOModule-v0-50/main/adc_monitor.c:60:5: warning: 'ADC_ATTEN_DB_11' is deprecated [-Wdeprecated-declarations]
   60 |     esp_adc_cal_characterize(ADC_UNIT_1, ADC_ATTEN, ADC_WIDTH, DEFAULT_VREF, &adc1_chars);
      |     ^~~~~~~~~~~~~~~~~~~~~~~~
C:/Users/nakau/esp/v5.3/esp-idf/components/hal/include/hal/adc_types.h:51:5: note: declared here
   51 |     ADC_ATTEN_DB_11 __attribute__((deprecated)) = ADC_ATTEN_DB_12,  ///<This is deprecated, it behaves the same as `ADC_ATTEN_DB_12`
      |     ^~~~~~~~~~~~~~~
C:/Users/nakau/Downloads/IOModule-v0-50/IOModule-v0-50/main/adc_monitor.c: At top level:
C:/Users/nakau/Downloads/IOModule-v0-50/IOModule-v0-50/main/adc_monitor.c:73:17: warning: 'read_adc2_avg' defined but not used [-Wunused-function]
   73 | static uint32_t read_adc2_avg(adc2_channel_t channel)
      |                 ^~~~~~~~~~~~~
[1332/1348] Building C object esp-idf/main/CMakeFiles/__idf_main.dir/hexnet_shift_register.c.obj
In file included from C:/Users/nakau/Downloads/IOModule-v0-50/IOModule-v0-50/main/hexnet_shift_register.c:6:
C:/Users/nakau/Downloads/IOModule-v0-50/IOModule-v0-50/main/hexnet_bluetooth.h:86:16: warning: 'find_char_and_desr_index' declared 'static' but never defined [-Wunused-function]
   86 | static uint8_t find_char_and_desr_index(uint16_t handle);
      |                ^~~~~~~~~~~~~~~~~~~~~~~~
C:/Users/nakau/Downloads/IOModule-v0-50/IOModule-v0-50/main/hexnet_bluetooth.h:87:13: warning: 'store_wr_buffer' declared 'static' but never defined [-Wunused-function]
   87 | static bool store_wr_buffer(esp_ble_gatts_cb_param_t *p_data);
      |             ^~~~~~~~~~~~~~~
C:/Users/nakau/Downloads/IOModule-v0-50/IOModule-v0-50/main/hexnet_bluetooth.h:88:13: warning: 'free_write_buffer' declared 'static' but never defined [-Wunused-function]
   88 | static void free_write_buffer(void);
      |             ^~~~~~~~~~~~~~~~~
C:/Users/nakau/Downloads/IOModule-v0-50/IOModule-v0-50/main/hexnet_bluetooth.h:89:13: warning: 'process_complete_data' declared 'static' but never defined [-Wunused-function]
   89 | static void process_complete_data(void);
      |             ^~~~~~~~~~~~~~~~~~~~~
C:/Users/nakau/Downloads/IOModule-v0-50/IOModule-v0-50/main/hexnet_bluetooth.h:96:13: warning: 'parse_read_data' declared 'static' but never defined [-Wunused-function]
   96 | static void parse_read_data(cJSON* json);
      |             ^~~~~~~~~~~~~~~
C:/Users/nakau/Downloads/IOModule-v0-50/IOModule-v0-50/main/hexnet_bluetooth.h:99:13: warning: 'parse_configuration_data' declared 'static' but never defined [-Wunused-function]
   99 | static void parse_configuration_data(cJSON* json);
      |             ^~~~~~~~~~~~~~~~~~~~~~~~
C:/Users/nakau/Downloads/IOModule-v0-50/IOModule-v0-50/main/hexnet_bluetooth.h:100:13: warning: 'parse_rules_data' declared 'static' but never defined [-Wunused-function]
  100 | static void parse_rules_data(cJSON* json);
      |             ^~~~~~~~~~~~~~~~
C:/Users/nakau/Downloads/IOModule-v0-50/IOModule-v0-50/main/hexnet_bluetooth.h:114:13: warning: 'gap_event_handler' declared 'static' but never defined [-Wunused-function]
  114 | static void gap_event_handler(esp_gap_ble_cb_event_t event, esp_ble_gap_cb_param_t *param);
      |             ^~~~~~~~~~~~~~~~~
C:/Users/nakau/Downloads/IOModule-v0-50/IOModule-v0-50/main/hexnet_bluetooth.h:115:13: warning: 'gatts_profile_event_handler' declared 'static' but never defined [-Wunused-function]
  115 | static void gatts_profile_event_handler(esp_gatts_cb_event_t event, esp_gatt_if_t gatts_if, esp_ble_gatts_cb_param_t *param);
      |             ^~~~~~~~~~~~~~~~~~~~~~~~~~~
C:/Users/nakau/Downloads/IOModule-v0-50/IOModule-v0-50/main/hexnet_bluetooth.h:116:13: warning: 'gatts_event_handler' declared 'static' but never defined [-Wunused-function]
  116 | static void gatts_event_handler(esp_gatts_cb_event_t event, esp_gatt_if_t gatts_if, esp_ble_gatts_cb_param_t *param);
      |             ^~~~~~~~~~~~~~~~~~~
[1333/1348] Building C object esp-idf/main/CMakeFiles/__idf_main.dir/hexnet_board.c.obj
In file included from C:/Users/nakau/Downloads/IOModule-v0-50/IOModule-v0-50/main/hexnet_board.c:9:
C:/Users/nakau/Downloads/IOModule-v0-50/IOModule-v0-50/main/hexnet_bluetooth.h:86:16: warning: 'find_char_and_desr_index' declared 'static' but never defined [-Wunused-function]
   86 | static uint8_t find_char_and_desr_index(uint16_t handle);
      |                ^~~~~~~~~~~~~~~~~~~~~~~~
C:/Users/nakau/Downloads/IOModule-v0-50/IOModule-v0-50/main/hexnet_bluetooth.h:87:13: warning: 'store_wr_buffer' declared 'static' but never defined [-Wunused-function]
   87 | static bool store_wr_buffer(esp_ble_gatts_cb_param_t *p_data);
      |             ^~~~~~~~~~~~~~~
C:/Users/nakau/Downloads/IOModule-v0-50/IOModule-v0-50/main/hexnet_bluetooth.h:88:13: warning: 'free_write_buffer' declared 'static' but never defined [-Wunused-function]
   88 | static void free_write_buffer(void);
      |             ^~~~~~~~~~~~~~~~~
C:/Users/nakau/Downloads/IOModule-v0-50/IOModule-v0-50/main/hexnet_bluetooth.h:89:13: warning: 'process_complete_data' declared 'static' but never defined [-Wunused-function]
   89 | static void process_complete_data(void);
      |             ^~~~~~~~~~~~~~~~~~~~~
C:/Users/nakau/Downloads/IOModule-v0-50/IOModule-v0-50/main/hexnet_bluetooth.h:96:13: warning: 'parse_read_data' declared 'static' but never defined [-Wunused-function]
   96 | static void parse_read_data(cJSON* json);
      |             ^~~~~~~~~~~~~~~
C:/Users/nakau/Downloads/IOModule-v0-50/IOModule-v0-50/main/hexnet_bluetooth.h:99:13: warning: 'parse_configuration_data' declared 'static' but never defined [-Wunused-function]
   99 | static void parse_configuration_data(cJSON* json);
      |             ^~~~~~~~~~~~~~~~~~~~~~~~
C:/Users/nakau/Downloads/IOModule-v0-50/IOModule-v0-50/main/hexnet_bluetooth.h:100:13: warning: 'parse_rules_data' declared 'static' but never defined [-Wunused-function]
  100 | static void parse_rules_data(cJSON* json);
      |             ^~~~~~~~~~~~~~~~
C:/Users/nakau/Downloads/IOModule-v0-50/IOModule-v0-50/main/hexnet_bluetooth.h:114:13: warning: 'gap_event_handler' declared 'static' but never defined [-Wunused-function]
  114 | static void gap_event_handler(esp_gap_ble_cb_event_t event, esp_ble_gap_cb_param_t *param);
      |             ^~~~~~~~~~~~~~~~~
C:/Users/nakau/Downloads/IOModule-v0-50/IOModule-v0-50/main/hexnet_bluetooth.h:115:13: warning: 'gatts_profile_event_handler' declared 'static' but never defined [-Wunused-function]
  115 | static void gatts_profile_event_handler(esp_gatts_cb_event_t event, esp_gatt_if_t gatts_if, esp_ble_gatts_cb_param_t *param);
      |             ^~~~~~~~~~~~~~~~~~~~~~~~~~~
C:/Users/nakau/Downloads/IOModule-v0-50/IOModule-v0-50/main/hexnet_bluetooth.h:116:13: warning: 'gatts_event_handler' declared 'static' but never defined [-Wunused-function]
  116 | static void gatts_event_handler(esp_gatts_cb_event_t event, esp_gatt_if_t gatts_if, esp_ble_gatts_cb_param_t *param);
      |             ^~~~~~~~~~~~~~~~~~~
[1334/1348] Building C object esp-idf/main/CMakeFiles/__idf_main.dir/hexnet_mqtt.c.obj
In file included from C:/Users/nakau/Downloads/IOModule-v0-50/IOModule-v0-50/main/hexnet_mqtt.c:18:
C:/Users/nakau/Downloads/IOModule-v0-50/IOModule-v0-50/main/hexnet_bluetooth.h:86:16: warning: 'find_char_and_desr_index' declared 'static' but never defined [-Wunused-function]
   86 | static uint8_t find_char_and_desr_index(uint16_t handle);
      |                ^~~~~~~~~~~~~~~~~~~~~~~~
C:/Users/nakau/Downloads/IOModule-v0-50/IOModule-v0-50/main/hexnet_bluetooth.h:87:13: warning: 'store_wr_buffer' declared 'static' but never defined [-Wunused-function]
   87 | static bool store_wr_buffer(esp_ble_gatts_cb_param_t *p_data);
      |             ^~~~~~~~~~~~~~~
C:/Users/nakau/Downloads/IOModule-v0-50/IOModule-v0-50/main/hexnet_bluetooth.h:88:13: warning: 'free_write_buffer' declared 'static' but never defined [-Wunused-function]
   88 | static void free_write_buffer(void);
      |             ^~~~~~~~~~~~~~~~~
C:/Users/nakau/Downloads/IOModule-v0-50/IOModule-v0-50/main/hexnet_bluetooth.h:89:13: warning: 'process_complete_data' declared 'static' but never defined [-Wunused-function]
   89 | static void process_complete_data(void);
      |             ^~~~~~~~~~~~~~~~~~~~~
C:/Users/nakau/Downloads/IOModule-v0-50/IOModule-v0-50/main/hexnet_bluetooth.h:96:13: warning: 'parse_read_data' declared 'static' but never defined [-Wunused-function]
   96 | static void parse_read_data(cJSON* json);
      |             ^~~~~~~~~~~~~~~
C:/Users/nakau/Downloads/IOModule-v0-50/IOModule-v0-50/main/hexnet_bluetooth.h:99:13: warning: 'parse_configuration_data' declared 'static' but never defined [-Wunused-function]
   99 | static void parse_configuration_data(cJSON* json);
      |             ^~~~~~~~~~~~~~~~~~~~~~~~
C:/Users/nakau/Downloads/IOModule-v0-50/IOModule-v0-50/main/hexnet_bluetooth.h:100:13: warning: 'parse_rules_data' declared 'static' but never defined [-Wunused-function]
  100 | static void parse_rules_data(cJSON* json);
      |             ^~~~~~~~~~~~~~~~
C:/Users/nakau/Downloads/IOModule-v0-50/IOModule-v0-50/main/hexnet_bluetooth.h:114:13: warning: 'gap_event_handler' declared 'static' but never defined [-Wunused-function]
  114 | static void gap_event_handler(esp_gap_ble_cb_event_t event, esp_ble_gap_cb_param_t *param);
      |             ^~~~~~~~~~~~~~~~~
C:/Users/nakau/Downloads/IOModule-v0-50/IOModule-v0-50/main/hexnet_bluetooth.h:115:13: warning: 'gatts_profile_event_handler' declared 'static' but never defined [-Wunused-function]
  115 | static void gatts_profile_event_handler(esp_gatts_cb_event_t event, esp_gatt_if_t gatts_if, esp_ble_gatts_cb_param_t *param);
      |             ^~~~~~~~~~~~~~~~~~~~~~~~~~~
C:/Users/nakau/Downloads/IOModule-v0-50/IOModule-v0-50/main/hexnet_bluetooth.h:116:13: warning: 'gatts_event_handler' declared 'static' but never defined [-Wunused-function]
  116 | static void gatts_event_handler(esp_gatts_cb_event_t event, esp_gatt_if_t gatts_if, esp_ble_gatts_cb_param_t *param);
      |             ^~~~~~~~~~~~~~~~~~~
C:/Users/nakau/Downloads/IOModule-v0-50/IOModule-v0-50/main/hexnet_mqtt.c:233:13: warning: 'mqtt_release_client_for_ota' defined but not used [-Wunused-function]
  233 | static void mqtt_release_client_for_ota(void)
      |             ^~~~~~~~~~~~~~~~~~~~~~~~~~~
[1335/1348] Building C object esp-idf/main/CMakeFiles/__idf_main.dir/hexnet_io_profile.c.obj
C:/Users/nakau/Downloads/IOModule-v0-50/IOModule-v0-50/main/hexnet_io_profile.c:7: warning: "LOG_LOCAL_LEVEL" redefined
    7 | #define LOG_LOCAL_LEVEL HEXNET_LOG_LEVEL_OTHER
      | 
In file included from C:/Users/nakau/Downloads/IOModule-v0-50/IOModule-v0-50/main/hexnet_canbus.h:10,
                 from C:/Users/nakau/Downloads/IOModule-v0-50/IOModule-v0-50/main/hexnet_io_profile.c:5:
C:/Users/nakau/esp/v5.3/esp-idf/components/log/include/esp_log.h:179: note: this is the location of the previous definition
  179 | #define LOG_LOCAL_LEVEL  CONFIG_LOG_MAXIMUM_LEVEL
      | 
[1336/1348] Building C object esp-idf/main/CMakeFiles/__idf_main.dir/hexnet_dim_pwm.c.obj
In file included from C:/Users/nakau/Downloads/IOModule-v0-50/IOModule-v0-50/main/hexnet_dim_pwm.c:11:
C:/Users/nakau/Downloads/IOModule-v0-50/IOModule-v0-50/main/hexnet_bluetooth.h:86:16: warning: 'find_char_and_desr_index' declared 'static' but never defined [-Wunused-function]
   86 | static uint8_t find_char_and_desr_index(uint16_t handle);
      |                ^~~~~~~~~~~~~~~~~~~~~~~~
C:/Users/nakau/Downloads/IOModule-v0-50/IOModule-v0-50/main/hexnet_bluetooth.h:87:13: warning: 'store_wr_buffer' declared 'static' but never defined [-Wunused-function]
   87 | static bool store_wr_buffer(esp_ble_gatts_cb_param_t *p_data);
      |             ^~~~~~~~~~~~~~~
C:/Users/nakau/Downloads/IOModule-v0-50/IOModule-v0-50/main/hexnet_bluetooth.h:88:13: warning: 'free_write_buffer' declared 'static' but never defined [-Wunused-function]
   88 | static void free_write_buffer(void);
      |             ^~~~~~~~~~~~~~~~~
C:/Users/nakau/Downloads/IOModule-v0-50/IOModule-v0-50/main/hexnet_bluetooth.h:89:13: warning: 'process_complete_data' declared 'static' but never defined [-Wunused-function]
   89 | static void process_complete_data(void);
      |             ^~~~~~~~~~~~~~~~~~~~~
C:/Users/nakau/Downloads/IOModule-v0-50/IOModule-v0-50/main/hexnet_bluetooth.h:96:13: warning: 'parse_read_data' declared 'static' but never defined [-Wunused-function]
   96 | static void parse_read_data(cJSON* json);
      |             ^~~~~~~~~~~~~~~
C:/Users/nakau/Downloads/IOModule-v0-50/IOModule-v0-50/main/hexnet_bluetooth.h:99:13: warning: 'parse_configuration_data' declared 'static' but never defined [-Wunused-function]
   99 | static void parse_configuration_data(cJSON* json);
      |             ^~~~~~~~~~~~~~~~~~~~~~~~
C:/Users/nakau/Downloads/IOModule-v0-50/IOModule-v0-50/main/hexnet_bluetooth.h:100:13: warning: 'parse_rules_data' declared 'static' but never defined [-Wunused-function]
  100 | static void parse_rules_data(cJSON* json);
      |             ^~~~~~~~~~~~~~~~
C:/Users/nakau/Downloads/IOModule-v0-50/IOModule-v0-50/main/hexnet_bluetooth.h:114:13: warning: 'gap_event_handler' declared 'static' but never defined [-Wunused-function]
  114 | static void gap_event_handler(esp_gap_ble_cb_event_t event, esp_ble_gap_cb_param_t *param);
      |             ^~~~~~~~~~~~~~~~~
C:/Users/nakau/Downloads/IOModule-v0-50/IOModule-v0-50/main/hexnet_bluetooth.h:115:13: warning: 'gatts_profile_event_handler' declared 'static' but never defined [-Wunused-function]
  115 | static void gatts_profile_event_handler(esp_gatts_cb_event_t event, esp_gatt_if_t gatts_if, esp_ble_gatts_cb_param_t *param);
      |             ^~~~~~~~~~~~~~~~~~~~~~~~~~~
C:/Users/nakau/Downloads/IOModule-v0-50/IOModule-v0-50/main/hexnet_bluetooth.h:116:13: warning: 'gatts_event_handler' declared 'static' but never defined [-Wunused-function]
  116 | static void gatts_event_handler(esp_gatts_cb_event_t event, esp_gatt_if_t gatts_if, esp_ble_gatts_cb_param_t *param);
      |             ^~~~~~~~~~~~~~~~~~~
[1337/1348] Building C object esp-idf/main/CMakeFiles/__idf_main.dir/hexnet_rgb_strip.c.obj
In file included from C:/Users/nakau/Downloads/IOModule-v0-50/IOModule-v0-50/main/hexnet_rgb_strip.c:9:
C:/Users/nakau/Downloads/IOModule-v0-50/IOModule-v0-50/main/hexnet_bluetooth.h:86:16: warning: 'find_char_and_desr_index' declared 'static' but never defined [-Wunused-function]
   86 | static uint8_t find_char_and_desr_index(uint16_t handle);
      |                ^~~~~~~~~~~~~~~~~~~~~~~~
C:/Users/nakau/Downloads/IOModule-v0-50/IOModule-v0-50/main/hexnet_bluetooth.h:87:13: warning: 'store_wr_buffer' declared 'static' but never defined [-Wunused-function]
   87 | static bool store_wr_buffer(esp_ble_gatts_cb_param_t *p_data);
      |             ^~~~~~~~~~~~~~~
C:/Users/nakau/Downloads/IOModule-v0-50/IOModule-v0-50/main/hexnet_bluetooth.h:88:13: warning: 'free_write_buffer' declared 'static' but never defined [-Wunused-function]
   88 | static void free_write_buffer(void);
      |             ^~~~~~~~~~~~~~~~~
C:/Users/nakau/Downloads/IOModule-v0-50/IOModule-v0-50/main/hexnet_bluetooth.h:89:13: warning: 'process_complete_data' declared 'static' but never defined [-Wunused-function]
   89 | static void process_complete_data(void);
      |             ^~~~~~~~~~~~~~~~~~~~~
C:/Users/nakau/Downloads/IOModule-v0-50/IOModule-v0-50/main/hexnet_bluetooth.h:96:13: warning: 'parse_read_data' declared 'static' but never defined [-Wunused-function]
   96 | static void parse_read_data(cJSON* json);
      |             ^~~~~~~~~~~~~~~
C:/Users/nakau/Downloads/IOModule-v0-50/IOModule-v0-50/main/hexnet_bluetooth.h:99:13: warning: 'parse_configuration_data' declared 'static' but never defined [-Wunused-function]
   99 | static void parse_configuration_data(cJSON* json);
      |             ^~~~~~~~~~~~~~~~~~~~~~~~
C:/Users/nakau/Downloads/IOModule-v0-50/IOModule-v0-50/main/hexnet_bluetooth.h:100:13: warning: 'parse_rules_data' declared 'static' but never defined [-Wunused-function]
  100 | static void parse_rules_data(cJSON* json);
      |             ^~~~~~~~~~~~~~~~
C:/Users/nakau/Downloads/IOModule-v0-50/IOModule-v0-50/main/hexnet_bluetooth.h:114:13: warning: 'gap_event_handler' declared 'static' but never defined [-Wunused-function]
  114 | static void gap_event_handler(esp_gap_ble_cb_event_t event, esp_ble_gap_cb_param_t *param);
      |             ^~~~~~~~~~~~~~~~~
C:/Users/nakau/Downloads/IOModule-v0-50/IOModule-v0-50/main/hexnet_bluetooth.h:115:13: warning: 'gatts_profile_event_handler' declared 'static' but never defined [-Wunused-function]
  115 | static void gatts_profile_event_handler(esp_gatts_cb_event_t event, esp_gatt_if_t gatts_if, esp_ble_gatts_cb_param_t *param);
      |             ^~~~~~~~~~~~~~~~~~~~~~~~~~~
C:/Users/nakau/Downloads/IOModule-v0-50/IOModule-v0-50/main/hexnet_bluetooth.h:116:13: warning: 'gatts_event_handler' declared 'static' but never defined [-Wunused-function]
  116 | static void gatts_event_handler(esp_gatts_cb_event_t event, esp_gatt_if_t gatts_if, esp_ble_gatts_cb_param_t *param);
      |             ^~~~~~~~~~~~~~~~~~~
[1338/1348] Building C object esp-idf/main/CMakeFiles/__idf_main.dir/hexnet_sensors.c.obj
C:/Users/nakau/Downloads/IOModule-v0-50/IOModule-v0-50/main/hexnet_sensors.c: In function 'hexnet_dht_task':
C:/Users/nakau/Downloads/IOModule-v0-50/IOModule-v0-50/main/hexnet_sensors.c:187:15: warning: unused variable 'hum1' [-Wunused-variable]
[1339/1348] Building C object esp-idf/main/CMakeFiles/__idf_main.dir/hexnet_app.c.obj
In file included from C:/Users/nakau/Downloads/IOModule-v0-50/IOModule-v0-50/main/adc_monitor.h:4,
                 from C:/Users/nakau/Downloads/IOModule-v0-50/IOModule-v0-50/main/hexnet_app.c:5:
C:/Users/nakau/esp/v5.3/esp-idf/components/esp_adc/deprecated/include/esp_adc_cal.h:17:2: warning: #warning "legacy adc calibration driver is deprecated, please migrate to use esp_adc/adc_cali.h and esp_adc/adc_cali_scheme.h" [-Wcpp]
   17 | #warning "legacy adc calibration driver is deprecated, please migrate to use esp_adc/adc_cali.h and esp_adc/adc_cali_scheme.h"
      |  ^~~~~~~
In file included from C:/Users/nakau/Downloads/IOModule-v0-50/IOModule-v0-50/main/hexnet_app.c:17:
C:/Users/nakau/Downloads/IOModule-v0-50/IOModule-v0-50/main/hexnet_bluetooth.h:86:16: warning: 'find_char_and_desr_index' declared 'static' but never defined [-Wunused-function]
   86 | static uint8_t find_char_and_desr_index(uint16_t handle);
      |                ^~~~~~~~~~~~~~~~~~~~~~~~
C:/Users/nakau/Downloads/IOModule-v0-50/IOModule-v0-50/main/hexnet_bluetooth.h:87:13: warning: 'store_wr_buffer' declared 'static' but never defined [-Wunused-function]
   87 | static bool store_wr_buffer(esp_ble_gatts_cb_param_t *p_data);
      |             ^~~~~~~~~~~~~~~
C:/Users/nakau/Downloads/IOModule-v0-50/IOModule-v0-50/main/hexnet_bluetooth.h:88:13: warning: 'free_write_buffer' declared 'static' but never defined [-Wunused-function]
   88 | static void free_write_buffer(void);
      |             ^~~~~~~~~~~~~~~~~
C:/Users/nakau/Downloads/IOModule-v0-50/IOModule-v0-50/main/hexnet_bluetooth.h:89:13: warning: 'process_complete_data' declared 'static' but never defined [-Wunused-function]
   89 | static void process_complete_data(void);
      |             ^~~~~~~~~~~~~~~~~~~~~
C:/Users/nakau/Downloads/IOModule-v0-50/IOModule-v0-50/main/hexnet_bluetooth.h:96:13: warning: 'parse_read_data' declared 'static' but never defined [-Wunused-function]
   96 | static void parse_read_data(cJSON* json);
      |             ^~~~~~~~~~~~~~~
C:/Users/nakau/Downloads/IOModule-v0-50/IOModule-v0-50/main/hexnet_bluetooth.h:99:13: warning: 'parse_configuration_data' declared 'static' but never defined [-Wunused-function]
   99 | static void parse_configuration_data(cJSON* json);
      |             ^~~~~~~~~~~~~~~~~~~~~~~~
C:/Users/nakau/Downloads/IOModule-v0-50/IOModule-v0-50/main/hexnet_bluetooth.h:100:13: warning: 'parse_rules_data' declared 'static' but never defined [-Wunused-function]
  100 | static void parse_rules_data(cJSON* json);
      |             ^~~~~~~~~~~~~~~~
C:/Users/nakau/Downloads/IOModule-v0-50/IOModule-v0-50/main/hexnet_bluetooth.h:114:13: warning: 'gap_event_handler' declared 'static' but never defined [-Wunused-function]
  114 | static void gap_event_handler(esp_gap_ble_cb_event_t event, esp_ble_gap_cb_param_t *param);
      |             ^~~~~~~~~~~~~~~~~
C:/Users/nakau/Downloads/IOModule-v0-50/IOModule-v0-50/main/hexnet_bluetooth.h:115:13: warning: 'gatts_profile_event_handler' declared 'static' but never defined [-Wunused-function]
  115 | static void gatts_profile_event_handler(esp_gatts_cb_event_t event, esp_gatt_if_t gatts_if, esp_ble_gatts_cb_param_t *param);
      |             ^~~~~~~~~~~~~~~~~~~~~~~~~~~
C:/Users/nakau/Downloads/IOModule-v0-50/IOModule-v0-50/main/hexnet_bluetooth.h:116:13: warning: 'gatts_event_handler' declared 'static' but never defined [-Wunused-function]
  116 | static void gatts_event_handler(esp_gatts_cb_event_t event, esp_gatt_if_t gatts_if, esp_ble_gatts_cb_param_t *param);
      |             ^~~~~~~~~~~~~~~~~~~
[1340/1348] Building C object esp-idf/main/CMakeFiles/__idf_main.dir/app_main.c.obj
[1341/1348] Building ASM object esp-idf/main/CMakeFiles/__idf_main.dir/__/__/hexnet_logo.png.S.obj
[1342/1348] Building CXX object esp-idf/main/CMakeFiles/__idf_main.dir/UserCodes/Ota/OtaManager.cpp.obj
[1343/1348] Linking C static library esp-idf\main\libmain.a
[1344/1348] Generating ld/sections.ld
info: INFO: Symbol IDF_TARGET_LINUX defined in multiple locations (see below). Please check if this is a correct behavior or a random name match:
    C:\Users\nakau\esp\v5.3\esp-idf\Kconfig:162
    C:\Users\nakau\esp\v5.3\esp-idf\Kconfig:78
[1345/1348] Building C object CMakeFiles/mqtt_tcp_custom_outbox.elf.dir/project_elf_src_esp32s3.c.obj
[1346/1348] Linking CXX executable mqtt_tcp_custom_outbox.elf
FAILED: mqtt_tcp_custom_outbox.elf 
cmd.exe /C "cd . && C:\Users\nakau\.espressif\tools\xtensa-esp-elf\esp-13.2.0_20240530\xtensa-esp-elf\bin\xtensa-esp32s3-elf-g++.exe -mlongcalls  -fno-builtin-memcpy -fno-builtin-memset -fno-builtin-bzero -fno-builtin-stpcpy -fno-builtin-strncpy -Wl,--cref -Wl,--defsym=IDF_TARGET_ESP32S3=0 -Wl,--Map=C:/Users/nakau/Downloads/IOModule-v0-50/IOModule-v0-50/build/mqtt_tcp_custom_outbox.map -Wl,--no-warn-rwx-segments -fno-rtti -fno-lto -Wl,--gc-sections -Wl,--warn-common -T esp32s3.peripherals.ld -T esp32s3.rom.ld -T esp32s3.rom.api.ld -T esp32s3.rom.libgcc.ld -T esp32s3.rom.wdt.ld -T esp32s3.rom.version.ld -T esp32s3.rom.newlib.ld -T memory.ld -T sections.ld @CMakeFiles\mqtt_tcp_custom_outbox.elf.rsp -o mqtt_tcp_custom_outbox.elf  && cmd.exe /C "cd /D C:\Users\nakau\Downloads\IOModule-v0-50\IOModule-v0-50\build && C:\Users\nakau\.espressif\tools\cmake\3.24.0\bin\cmake.exe -E copy_if_different C:/Users/nakau/Downloads/IOModule-v0-50/IOModule-v0-50/build/mqtt_tcp_custom_outbox.bin C:/Users/nakau/Downloads/IOModule-v0-50/IOModule-v0-50/build/vango_medium_v0_50.bin""
Error copying file (if different) from "C:/Users/nakau/Downloads/IOModule-v0-50/IOModule-v0-50/build/mqtt_tcp_custom_outbox.bin" to "C:/Users/nakau/Downloads/IOModule-v0-50/IOModule-v0-50/build/vango_medium_v0_50.bin".
ninja: build stopped: subcommand failed.
